2022-07-22 18:25:51
MPI startup(): Warning: I_MPI_PMI_LIBRARY will be ignored since the hydra process manager was found
MPI startup(): Warning: I_MPI_PMI_LIBRARY will be ignored since the hydra process manager was found
MPI startup(): Warning: I_MPI_PMI_LIBRARY will be ignored since the hydra process manager was found
MPI startup(): Warning: I_MPI_PMI_LIBRARY will be ignored since the hydra process manager was found
  Beginning Test, file ESMF_InfoGetInterfaceArrayUTest.F90, line 61
  Beginning Test, file ESMF_InfoGetInterfaceArrayUTest.F90, line 61
  NUMBER_OF_PROCESSORS           4
  Beginning Test, file ESMF_InfoGetInterfaceArrayUTest.F90, line 61
  NUMBER_OF_PROCESSORS           4
  Beginning Test, file ESMF_InfoGetInterfaceArrayUTest.F90, line 61
  NUMBER_OF_PROCESSORS           4
  NUMBER_OF_PROCESSORS           4
  PASS  Get and manipulate an Array attribute, ESMF_InfoGetInterfaceArrayUTest.F
 90, line 117
  PASS  Deleting a host object and using a handle/view, ESMF_InfoGetInterfaceArr
 ayUTest.F90, line 142
  Ending Test, file ESMF_InfoGetInterfaceArrayUTest.F90, line 149
  PASS  Get and manipulate an Array attribute, ESMF_InfoGetInterfaceArrayUTest.F
 90, line 117
  PASS  Get and manipulate an Array attribute, ESMF_InfoGetInterfaceArrayUTest.F
 90, line 117
  PASS  Deleting a host object and using a handle/view, ESMF_InfoGetInterfaceArr
 ayUTest.F90, line 142
  Ending Test, file ESMF_InfoGetInterfaceArrayUTest.F90, line 149
  PASS  Deleting a host object and using a handle/view, ESMF_InfoGetInterfaceArr
 ayUTest.F90, line 142
  Ending Test, file ESMF_InfoGetInterfaceArrayUTest.F90, line 149
  PASS  Get and manipulate an Array attribute, ESMF_InfoGetInterfaceArrayUTest.F
 90, line 117
  PASS  Deleting a host object and using a handle/view, ESMF_InfoGetInterfaceArr
 ayUTest.F90, line 142
  Ending Test, file ESMF_InfoGetInterfaceArrayUTest.F90, line 149
  PET           2  Test Elapsed Time    14.2900000000000       msec.
  PET           0  Test Elapsed Time    14.1590000000000       msec.
  PET           1  Test Elapsed Time    14.2490000000000       msec.
  PET           3  Test Elapsed Time    14.3690000000000       msec.
