2022-07-18 15:34:47
Beginning Test, file ESMC_FieldSMMFromFileUTest.C, line 41
Beginning Test, file ESMC_FieldSMMFromFileUTest.C, line 41NUMBER_OF_PROCESSORS 1
/scratch/cluster/dunlap/esmf-test-dev/pgi_20.1_mpiuni_O_v8.4.0b03/esmf/src/Infrastructure/stubs/mpiuni/mpirun: line 43: 251726 Segmentation fault      (core dumped) $progname $*
