2022-07-20 00:34:47
MPI startup(): Warning: I_MPI_PMI_LIBRARY will be ignored since the hydra process manager was found
MPI startup(): Warning: I_MPI_PMI_LIBRARY will be ignored since the hydra process manager was found
MPI startup(): Warning: I_MPI_PMI_LIBRARY will be ignored since the hydra process manager was found
MPI startup(): Warning: I_MPI_PMI_LIBRARY will be ignored since the hydra process manager was found
  Beginning Test, file ESMF_VMAccUTest.F90, line 52
  NUMBER_OF_PROCESSORS           4
  PASS  Test getting the number of accelerator devices, ESMF_VMAccUTest.F90, lin
 e 72
  Ending Test, file ESMF_VMAccUTest.F90, line 76
  Beginning Test, file ESMF_VMAccUTest.F90, line 52
  NUMBER_OF_PROCESSORS           4
  Beginning Test, file ESMF_VMAccUTest.F90, line 52
  NUMBER_OF_PROCESSORS           4
  PASS  Test getting the number of accelerator devices, ESMF_VMAccUTest.F90, lin
 e 72
  PASS  Test getting the number of accelerator devices, ESMF_VMAccUTest.F90, lin
  Ending Test, file ESMF_VMAccUTest.F90, line 76
 e 72
  Ending Test, file ESMF_VMAccUTest.F90, line 76
  Beginning Test, file ESMF_VMAccUTest.F90, line 52
  NUMBER_OF_PROCESSORS           4
  PASS  Test getting the number of accelerator devices, ESMF_VMAccUTest.F90, lin
 e 72
  Ending Test, file ESMF_VMAccUTest.F90, line 76
  PET           1  Test Elapsed Time    43.3310000000000       msec.
  PET           2  Test Elapsed Time    44.8000000000000       msec.
  PET           3  Test Elapsed Time    43.9240000000000       msec.
  PET           0  Test Elapsed Time    54.9060000000000       msec.
