2022-07-20 00:34:47
MPI startup(): Warning: I_MPI_PMI_LIBRARY will be ignored since the hydra process manager was found
MPI startup(): Warning: I_MPI_PMI_LIBRARY will be ignored since the hydra process manager was found
MPI startup(): Warning: I_MPI_PMI_LIBRARY will be ignored since the hydra process manager was found
MPI startup(): Warning: I_MPI_PMI_LIBRARY will be ignored since the hydra process manager was found
  Beginning Test, file ESMF_VMSendRecvNbUTest.F90, line 85
  Beginning Test, file ESMF_VMSendRecvNbUTest.F90, line 85
  NUMBER_OF_PROCESSORS           4
  Beginning Test, file ESMF_VMSendRecvNbUTest.F90, line 85
  NUMBER_OF_PROCESSORS           4
  PASS  SendRecvNb local I4 data Test, ESMF_VMSendRecvNbUTest.F90, line 170
  PASS  SendRecvNb local I4 data Test, ESMF_VMSendRecvNbUTest.F90, line 170
  PASS  SendRecvNb local R4 data Test, ESMF_VMSendRecvNbUTest.F90, line 181
  PASS  SendRecvNb local R8 data Test, ESMF_VMSendRecvNbUTest.F90, line 192
  PASS  SendRecvNb local R4 data Test, ESMF_VMSendRecvNbUTest.F90, line 181
  PASS  SendRecvNb local LOGICAL data Test, ESMF_VMSendRecvNbUTest.F90, line 203
  PASS  SendRecvNb local R8 data Test, ESMF_VMSendRecvNbUTest.F90, line 192
  PASS  SendRecvNb local LOGICAL data Test, ESMF_VMSendRecvNbUTest.F90, line 203
  PASS  Waiting for I4 SendRecvNb, ESMF_VMSendRecvNbUTest.F90, line 214
           2  After rcv i_recvData is          101         102 ( should be 
         101         102  )
  PASS  Verify local I4 data after receive Test, ESMF_VMSendRecvNbUTest.F90, lin
 e 225
  PASS  Waiting for R4 SendRecvNb, ESMF_VMSendRecvNbUTest.F90, line 235
           2 After recv r4_recvData is    101.0000       102.0000     
 ( should be    101.0000       102.0000      )
  PASS  Verify local R4 data after receive Test, ESMF_VMSendRecvNbUTest.F90, lin
 e 247
  PASS  Waiting for R8 SendRecvNb, ESMF_VMSendRecvNbUTest.F90, line 257
           2 After recv r8_recvData is    101.000000000000     
   102.000000000000      ( Should be    101.000000000000     
   102.000000000000       )
  PASS  Verify local R8 data after receive Test, ESMF_VMSendRecvNbUTest.F90, lin
 e 269
  PASS  Waiting for LOGICAL SendRecvNb, ESMF_VMSendRecvNbUTest.F90, line 279
           2 After recv: Recv_Logical(1) is True
           2 After recv: Recv_Logical(2) is False
           2 After recv: Logical_soln(1) is True
           2 After recv: logical_soln(2) is False
  PASS  Verify local LOGICAL data after receive Test, ESMF_VMSendRecvNbUTest.F90
 , line 300
  PASS  SendRecvNb local I4 data Test, ESMF_VMSendRecvNbUTest.F90, line 343
  PASS  SendRecvNb local R4 data Test, ESMF_VMSendRecvNbUTest.F90, line 354
  PASS  SendRecvNb local R8 data Test, ESMF_VMSendRecvNbUTest.F90, line 365
  PASS  SendRecvNb local LOGICAL data Test, ESMF_VMSendRecvNbUTest.F90, line 376
  Beginning Test, file ESMF_VMSendRecvNbUTest.F90, line 85
  NUMBER_OF_PROCESSORS           4
  PASS  SendRecvNb local I4 data Test, ESMF_VMSendRecvNbUTest.F90, line 170
  PASS  SendRecvNb local R4 data Test, ESMF_VMSendRecvNbUTest.F90, line 181
  PASS  SendRecvNb local R8 data Test, ESMF_VMSendRecvNbUTest.F90, line 192
  PASS  SendRecvNb local LOGICAL data Test, ESMF_VMSendRecvNbUTest.F90, line 203
  PASS  Waiting for I4 SendRecvNb, ESMF_VMSendRecvNbUTest.F90, line 214
           3  After rcv i_recvData is          201         202 ( should be 
         201         202  )
  PASS  Verify local I4 data after receive Test, ESMF_VMSendRecvNbUTest.F90, lin
 e 225
  PASS  Waiting for R4 SendRecvNb, ESMF_VMSendRecvNbUTest.F90, line 235
           3 After recv r4_recvData is    201.0000       202.0000     
 ( should be    201.0000       202.0000      )
  PASS  Verify local R4 data after receive Test, ESMF_VMSendRecvNbUTest.F90, lin
 e 247
  PASS  Waiting for R8 SendRecvNb, ESMF_VMSendRecvNbUTest.F90, line 257
           3 After recv r8_recvData is    201.000000000000     
   202.000000000000      ( Should be    201.000000000000     
   202.000000000000       )
  PASS  Verify local R8 data after receive Test, ESMF_VMSendRecvNbUTest.F90, lin
 e 269
  PASS  Waiting for LOGICAL SendRecvNb, ESMF_VMSendRecvNbUTest.F90, line 279
  NUMBER_OF_PROCESSORS           4
           3 After recv: Recv_Logical(1) is False
           3 After recv: Recv_Logical(2) is True
           3 After recv: Logical_soln(1) is False
           3 After recv: logical_soln(2) is True
  PASS  SendRecvNb local I4 data Test, ESMF_VMSendRecvNbUTest.F90, line 170
  PASS  Verify local LOGICAL data after receive Test, ESMF_VMSendRecvNbUTest.F90
  PASS  SendRecvNb local R4 data Test, ESMF_VMSendRecvNbUTest.F90, line 181
 , line 300
  PASS  SendRecvNb local R8 data Test, ESMF_VMSendRecvNbUTest.F90, line 192
  PASS  SendRecvNb local LOGICAL data Test, ESMF_VMSendRecvNbUTest.F90, line 203
  PASS  SendRecvNb local I4 data Test, ESMF_VMSendRecvNbUTest.F90, line 343
  PASS  Waiting for I4 SendRecvNb, ESMF_VMSendRecvNbUTest.F90, line 214
  PASS  SendRecvNb local R4 data Test, ESMF_VMSendRecvNbUTest.F90, line 354
           0  After rcv i_recvData is          301         302 ( should be 
         301         302  )
  PASS  SendRecvNb local R8 data Test, ESMF_VMSendRecvNbUTest.F90, line 365
  PASS  Verify local I4 data after receive Test, ESMF_VMSendRecvNbUTest.F90, lin
  PASS  SendRecvNb local LOGICAL data Test, ESMF_VMSendRecvNbUTest.F90, line 376
 e 225
  PASS  Waiting for R4 SendRecvNb, ESMF_VMSendRecvNbUTest.F90, line 235
           0 After recv r4_recvData is    301.0000       302.0000     
 ( should be    301.0000       302.0000      )
  PASS  Verify local R4 data after receive Test, ESMF_VMSendRecvNbUTest.F90, lin
 e 247
  PASS  Waiting for R8 SendRecvNb, ESMF_VMSendRecvNbUTest.F90, line 257
           0 After recv r8_recvData is    301.000000000000     
   302.000000000000      ( Should be    301.000000000000     
   302.000000000000       )
  PASS  Verify local R8 data after receive Test, ESMF_VMSendRecvNbUTest.F90, lin
 e 269
  PASS  Waiting for LOGICAL SendRecvNb, ESMF_VMSendRecvNbUTest.F90, line 279
           0 After recv: Recv_Logical(1) is True
           0 After recv: Recv_Logical(2) is False
           0 After recv: Logical_soln(1) is True
           0 After recv: logical_soln(2) is False
  PASS  Verify local LOGICAL data after receive Test, ESMF_VMSendRecvNbUTest.F90
 , line 300
  PASS  SendRecvNb local I4 data Test, ESMF_VMSendRecvNbUTest.F90, line 343
  PASS  SendRecvNb local R4 data Test, ESMF_VMSendRecvNbUTest.F90, line 354
  PASS  SendRecvNb local R8 data Test, ESMF_VMSendRecvNbUTest.F90, line 365
  PASS  SendRecvNb local LOGICAL data Test, ESMF_VMSendRecvNbUTest.F90, line 376
  PASS  Waiting for all queued non-blocking comms in VM, ESMF_VMSendRecvNbUTest.
 F90, line 387
           0  After rcv i_recvData is          201         202 ( should be 
         201         202  )
  PASS  Verify local I4 data after receive Test, ESMF_VMSendRecvNbUTest.F90, lin
 e 401
           0 After recv r4_recvData is    201.0000       202.0000     
 ( should be    201.0000       202.0000      )
  PASS  Verify local R4 data after receive Test, ESMF_VMSendRecvNbUTest.F90, lin
 e 415
           0 After recv r8_recvData is    201.000000000000     
   202.000000000000      ( Should be    201.000000000000     
   202.000000000000       )
  PASS  Verify local R8 data after receive Test, ESMF_VMSendRecvNbUTest.F90, lin
 e 429
           0 After recv: Recv_Logical(1) is False
           0 After recv: Recv_Logical(2) is True
           0 After recv: Logical_soln(1) is False
           0 After recv: logical_soln(2) is True
  PASS  Verify local LOGICAL data after receive Test, ESMF_VMSendRecvNbUTest.F90
 , line 452
  Ending Test, file ESMF_VMSendRecvNbUTest.F90, line 469
  PASS  Waiting for I4 SendRecvNb, ESMF_VMSendRecvNbUTest.F90, line 214
           1  After rcv i_recvData is            1           2 ( should be 
           1           2  )
  PASS  Verify local I4 data after receive Test, ESMF_VMSendRecvNbUTest.F90, lin
 e 225
  PASS  Waiting for R4 SendRecvNb, ESMF_VMSendRecvNbUTest.F90, line 235
           1 After recv r4_recvData is    1.000000       2.000000     
 ( should be    1.000000       2.000000      )
  PASS  Verify local R4 data after receive Test, ESMF_VMSendRecvNbUTest.F90, lin
 e 247
  PASS  Waiting for R8 SendRecvNb, ESMF_VMSendRecvNbUTest.F90, line 257
           1 After recv r8_recvData is    1.00000000000000     
   2.00000000000000      ( Should be    1.00000000000000     
   2.00000000000000       )
  PASS  Verify local R8 data after receive Test, ESMF_VMSendRecvNbUTest.F90, lin
 e 269
  PASS  Waiting for LOGICAL SendRecvNb, ESMF_VMSendRecvNbUTest.F90, line 279
           1 After recv: Recv_Logical(1) is False
           1 After recv: Recv_Logical(2) is True
           1 After recv: Logical_soln(1) is False
           1 After recv: logical_soln(2) is True
  PASS  Verify local LOGICAL data after receive Test, ESMF_VMSendRecvNbUTest.F90
 , line 300
  PASS  SendRecvNb local I4 data Test, ESMF_VMSendRecvNbUTest.F90, line 343
  PASS  SendRecvNb local R4 data Test, ESMF_VMSendRecvNbUTest.F90, line 354
  PASS  SendRecvNb local R8 data Test, ESMF_VMSendRecvNbUTest.F90, line 365
  PASS  SendRecvNb local LOGICAL data Test, ESMF_VMSendRecvNbUTest.F90, line 376
  PASS  Waiting for all queued non-blocking comms in VM, ESMF_VMSendRecvNbUTest.
 F90, line 387
           1  After rcv i_recvData is          301         302 ( should be 
         301         302  )
  PASS  Verify local I4 data after receive Test, ESMF_VMSendRecvNbUTest.F90, lin
 e 401
           1 After recv r4_recvData is    301.0000       302.0000     
 ( should be    301.0000       302.0000      )
  PASS  Verify local R4 data after receive Test, ESMF_VMSendRecvNbUTest.F90, lin
 e 415
           1 After recv r8_recvData is    301.000000000000     
   302.000000000000      ( Should be    301.000000000000     
   302.000000000000       )
  PASS  Verify local R8 data after receive Test, ESMF_VMSendRecvNbUTest.F90, lin
 e 429
           1 After recv: Recv_Logical(1) is True
           1 After recv: Recv_Logical(2) is False
           1 After recv: Logical_soln(1) is True
           1 After recv: logical_soln(2) is False
  PASS  Verify local LOGICAL data after receive Test, ESMF_VMSendRecvNbUTest.F90
 , line 452
  Ending Test, file ESMF_VMSendRecvNbUTest.F90, line 469
  PASS  Waiting for all queued non-blocking comms in VM, ESMF_VMSendRecvNbUTest.
 F90, line 387
           2  After rcv i_recvData is            1           2 ( should be 
           1           2  )
  PASS  Verify local I4 data after receive Test, ESMF_VMSendRecvNbUTest.F90, lin
 e 401
           2 After recv r4_recvData is    1.000000       2.000000     
 ( should be    1.000000       2.000000      )
  PASS  Verify local R4 data after receive Test, ESMF_VMSendRecvNbUTest.F90, lin
 e 415
           2 After recv r8_recvData is    1.00000000000000     
   2.00000000000000      ( Should be    1.00000000000000     
   2.00000000000000       )
  PASS  Verify local R8 data after receive Test, ESMF_VMSendRecvNbUTest.F90, lin
 e 429
           2 After recv: Recv_Logical(1) is False
           2 After recv: Recv_Logical(2) is True
           2 After recv: Logical_soln(1) is False
           2 After recv: logical_soln(2) is True
  PASS  Verify local LOGICAL data after receive Test, ESMF_VMSendRecvNbUTest.F90
 , line 452
  Ending Test, file ESMF_VMSendRecvNbUTest.F90, line 469
  PASS  Waiting for all queued non-blocking comms in VM, ESMF_VMSendRecvNbUTest.
 F90, line 387
           3  After rcv i_recvData is          101         102 ( should be 
         101         102  )
  PASS  Verify local I4 data after receive Test, ESMF_VMSendRecvNbUTest.F90, lin
 e 401
           3 After recv r4_recvData is    101.0000       102.0000     
 ( should be    101.0000       102.0000      )
  PASS  Verify local R4 data after receive Test, ESMF_VMSendRecvNbUTest.F90, lin
 e 415
           3 After recv r8_recvData is    101.000000000000     
   102.000000000000      ( Should be    101.000000000000     
   102.000000000000       )
  PASS  Verify local R8 data after receive Test, ESMF_VMSendRecvNbUTest.F90, lin
 e 429
           3 After recv: Recv_Logical(1) is True
           3 After recv: Recv_Logical(2) is False
           3 After recv: Logical_soln(1) is True
           3 After recv: logical_soln(2) is False
  PASS  Verify local LOGICAL data after receive Test, ESMF_VMSendRecvNbUTest.F90
 , line 452
  Ending Test, file ESMF_VMSendRecvNbUTest.F90, line 469
  PET           3  Test Elapsed Time    43.7380000000001       msec.
  PET           2  Test Elapsed Time    44.1610000000000       msec.
  PET           1  Test Elapsed Time    52.8270000000000       msec.
  PET           0  Test Elapsed Time    52.7839999999999       msec.
