2022-07-20 23:24:30
  Beginning Test, file ESMF_ArrayGatherUTest.F90, line 54
  NUMBER_OF_PROCESSORS           4
  Beginning Test, file ESMF_ArrayGatherUTest.F90, line 54
  NUMBER_OF_PROCESSORS           4
  Beginning Test, file ESMF_ArrayGatherUTest.F90, line 54
  NUMBER_OF_PROCESSORS           4
  Beginning Test, file ESMF_ArrayGatherUTest.F90, line 54
  NUMBER_OF_PROCESSORS           4
  PASS  ArrayGather 1d test, contiguous Array, ESMF_ArrayGatherUTest.F90, line 68
  PASS  ArrayGather 1d test, contiguous Array, ESMF_ArrayGatherUTest.F90, line 68
  PASS  ArrayGather 1d test, contiguous Array, ESMF_ArrayGatherUTest.F90, line 68
  PASS  ArrayGather 1d test, contiguous Array, ESMF_ArrayGatherUTest.F90, line 68
  PASS  ArrayGather 1d test, non-contiguous Array, ESMF_ArrayGatherUTest.F90, line 77
  PASS  ArrayGather 1d test, non-contiguous Array, ESMF_ArrayGatherUTest.F90, line 77
  PASS  ArrayGather 1d test, non-contiguous Array, ESMF_ArrayGatherUTest.F90, line 77
  PASS  ArrayGather 1d test, non-contiguous Array, ESMF_ArrayGatherUTest.F90, line 77
  PASS  ArrayGather 1d test, contiguous Array, deBlockList DistGrid, ESMF_ArrayGatherUTest.F90, line 86
  PASS  ArrayGather 1d test, contiguous Array, deBlockList DistGrid, ESMF_ArrayGatherUTest.F90, line 86
  PASS  ArrayGather 1d test, non-contiguous Array, deBlockList DistGrid, ESMF_ArrayGatherUTest.F90, line 95
  PASS  ArrayGather 1d test, contiguous Array, deBlockList DistGrid, ESMF_ArrayGatherUTest.F90, line 86
  PASS  ArrayGather 1d test, non-contiguous Array, deBlockList DistGrid, ESMF_ArrayGatherUTest.F90, line 95
  PASS  ArrayGather 1d test, contiguous Array, deBlockList DistGrid, ESMF_ArrayGatherUTest.F90, line 86
  PASS  ArrayGather 1d test, non-contiguous Array, deBlockList DistGrid, ESMF_ArrayGatherUTest.F90, line 95
  PASS  ArrayGather 1d test, non-contiguous Array, deBlockList DistGrid, ESMF_ArrayGatherUTest.F90, line 95
  PASS  ArrayGather 2d test, contiguous Array, ESMF_ArrayGatherUTest.F90, line 103
  PASS  ArrayGather 2d test, contiguous Array, ESMF_ArrayGatherUTest.F90, line 103
  PASS  ArrayGather 2d test, contiguous Array, ESMF_ArrayGatherUTest.F90, line 103
  PASS  ArrayGather 2d test, contiguous Array, ESMF_ArrayGatherUTest.F90, line 103
  PASS  ArrayGather 2d test, non-contiguous Array, ESMF_ArrayGatherUTest.F90, line 111
  PASS  ArrayGather 2d test, non-contiguous Array, ESMF_ArrayGatherUTest.F90, line 111
  PASS  ArrayGather 2d test, non-contiguous Array, ESMF_ArrayGatherUTest.F90, line 111
  PASS  ArrayGather 2d test, non-contiguous Array, ESMF_ArrayGatherUTest.F90, line 111
  PASS  ArrayGather 3d test, contiguous Array, ESMF_ArrayGatherUTest.F90, line 119
  PASS  ArrayGather 3d test, contiguous Array, ESMF_ArrayGatherUTest.F90, line 119
  PASS  ArrayGather 3d test, contiguous Array, ESMF_ArrayGatherUTest.F90, line 119
  PASS  ArrayGather 3d test, contiguous Array, ESMF_ArrayGatherUTest.F90, line 119
  PASS  ArrayGather 3d test, non-contiguous Array, ESMF_ArrayGatherUTest.F90, line 127
  Ending Test, file ESMF_ArrayGatherUTest.F90, line 129
  PASS  ArrayGather 3d test, non-contiguous Array, ESMF_ArrayGatherUTest.F90, line 127
  Ending Test, file ESMF_ArrayGatherUTest.F90, line 129
  PASS  ArrayGather 3d test, non-contiguous Array, ESMF_ArrayGatherUTest.F90, line 127
  Ending Test, file ESMF_ArrayGatherUTest.F90, line 129
  PASS  ArrayGather 3d test, non-contiguous Array, ESMF_ArrayGatherUTest.F90, line 127
  Ending Test, file ESMF_ArrayGatherUTest.F90, line 129
  PET           2  Test Elapsed Time    18.894999999999996       msec.
  PET           3  Test Elapsed Time    19.074000000000009       msec.
  PET           0  Test Elapsed Time    18.950999999999997       msec.
  PET           1  Test Elapsed Time    19.093000000000000       msec.
