2022-07-21 23:25:21
Beginning Test, file ESMC_TimeIntervalUTest.C, line 48
Beginning Test, file ESMC_TimeIntervalUTest.C, line 48NUMBER_OF_PROCESSORS 4
Beginning Test, file ESMC_TimeIntervalUTest.C, line 48
Beginning Test, file ESMC_TimeIntervalUTest.C, line 48NUMBER_OF_PROCESSORS 4
PASS Set a TimeInterval, ESMC_TimeIntervalUTest.C, line 57
TimeInterval ---------------------------
P0Y0M0DT1H0M0S
end TimeInterval -----------------------

PASS Set a TimeInterval, ESMC_TimeIntervalUTest.C, line 57
TimeInterval ---------------------------
PASS Print ESMC_TimeInterval object, ESMC_TimeIntervalUTest.C, line 65
P0Y0M0DT1H0M0S
end TimeInterval -----------------------

PASS Get a TimeInterval, ESMC_TimeIntervalUTest.C, line 73
PASS Check that hour parameter is returned correctly, ESMC_TimeIntervalUTest.C, line 83
PASS Print ESMC_TimeInterval object, ESMC_TimeIntervalUTest.C, line 65
PASS Get a TimeInterval, ESMC_TimeIntervalUTest.C, line 73
PASS Check that the integer sec. parameter is returned correctly, ESMC_TimeIntervalUTest.C, line 90
PASS Check that hour parameter is returned correctly, ESMC_TimeIntervalUTest.C, line 83
Ending Test, file ESMC_TimeIntervalUTest.C, line 96
PASS Check that the integer sec. parameter is returned correctly, ESMC_TimeIntervalUTest.C, line 90
Ending Test, file ESMC_TimeIntervalUTest.C, line 96
Beginning Test, file ESMC_TimeIntervalUTest.C, line 48
Beginning Test, file ESMC_TimeIntervalUTest.C, line 48NUMBER_OF_PROCESSORS 4
Beginning Test, file ESMC_TimeIntervalUTest.C, line 48
Beginning Test, file ESMC_TimeIntervalUTest.C, line 48NUMBER_OF_PROCESSORS 4
PASS Set a TimeInterval, ESMC_TimeIntervalUTest.C, line 57
PASS Set a TimeInterval, ESMC_TimeIntervalUTest.C, line 57
TimeInterval ---------------------------
TimeInterval ---------------------------
P0Y0M0DT1H0M0S
end TimeInterval -----------------------

P0Y0M0DT1H0M0S
end TimeInterval -----------------------

PASS Print ESMC_TimeInterval object, ESMC_TimeIntervalUTest.C, line 65
PASS Get a TimeInterval, ESMC_TimeIntervalUTest.C, line 73
PASS Print ESMC_TimeInterval object, ESMC_TimeIntervalUTest.C, line 65
PASS Get a TimeInterval, ESMC_TimeIntervalUTest.C, line 73
PASS Check that hour parameter is returned correctly, ESMC_TimeIntervalUTest.C, line 83
PASS Check that hour parameter is returned correctly, ESMC_TimeIntervalUTest.C, line 83
PASS Check that the integer sec. parameter is returned correctly, ESMC_TimeIntervalUTest.C, line 90
PASS Check that the integer sec. parameter is returned correctly, ESMC_TimeIntervalUTest.C, line 90
Ending Test, file ESMC_TimeIntervalUTest.C, line 96
Ending Test, file ESMC_TimeIntervalUTest.C, line 96
Ending Test, file ESMC_TimeIntervalUTest.C, line 96 PET 1 Test Elapsed Time 1.198 msec.
Ending Test, file ESMC_TimeIntervalUTest.C, line 96 PET 2 Test Elapsed Time 1.076 msec.
Ending Test, file ESMC_TimeIntervalUTest.C, line 96 PET 3 Test Elapsed Time 1.072 msec.
Ending Test, file ESMC_TimeIntervalUTest.C, line 96 PET 0 Test Elapsed Time 1.736 msec.
