2022-07-22 05:59:56
  Beginning Test, file ESMF_ArrayGatherUTest.F90, line 54
  Beginning Test, file ESMF_ArrayGatherUTest.F90, line 54
  NUMBER_OF_PROCESSORS           4
  Beginning Test, file ESMF_ArrayGatherUTest.F90, line 54
  NUMBER_OF_PROCESSORS           4
  NUMBER_OF_PROCESSORS           4
  Beginning Test, file ESMF_ArrayGatherUTest.F90, line 54
  NUMBER_OF_PROCESSORS           4
  PASS  ArrayGather 1d test, contiguous Array, ESMF_ArrayGatherUTest.F90, line 6
 8
  PASS  ArrayGather 1d test, contiguous Array, ESMF_ArrayGatherUTest.F90, line 6
 8
  PASS  ArrayGather 1d test, contiguous Array, ESMF_ArrayGatherUTest.F90, line 6
 8
  PASS  ArrayGather 1d test, contiguous Array, ESMF_ArrayGatherUTest.F90, line 6
 8
  PASS  ArrayGather 1d test, non-contiguous Array, ESMF_ArrayGatherUTest.F90, li
 ne 77
  PASS  ArrayGather 1d test, non-contiguous Array, ESMF_ArrayGatherUTest.F90, li
 ne 77
  PASS  ArrayGather 1d test, non-contiguous Array, ESMF_ArrayGatherUTest.F90, li
 ne 77
  PASS  ArrayGather 1d test, non-contiguous Array, ESMF_ArrayGatherUTest.F90, li
 ne 77
  PASS  ArrayGather 1d test, contiguous Array, deBlockList DistGrid, ESMF_ArrayG
 atherUTest.F90, line 86
  PASS  ArrayGather 1d test, contiguous Array, deBlockList DistGrid, ESMF_ArrayG
 atherUTest.F90, line 86
  PASS  ArrayGather 1d test, contiguous Array, deBlockList DistGrid, ESMF_ArrayG
 atherUTest.F90, line 86
  PASS  ArrayGather 1d test, contiguous Array, deBlockList DistGrid, ESMF_ArrayG
 atherUTest.F90, line 86
  PASS  ArrayGather 1d test, non-contiguous Array, deBlockList DistGrid, ESMF_Ar
 rayGatherUTest.F90, line 95
  PASS  ArrayGather 1d test, non-contiguous Array, deBlockList DistGrid, ESMF_Ar
 rayGatherUTest.F90, line 95
  PASS  ArrayGather 1d test, non-contiguous Array, deBlockList DistGrid, ESMF_Ar
 rayGatherUTest.F90, line 95
  PASS  ArrayGather 1d test, non-contiguous Array, deBlockList DistGrid, ESMF_Ar
 rayGatherUTest.F90, line 95
  PASS  ArrayGather 2d test, contiguous Array, ESMF_ArrayGatherUTest.F90, line 1
 03
  PASS  ArrayGather 2d test, contiguous Array, ESMF_ArrayGatherUTest.F90, line 1
 03
  PASS  ArrayGather 2d test, contiguous Array, ESMF_ArrayGatherUTest.F90, line 1
 03
  PASS  ArrayGather 2d test, contiguous Array, ESMF_ArrayGatherUTest.F90, line 1
 03
  PASS  ArrayGather 2d test, non-contiguous Array, ESMF_ArrayGatherUTest.F90, li
 ne 111
  PASS  ArrayGather 2d test, non-contiguous Array, ESMF_ArrayGatherUTest.F90, li
 ne 111
  PASS  ArrayGather 2d test, non-contiguous Array, ESMF_ArrayGatherUTest.F90, li
 ne 111
  PASS  ArrayGather 2d test, non-contiguous Array, ESMF_ArrayGatherUTest.F90, li
 ne 111
  PASS  ArrayGather 3d test, contiguous Array, ESMF_ArrayGatherUTest.F90, line 1
 19
  PASS  ArrayGather 3d test, contiguous Array, ESMF_ArrayGatherUTest.F90, line 1
 19
  PASS  ArrayGather 3d test, contiguous Array, ESMF_ArrayGatherUTest.F90, line 1
 19
  PASS  ArrayGather 3d test, contiguous Array, ESMF_ArrayGatherUTest.F90, line 1
 19
  PASS  ArrayGather 3d test, non-contiguous Array, ESMF_ArrayGatherUTest.F90, li
 ne 127
  PASS  ArrayGather 3d test, non-contiguous Array, ESMF_ArrayGatherUTest.F90, li
 ne 127
  Ending Test, file ESMF_ArrayGatherUTest.F90, line 129
  PASS  ArrayGather 3d test, non-contiguous Array, ESMF_ArrayGatherUTest.F90, li
 ne 127
  PASS  ArrayGather 3d test, non-contiguous Array, ESMF_ArrayGatherUTest.F90, li
 ne 127
  Ending Test, file ESMF_ArrayGatherUTest.F90, line 129
  Ending Test, file ESMF_ArrayGatherUTest.F90, line 129
  Ending Test, file ESMF_ArrayGatherUTest.F90, line 129
  PET           0  Test Elapsed Time    9.75000000000000       msec.
  PET           3  Test Elapsed Time    9.81700000000000       msec.
  PET           2  Test Elapsed Time    9.82800000000000       msec.
  PET           1  Test Elapsed Time    10.1470000000000       msec.
