2022-07-16 13:52:34
Beginning Test, file ESMC_Proj4UTest.C, line 49
Beginning Test, file ESMC_Proj4UTest.C, line 49NUMBER_OF_PROCESSORS 1
PASS PROJ.4 rotated pole transform test, ESMC_Proj4UTest.C, line 119
Ending Test, file ESMC_Proj4UTest.C, line 123
Ending Test, file ESMC_Proj4UTest.C, line 123 PET 0 Test Elapsed Time 45.856 msec.
