2022-07-21 23:47:55
  Beginning Test, file ESMF_InfoCacheUTest.F90, line 60
  Beginning Test, file ESMF_InfoCacheUTest.F90, line 60
  NUMBER_OF_PROCESSORS           4
  NUMBER_OF_PROCESSORS           4
  Beginning Test, file ESMF_InfoCacheUTest.F90, line 60
  NUMBER_OF_PROCESSORS           4
  Beginning Test, file ESMF_InfoCacheUTest.F90, line 60
  NUMBER_OF_PROCESSORS           4
  PASS  Initialize + Destroy, ESMF_InfoCacheUTest.F90, line 82
  PASS  Initialize + Destroy, ESMF_InfoCacheUTest.F90, line 82
  PASS  Initialize + Destroy, ESMF_InfoCacheUTest.F90, line 82
  PASS  Initialize + Destroy, ESMF_InfoCacheUTest.F90, line 82
  PASS  Update for State, ESMF_InfoCacheUTest.F90, line 164
  PASS  Update for State, ESMF_InfoCacheUTest.F90, line 164
  PASS  Update for State, ESMF_InfoCacheUTest.F90, line 164
  PASS  Update for State, ESMF_InfoCacheUTest.F90, line 164
  Ending Test, file ESMF_InfoCacheUTest.F90, line 194
  Ending Test, file ESMF_InfoCacheUTest.F90, line 194
  Ending Test, file ESMF_InfoCacheUTest.F90, line 194
  Ending Test, file ESMF_InfoCacheUTest.F90, line 194
  PET           2  Test Elapsed Time    12.3590000000000       msec.
  PET           0  Test Elapsed Time    12.4890000000000       msec.
  PET           3  Test Elapsed Time    12.4960000000000       msec.
  PET           1  Test Elapsed Time    12.8610000000000       msec.
