2022-07-20 14:37:27
1:Beginning Test, file ESMC_TestUTest.C, line 32
1:Beginning Test, file ESMC_TestUTest.C, line 32NUMBER_OF_PROCESSORS 4
3:Beginning Test, file ESMC_TestUTest.C, line 32
3:Beginning Test, file ESMC_TestUTest.C, line 32NUMBER_OF_PROCESSORS 4
1:PASS Use of ESMC_Test(), true, ESMC_TestUTest.C, line 39
3:PASS Use of ESMC_Test(), true, ESMC_TestUTest.C, line 39
1:Ending Test, file ESMC_TestUTest.C, line 43
2:Beginning Test, file ESMC_TestUTest.C, line 32
3:Ending Test, file ESMC_TestUTest.C, line 43
2:Beginning Test, file ESMC_TestUTest.C, line 32NUMBER_OF_PROCESSORS 4
0:Beginning Test, file ESMC_TestUTest.C, line 32
2:PASS Use of ESMC_Test(), true, ESMC_TestUTest.C, line 39
0:Beginning Test, file ESMC_TestUTest.C, line 32NUMBER_OF_PROCESSORS 4
2:Ending Test, file ESMC_TestUTest.C, line 43
0:PASS Use of ESMC_Test(), true, ESMC_TestUTest.C, line 39
0:Ending Test, file ESMC_TestUTest.C, line 43
2:Ending Test, file ESMC_TestUTest.C, line 43 PET 2 Test Elapsed Time 0.268 msec.
0:Ending Test, file ESMC_TestUTest.C, line 43 PET 0 Test Elapsed Time 0.239 msec.
1:Ending Test, file ESMC_TestUTest.C, line 43 PET 1 Test Elapsed Time 0.377 msec.
3:Ending Test, file ESMC_TestUTest.C, line 43 PET 3 Test Elapsed Time 0.359 msec.
