2022-07-20 14:37:27
0:  Beginning Test, file ESMF_XGridMaskingUTest.F90, line 50
1:  Beginning Test, file ESMF_XGridMaskingUTest.F90, line 50
1:  NUMBER_OF_PROCESSORS           2
0:  NUMBER_OF_PROCESSORS           2
0: Starting test2d_masking_single
1: Starting test2d_masking_single
0:  xgrid flux and area:    16.0000000000000        8.00000000000000     
0:   8.00000000000000     
0: dst flux and area:    16.0000000000000        8.00000000000000     
0:   16.0000000000000     
0:  xgrid flux and area:    40.0000000000000        16.0000000000000     
0:   16.0000000000000     
0: dst flux and area:    40.0000000000000        16.0000000000000     
0:   64.0000000000000     
1:  PASS  Creating an XGrid from 2 adjacent Grids with masking, ESMF_XGridMaskingU
1: Test.F90, line 60
0:  PASS  Creating an XGrid from 2 adjacent Grids with masking, ESMF_XGridMaskingU
0: Test.F90, line 60
1: Starting test3d_masking_regional
0: Starting test3d_masking_regional
0:  xgrid flux and area:   9.740087179461218E-003  4.870043589730609E-003
0:  4.870043589730609E-003
0: dst flux and area:   9.740087179461216E-003  4.870043589730608E-003
0:  1.943271447854205E-002
0:  xgrid flux and area:   3.401055424502731E-004  1.700527712251366E-004
0:  1.700527712251366E-004
0: dst flux and area:   3.401055424502731E-004  1.700527712251365E-004
0:  1.358765961663352E-003
0:  xgrid flux and area:   3.401055424502753E-004  1.700527712251376E-004
0:  1.700527712251376E-004
0: dst flux and area:   3.401055424502753E-004  1.700527712251376E-004
0:  1.358765961663349E-003
0:  xgrid flux and area:   9.740087179461218E-003  4.870043589730609E-003
0:  4.870043589730609E-003
0: dst flux and area:   9.740087179461216E-003  4.870043589730608E-003
0:  1.943271447854205E-002
0:  xgrid flux and area:   3.401055424502753E-004  1.700527712251376E-004
0:  1.700527712251376E-004
0: dst flux and area:   3.401055424502753E-004  1.700527712251376E-004
0:  1.358765961663349E-003
1:  PASS  Creating an XGrid in 3D with Grid masking, ESMF_XGridMaskingUTest.F90, l
1: ine 69
1: Starting test3d_masking_global
0:  PASS  Creating an XGrid in 3D with Grid masking, ESMF_XGridMaskingUTest.F90, l
0: ine 69
0: Starting test3d_masking_global
0:  xgrid flux and area:    25.1327412287184        12.5663706143592     
0:   12.5663706143592     
0: dst flux and area:    25.1327412287184        12.5663706143592     
0:   12.5663706143592     
0:  xgrid flux and area:    24.7809518114314        12.3904759057157     
0:   12.3904759057157     
0: dst flux and area:    24.7809518114314        12.3904759057157     
0:   12.5663706143592     
0:  xgrid flux and area:    25.1327412287184        12.5663706143592     
0:   12.5663706143592     
0: dst flux and area:    25.1327412287184        12.5663706143592     
0:   12.5663706143592     
1:  PASS  Creating an XGrid in 3D with global Grid masking, ESMF_XGridMaskingUTest
1: .F90, line 78
0:  PASS  Creating an XGrid in 3D with global Grid masking, ESMF_XGridMaskingUTest
0: .F90, line 78
1:  Ending Test, file ESMF_XGridMaskingUTest.F90, line 80
0:  Ending Test, file ESMF_XGridMaskingUTest.F90, line 80
0:  PET           0  Test Elapsed Time    3628.82900000000       msec.
1:  PET           1  Test Elapsed Time    3629.69900000000       msec.
