2022-07-20 14:37:27
0:  Beginning Test, file ESMF_VMBarrierUTest.F90, line 66
1:  Beginning Test, file ESMF_VMBarrierUTest.F90, line 66
1:  NUMBER_OF_PROCESSORS           4
2:  Beginning Test, file ESMF_VMBarrierUTest.F90, line 66
2:  NUMBER_OF_PROCESSORS           4
0:  NUMBER_OF_PROCESSORS           4
3:  Beginning Test, file ESMF_VMBarrierUTest.F90, line 66
3:  NUMBER_OF_PROCESSORS           4
0: timing precision is:   1.899898052215576E-007
1: timing precision is:   1.722946763038635E-007
2: timing precision is:   1.909211277961731E-007
3: timing precision is:   1.369044184684753E-007
0: max timing precision is:   1.909211277961731E-007
1: max timing precision is:   1.909211277961731E-007
2: max timing precision is:   1.909211277961731E-007
3: max timing precision is:   1.909211277961731E-007
1:  PASS  Timer Precision test, ESMF_VMBarrierUTest.F90, line 87
2:  PASS  Timer Precision test, ESMF_VMBarrierUTest.F90, line 87
3:  PASS  Timer Precision test, ESMF_VMBarrierUTest.F90, line 87
0:  PASS  Timer Precision test, ESMF_VMBarrierUTest.F90, line 87
0: slow Pet=           0 Pet=           0 time delay =    1.00000745896250      
0: [  -- should be >=    1.00000000000000      --  ]
1: slow Pet=           0 Pet=           1 time delay =    1.00001598242670      
1: [  -- should be >=    1.00000000000000      --  ]
2: slow Pet=           0 Pet=           2 time delay =    1.00001670513302      
2: [  -- should be >=    1.00000000000000      --  ]
3: slow Pet=           0 Pet=           3 time delay =    1.00001227669418      
3: [  -- should be >=    1.00000000000000      --  ]
0: slow Pet=           1 Pet=           0 time delay =    1.00000670365989      
0: [  -- should be >=    1.00000000000000      --  ]
1: slow Pet=           1 Pet=           1 time delay =    1.00000599864870      
1: [  -- should be >=    1.00000000000000      --  ]
2: slow Pet=           1 Pet=           2 time delay =    1.00000727549195      
2: [  -- should be >=    1.00000000000000      --  ]
3: slow Pet=           1 Pet=           3 time delay =    1.00000704452395      
3: [  -- should be >=    1.00000000000000      --  ]
0: slow Pet=           2 Pet=           0 time delay =    1.00000590365380      
0: [  -- should be >=    1.00000000000000      --  ]
1: slow Pet=           2 Pet=           1 time delay =    1.00000657048076      
1: [  -- should be >=    1.00000000000000      --  ]
2: slow Pet=           2 Pet=           2 time delay =    1.00000609457493      
2: [  -- should be >=    1.00000000000000      --  ]
3: slow Pet=           2 Pet=           3 time delay =    1.00000622496009      
3: [  -- should be >=    1.00000000000000      --  ]
0: slow Pet=           3 Pet=           0 time delay =    1.00000533740968      
0: [  -- should be >=    1.00000000000000      --  ]
1: slow Pet=           3 Pet=           1 time delay =    1.00000586081296      
1: [  -- should be >=    1.00000000000000      --  ]
1:  PASS  Barrier Test, ESMF_VMBarrierUTest.F90, line 122
2: slow Pet=           3 Pet=           2 time delay =    1.00000503566116      
2: [  -- should be >=    1.00000000000000      --  ]
2:  PASS  Barrier Test, ESMF_VMBarrierUTest.F90, line 122
3: slow Pet=           3 Pet=           3 time delay =    1.00000534951687      
3: [  -- should be >=    1.00000000000000      --  ]
3:  PASS  Barrier Test, ESMF_VMBarrierUTest.F90, line 122
0:  PASS  Barrier Test, ESMF_VMBarrierUTest.F90, line 122
3:  Ending Test, file ESMF_VMBarrierUTest.F90, line 124
2:  Ending Test, file ESMF_VMBarrierUTest.F90, line 124
1:  Ending Test, file ESMF_VMBarrierUTest.F90, line 124
0:  Ending Test, file ESMF_VMBarrierUTest.F90, line 124
0:  PET           0  Test Elapsed Time    3999.79400000000       msec.
2:  PET           2  Test Elapsed Time    4000.25700000000       msec.
3:  PET           3  Test Elapsed Time    4000.34900000000       msec.
1:  PET           1  Test Elapsed Time    4000.36200000000       msec.
