2022-07-21 20:17:09
[1658435202.456049] [h12c09:18383:0]         mxm.c:196  MXM  WARN  The 'ulimit -s' on the system is set to 'unlimited'. This may have negative performance implications. Please set the stack size to the default value (10240) 
[1658435202.456050] [h12c09:18385:0]         mxm.c:196  MXM  WARN  The 'ulimit -s' on the system is set to 'unlimited'. This may have negative performance implications. Please set the stack size to the default value (10240) 
[1658435202.456359] [h12c09:18384:0]         mxm.c:196  MXM  WARN  The 'ulimit -s' on the system is set to 'unlimited'. This may have negative performance implications. Please set the stack size to the default value (10240) 
[1658435202.456465] [h12c09:18386:0]         mxm.c:196  MXM  WARN  The 'ulimit -s' on the system is set to 'unlimited'. This may have negative performance implications. Please set the stack size to the default value (10240) 
[1658435202.461310] [h12c09:18385:0]         mxm.c:196  MXM  WARN  The 'ulimit -s' on the system is set to 'unlimited'. This may have negative performance implications. Please set the stack size to the default value (10240) 
[1658435202.461345] [h12c09:18383:0]         mxm.c:196  MXM  WARN  The 'ulimit -s' on the system is set to 'unlimited'. This may have negative performance implications. Please set the stack size to the default value (10240) 
[1658435202.461927] [h12c09:18384:0]         mxm.c:196  MXM  WARN  The 'ulimit -s' on the system is set to 'unlimited'. This may have negative performance implications. Please set the stack size to the default value (10240) 
[1658435202.461999] [h12c09:18386:0]         mxm.c:196  MXM  WARN  The 'ulimit -s' on the system is set to 'unlimited'. This may have negative performance implications. Please set the stack size to the default value (10240) 
Beginning Test, file ESMC_MBMesh_UtilUTest.C, line 131
Beginning Test, file ESMC_MBMesh_UtilUTest.C, line 131NUMBER_OF_PROCESSORS 4
Beginning Test, file ESMC_MBMesh_UtilUTest.C, line 131
Beginning Test, file ESMC_MBMesh_UtilUTest.C, line 131NUMBER_OF_PROCESSORS 4
Beginning Test, file ESMC_MBMesh_UtilUTest.C, line 131
Beginning Test, file ESMC_MBMesh_UtilUTest.C, line 131NUMBER_OF_PROCESSORS 4
Beginning Test, file ESMC_MBMesh_UtilUTest.C, line 131
Beginning Test, file ESMC_MBMesh_UtilUTest.C, line 131NUMBER_OF_PROCESSORS 4
PASS Throw an error from the MBMesh, ESMC_MBMesh_UtilUTest.C, line 160
PASS Test ESMC_MeshSetMOAB, ESMC_MBMesh_UtilUTest.C, line 173
PASS Throw an error from the MBMesh, ESMC_MBMesh_UtilUTest.C, line 160
PASS Test ESMC_MeshSetMOAB, ESMC_MBMesh_UtilUTest.C, line 173
PASS Test ESMC_MeshGetMOAB, ESMC_MBMesh_UtilUTest.C, line 186
PASS Test ESMC_MeshGetMOAB, ESMC_MBMesh_UtilUTest.C, line 186
Ending Test, file ESMC_MBMesh_UtilUTest.C, line 191
Ending Test, file ESMC_MBMesh_UtilUTest.C, line 191
PASS Throw an error from the MBMesh, ESMC_MBMesh_UtilUTest.C, line 160
PASS Throw an error from the MBMesh, ESMC_MBMesh_UtilUTest.C, line 160
PASS Test ESMC_MeshSetMOAB, ESMC_MBMesh_UtilUTest.C, line 173
PASS Test ESMC_MeshSetMOAB, ESMC_MBMesh_UtilUTest.C, line 173
PASS Test ESMC_MeshGetMOAB, ESMC_MBMesh_UtilUTest.C, line 186
PASS Test ESMC_MeshGetMOAB, ESMC_MBMesh_UtilUTest.C, line 186
Ending Test, file ESMC_MBMesh_UtilUTest.C, line 191
Ending Test, file ESMC_MBMesh_UtilUTest.C, line 191
Ending Test, file ESMC_MBMesh_UtilUTest.C, line 191 PET 2 Test Elapsed Time 59.841 msec.
Ending Test, file ESMC_MBMesh_UtilUTest.C, line 191 PET 0 Test Elapsed Time 59.746 msec.
Ending Test, file ESMC_MBMesh_UtilUTest.C, line 191 PET 1 Test Elapsed Time 60.451 msec.
Ending Test, file ESMC_MBMesh_UtilUTest.C, line 191 PET 3 Test Elapsed Time 60.452 msec.
