2022-07-21 20:17:09
[1658435335.435746] [h12c09:26861:0]         mxm.c:196  MXM  WARN  The 'ulimit -s' on the system is set to 'unlimited'. This may have negative performance implications. Please set the stack size to the default value (10240) 
[1658435335.440533] [h12c09:26861:0]         mxm.c:196  MXM  WARN  The 'ulimit -s' on the system is set to 'unlimited'. This may have negative performance implications. Please set the stack size to the default value (10240) 
  Beginning Test, file ESMF_FieldStressUTest.F90, line 51
  NUMBER_OF_PROCESSORS           1
  PASS  Create a simple Field, repeat 10 times, ESMF_FieldStressUTest.F90, line 61
  PASS  Create a simple Field, repeat 100 times, ESMF_FieldStressUTest.F90, line 69
  PASS  Create a simple Field, repeat 1000 times, ESMF_FieldStressUTest.F90, line 77
  PASS  Create a simple Field, repeat 10000 times, ESMF_FieldStressUTest.F90, line 85
  Ending Test, file ESMF_FieldStressUTest.F90, line 88
  PET           0  Test Elapsed Time    9953.1170000000002       msec.
