2022-07-21 20:17:09
[1658435473.075671] [h12c09:41099:0]         mxm.c:196  MXM  WARN  The 'ulimit -s' on the system is set to 'unlimited'. This may have negative performance implications. Please set the stack size to the default value (10240) 
[1658435473.075699] [h12c09:41097:0]         mxm.c:196  MXM  WARN  The 'ulimit -s' on the system is set to 'unlimited'. This may have negative performance implications. Please set the stack size to the default value (10240) 
[1658435473.075957] [h12c09:41096:0]         mxm.c:196  MXM  WARN  The 'ulimit -s' on the system is set to 'unlimited'. This may have negative performance implications. Please set the stack size to the default value (10240) 
[1658435473.075982] [h12c09:41098:0]         mxm.c:196  MXM  WARN  The 'ulimit -s' on the system is set to 'unlimited'. This may have negative performance implications. Please set the stack size to the default value (10240) 
[1658435473.081058] [h12c09:41099:0]         mxm.c:196  MXM  WARN  The 'ulimit -s' on the system is set to 'unlimited'. This may have negative performance implications. Please set the stack size to the default value (10240) 
[1658435473.081106] [h12c09:41097:0]         mxm.c:196  MXM  WARN  The 'ulimit -s' on the system is set to 'unlimited'. This may have negative performance implications. Please set the stack size to the default value (10240) 
[1658435473.081663] [h12c09:41096:0]         mxm.c:196  MXM  WARN  The 'ulimit -s' on the system is set to 'unlimited'. This may have negative performance implications. Please set the stack size to the default value (10240) 
[1658435473.081753] [h12c09:41098:0]         mxm.c:196  MXM  WARN  The 'ulimit -s' on the system is set to 'unlimited'. This may have negative performance implications. Please set the stack size to the default value (10240) 
  Beginning Test, file ESMF_IOCompUTest.F90, line 77
  NUMBER_OF_PROCESSORS           4
  Beginning Test, file ESMF_IOCompUTest.F90, line 77
  NUMBER_OF_PROCESSORS           4
  Beginning Test, file ESMF_IOCompUTest.F90, line 77
  NUMBER_OF_PROCESSORS           4
  INFO  ESMF was built WITHOUT NetCDF support
  Beginning Test, file ESMF_IOCompUTest.F90, line 77
  NUMBER_OF_PROCESSORS           4
  INFO  ESMF was built WITHOUT NetCDF support
  INFO  ESMF was built WITHOUT NetCDF support
  INFO  ESMF was built WITHOUT NetCDF support
  INFO  Create Cubed Sphere Grid
  INFO  Create Cubed Sphere Grid
  INFO  Create Cubed Sphere Grid
  INFO  Create Cubed Sphere Grid
  PASS  Create ESMFIO Component Test, ESMF_IOCompUTest.F90, line 110
  PASS  Create ESMFIO Component Test, ESMF_IOCompUTest.F90, line 110
  PASS  Create ESMFIO Component Test, ESMF_IOCompUTest.F90, line 110
  PASS  Create ESMFIO Component Test, ESMF_IOCompUTest.F90, line 110
  PASS  Write through ESMFIO Component Test, ESMF_IOCompUTest.F90, line 121
  PASS  Write through ESMFIO Component Test, ESMF_IOCompUTest.F90, line 121
  PASS  Write through ESMFIO Component Test, ESMF_IOCompUTest.F90, line 121
  PASS  Read through ESMFIO Component Test, ESMF_IOCompUTest.F90, line 133
  PASS  Write through ESMFIO Component Test, ESMF_IOCompUTest.F90, line 121
  PASS  Read through ESMFIO Component Test, ESMF_IOCompUTest.F90, line 133
  PASS  Read through ESMFIO Component Test, ESMF_IOCompUTest.F90, line 133
  PASS  Read through ESMFIO Component Test, ESMF_IOCompUTest.F90, line 133
  PASS  Destroy ESMFIO Component Test, ESMF_IOCompUTest.F90, line 141
  PASS SKIP:  Compare read vs. written ESMF_TYPEKIND_I4 Field center values, ESMF_IOCompUTest.F90, line 159
  PASS  Destroy ESMFIO Component Test, ESMF_IOCompUTest.F90, line 141
  PASS SKIP:  Compare read vs. written ESMF_TYPEKIND_I4 Field center values, ESMF_IOCompUTest.F90, line 159
  PASS SKIP:  Compare read vs. written ESMF_TYPEKIND_I4 Field edge1 values, ESMF_IOCompUTest.F90, line 169
  PASS  Destroy ESMFIO Component Test, ESMF_IOCompUTest.F90, line 141
  PASS SKIP:  Compare read vs. written ESMF_TYPEKIND_I4 Field center values, ESMF_IOCompUTest.F90, line 159
  PASS SKIP:  Compare read vs. written ESMF_TYPEKIND_I4 Field edge1 values, ESMF_IOCompUTest.F90, line 169
  PASS SKIP:  Compare read vs. written ESMF_TYPEKIND_I4 Field edge2 values, ESMF_IOCompUTest.F90, line 179
  PASS  Destroy ESMFIO Component Test, ESMF_IOCompUTest.F90, line 141
  PASS SKIP:  Compare read vs. written ESMF_TYPEKIND_I4 Field center values, ESMF_IOCompUTest.F90, line 159
  PASS SKIP:  Compare read vs. written ESMF_TYPEKIND_I4 Field edge1 values, ESMF_IOCompUTest.F90, line 169
  PASS SKIP:  Compare read vs. written ESMF_TYPEKIND_I4 Field edge2 values, ESMF_IOCompUTest.F90, line 179
  PASS SKIP:  Compare read vs. written ESMF_TYPEKIND_I4 Field corner values, ESMF_IOCompUTest.F90, line 189
  PASS SKIP:  Compare read vs. written ESMF_TYPEKIND_I4 Field edge2 values, ESMF_IOCompUTest.F90, line 179
  PASS SKIP:  Compare read vs. written ESMF_TYPEKIND_I4 Field edge1 values, ESMF_IOCompUTest.F90, line 169
  PASS SKIP:  Compare read vs. written ESMF_TYPEKIND_I4 Field edge2 values, ESMF_IOCompUTest.F90, line 179
  PASS SKIP:  Compare read vs. written ESMF_TYPEKIND_I4 Field corner values, ESMF_IOCompUTest.F90, line 189
  PASS SKIP:  Compare read vs. written ESMF_TYPEKIND_I4 Field corner values, ESMF_IOCompUTest.F90, line 189
  PASS SKIP:  Compare read vs. written ESMF_TYPEKIND_R4 Field values, ESMF_IOCompUTest.F90, line 199
  PASS SKIP:  Compare read vs. written ESMF_TYPEKIND_R8 Field values, ESMF_IOCompUTest.F90, line 209
  PASS SKIP:  Compare read vs. written ESMF_TYPEKIND_R4 Field values, ESMF_IOCompUTest.F90, line 199
  PASS SKIP:  Compare read vs. written ESMF_TYPEKIND_R8 Field values, ESMF_IOCompUTest.F90, line 209
  PASS SKIP:  Compare read vs. written ESMF_TYPEKIND_I4 Field corner values, ESMF_IOCompUTest.F90, line 189
  PASS SKIP:  Compare read vs. written ESMF_TYPEKIND_R4 Field values, ESMF_IOCompUTest.F90, line 199
  PASS SKIP:  Compare read vs. written ESMF_TYPEKIND_R8 Field values, ESMF_IOCompUTest.F90, line 209
  PASS SKIP:  Compare read vs. written ESMF_TYPEKIND_R4 Field values, ESMF_IOCompUTest.F90, line 199
  PASS SKIP:  Compare read vs. written ESMF_TYPEKIND_R8 Field values, ESMF_IOCompUTest.F90, line 209
2x,INFO  Create Regular Spherical Grid
2x,INFO  Create Regular Spherical Grid
2x,INFO  Create Regular Spherical Grid
2x,INFO  Create Regular Spherical Grid
  PASS  Create ESMFIO Component Test, ESMF_IOCompUTest.F90, line 248
  PASS  Create ESMFIO Component Test, ESMF_IOCompUTest.F90, line 248
  PASS  Create ESMFIO Component Test, ESMF_IOCompUTest.F90, line 248
  PASS  Create ESMFIO Component Test, ESMF_IOCompUTest.F90, line 248
  PASS  Write through ESMFIO Component Test, ESMF_IOCompUTest.F90, line 259
  PASS  Write through ESMFIO Component Test, ESMF_IOCompUTest.F90, line 259
  PASS  Write through ESMFIO Component Test, ESMF_IOCompUTest.F90, line 259
  PASS  Write through ESMFIO Component Test, ESMF_IOCompUTest.F90, line 259
  PASS  Read through ESMFIO Component Test, ESMF_IOCompUTest.F90, line 271
  PASS  Read through ESMFIO Component Test, ESMF_IOCompUTest.F90, line 271
  PASS  Read through ESMFIO Component Test, ESMF_IOCompUTest.F90, line 271
  PASS  Read through ESMFIO Component Test, ESMF_IOCompUTest.F90, line 271
  PASS  Destroy ESMFIO Component Test, ESMF_IOCompUTest.F90, line 279
  PASS  Destroy ESMFIO Component Test, ESMF_IOCompUTest.F90, line 279
  PASS  Destroy ESMFIO Component Test, ESMF_IOCompUTest.F90, line 279
  PASS SKIP:  Compare read vs. written ESMF_TYPEKIND_I4 Field center values, ESMF_IOCompUTest.F90, line 297
  PASS  Destroy ESMFIO Component Test, ESMF_IOCompUTest.F90, line 279
  PASS SKIP:  Compare read vs. written ESMF_TYPEKIND_I4 Field center values, ESMF_IOCompUTest.F90, line 297
  PASS SKIP:  Compare read vs. written ESMF_TYPEKIND_I4 Field center values, ESMF_IOCompUTest.F90, line 297
  PASS SKIP:  Compare read vs. written ESMF_TYPEKIND_I4 Field edge1 values, ESMF_IOCompUTest.F90, line 307
  PASS SKIP:  Compare read vs. written ESMF_TYPEKIND_I4 Field edge1 values, ESMF_IOCompUTest.F90, line 307
  PASS SKIP:  Compare read vs. written ESMF_TYPEKIND_I4 Field edge2 values, ESMF_IOCompUTest.F90, line 317
  PASS SKIP:  Compare read vs. written ESMF_TYPEKIND_I4 Field corner values, ESMF_IOCompUTest.F90, line 327
  PASS SKIP:  Compare read vs. written ESMF_TYPEKIND_I4 Field edge1 values, ESMF_IOCompUTest.F90, line 307
  PASS SKIP:  Compare read vs. written ESMF_TYPEKIND_I4 Field edge2 values, ESMF_IOCompUTest.F90, line 317
  PASS SKIP:  Compare read vs. written ESMF_TYPEKIND_I4 Field corner values, ESMF_IOCompUTest.F90, line 327
  PASS SKIP:  Compare read vs. written ESMF_TYPEKIND_R4 Field values, ESMF_IOCompUTest.F90, line 337
  PASS SKIP:  Compare read vs. written ESMF_TYPEKIND_I4 Field center values, ESMF_IOCompUTest.F90, line 297
  PASS SKIP:  Compare read vs. written ESMF_TYPEKIND_I4 Field edge1 values, ESMF_IOCompUTest.F90, line 307
  PASS SKIP:  Compare read vs. written ESMF_TYPEKIND_I4 Field edge2 values, ESMF_IOCompUTest.F90, line 317
  PASS SKIP:  Compare read vs. written ESMF_TYPEKIND_I4 Field corner values, ESMF_IOCompUTest.F90, line 327
  PASS SKIP:  Compare read vs. written ESMF_TYPEKIND_I4 Field edge2 values, ESMF_IOCompUTest.F90, line 317
  PASS SKIP:  Compare read vs. written ESMF_TYPEKIND_I4 Field corner values, ESMF_IOCompUTest.F90, line 327
  PASS SKIP:  Compare read vs. written ESMF_TYPEKIND_R4 Field values, ESMF_IOCompUTest.F90, line 337
  PASS SKIP:  Compare read vs. written ESMF_TYPEKIND_R4 Field values, ESMF_IOCompUTest.F90, line 337
  PASS SKIP:  Compare read vs. written ESMF_TYPEKIND_R8 Field values, ESMF_IOCompUTest.F90, line 347
  PASS SKIP:  Compare read vs. written ESMF_TYPEKIND_R4 Field values, ESMF_IOCompUTest.F90, line 337
  PASS SKIP:  Compare read vs. written ESMF_TYPEKIND_R8 Field values, ESMF_IOCompUTest.F90, line 347
  PASS SKIP:  Compare read vs. written ESMF_TYPEKIND_R8 Field values, ESMF_IOCompUTest.F90, line 347
  PASS SKIP:  Compare read vs. written ESMF_TYPEKIND_R8 Field values, ESMF_IOCompUTest.F90, line 347
  Ending Test, file ESMF_IOCompUTest.F90, line 368
  Ending Test, file ESMF_IOCompUTest.F90, line 368
  Ending Test, file ESMF_IOCompUTest.F90, line 368
  Ending Test, file ESMF_IOCompUTest.F90, line 368
  PET           0  Test Elapsed Time    43.190999999999995       msec.
  PET           3  Test Elapsed Time    44.604000000000006       msec.
  PET           1  Test Elapsed Time    43.591000000000008       msec.
  PET           2  Test Elapsed Time    44.494999999999990       msec.
