2022-07-21 20:17:09
 -------------------------------- 
 Start of System Test FieldRegridMeshToMesh:
 -------------------------------- 
 -------------------------------- 
 Start of System Test FieldRegridMeshToMesh:
 -------------------------------- 
 -------------------------------- 
 Start of System Test FieldRegridMeshToMesh:
 -------------------------------- 
 -------------------------------- 
 Start of System Test FieldRegridMeshToMesh:
 -------------------------------- 
[1658435706.141516] [h12c09:70926:0]         mxm.c:196  MXM  WARN  The 'ulimit -s' on the system is set to 'unlimited'. This may have negative performance implications. Please set the stack size to the default value (10240) 
[1658435706.141516] [h12c09:70928:0]         mxm.c:196  MXM  WARN  The 'ulimit -s' on the system is set to 'unlimited'. This may have negative performance implications. Please set the stack size to the default value (10240) 
[1658435706.141903] [h12c09:70925:0]         mxm.c:196  MXM  WARN  The 'ulimit -s' on the system is set to 'unlimited'. This may have negative performance implications. Please set the stack size to the default value (10240) 
[1658435706.142021] [h12c09:70927:0]         mxm.c:196  MXM  WARN  The 'ulimit -s' on the system is set to 'unlimited'. This may have negative performance implications. Please set the stack size to the default value (10240) 
[1658435706.146799] [h12c09:70928:0]         mxm.c:196  MXM  WARN  The 'ulimit -s' on the system is set to 'unlimited'. This may have negative performance implications. Please set the stack size to the default value (10240) 
[1658435706.146827] [h12c09:70926:0]         mxm.c:196  MXM  WARN  The 'ulimit -s' on the system is set to 'unlimited'. This may have negative performance implications. Please set the stack size to the default value (10240) 
[1658435706.147270] [h12c09:70927:0]         mxm.c:196  MXM  WARN  The 'ulimit -s' on the system is set to 'unlimited'. This may have negative performance implications. Please set the stack size to the default value (10240) 
[1658435706.147288] [h12c09:70925:0]         mxm.c:196  MXM  WARN  The 'ulimit -s' on the system is set to 'unlimited'. This may have negative performance implications. Please set the stack size to the default value (10240) 
 Created component user model 1rc =           0
 Created component user model 2rc =           0
 Created component user model 1rc =           0
 Created component user model 2rc =           0
 Created component user model 1rc =           0
 Created component user model 2rc =           0
 Created component user model 1rc =           0
 Created component user model 2rc =           0
 Created component user one-way coupler, rc =           0
 Comp Creates finished
 Created component user one-way coupler, rc =           0
 Comp Creates finished
 Created component user one-way coupler, rc =           0
 Comp Creates finished
 Created component user one-way coupler, rc =           0
 Comp Creates finished
 Comp SetServices finished, rc=            0           0
 Comp SetServices finished, rc=            0           0
 Comp SetServices finished, rc=            0           0
 in user register routine
 Registered Initialize, Run, and Finalize routines
 Comp SetServices finished, rc=            0           0
 In user register routine
 Registered Initialize, Run, and Finalize routines
 Comp SetServices finished, rc=            0           0
 In user register routine
 In user register routine
 Registered Initialize, Run, and Finalize routines
 In user register routine
 Registered Initialize, Run, and Finalize routines
 Comp SetServices finished, rc=            0           0
 Comp SetServices finished, rc=            0           0
 Registered Initialize, Run, and Finalize routines
 Comp SetServices finished, rc=            0           0
 in user setservices routine
 Registered Initialize, Run, and Finalize routines
 in user setservices routine
 Registered Initialize, Run, and Finalize routines
 in user setservices routine
 Registered Initialize, Run, and Finalize routines
 in user setservices routine
 Registered Initialize, Run, and Finalize routines
 Comp SetServices finished, rc=            0           0
 Comp SetServices finished, rc=            0           0
 Comp SetServices finished, rc=            0           0
 Comp SetServices finished, rc=            0           0
           0 User Coupler Init Start
           2 User Coupler Init Start
           3 User Coupler Init Start
           1 User Coupler Init Start
           2 User Coupler After Import Reconcile
           3 User Coupler After Import Reconcile
           1 User Coupler After Import Reconcile
           0 User Coupler After Import Reconcile
           3 User Coupler After Export Reconcile
           2 User Coupler After Export Reconcile
           1 User Coupler After Export Reconcile
           0 User Coupler After Export Reconcile
           1 User Coupler Init End
 User Coupler Run starting
 User Coupler Run returning
           0 User Coupler Init End
 User Comp Run starting
 User Comp Run returning
 User Coupler Run starting
 User Coupler Run returning
 User Comp Final starting
 Comp 1 Finalize finished, rc =           0
 User Comp Final starting
 User Comp Final returning
 Comp 1 Finalize finished, rc =           0
 User Comp Final starting
 User Comp Final returning
 Comp 2 Finalize finished, rc =           0
 User Coupler Final starting
 User Comp Final returning
 Comp 2 Finalize finished, rc =           0
 User Coupler Final starting
 User Coupler Final returning
 Coupler Finalize finished, rc =           0
 ------------------------------------------------------------
 ------------------------------------------------------------
 Test finished, pet_id =            0
 ------------------------------------------------------------
 User Coupler Final returning
 Coupler Finalize finished, rc =           0
 ------------------------------------------------------------
 Comp Finalize returned
 ------------------------------------------------------------
 ------------------------------------------------------------
 Test finished, pet_id =            1
 ------------------------------------------------------------
 ------------------------------------------------------------
 Comp Finalize returned
 All Destroy routines done
 System Test FieldRegridMeshToMesh complete.
 All Destroy routines done
 System Test FieldRegridMeshToMesh complete.
  PASS  System Test FieldRegridMeshToMesh: Field Regrid, ESMF_FieldRegridMeshToMeshSTest.F90, line 393
  PASS  System Test FieldRegridMeshToMesh: Field Regrid, ESMF_FieldRegridMeshToMeshSTest.F90, line 393
           2 User Coupler Init End
 User Coupler Run starting
 User Coupler Run returning
 Comp 1 Finalize finished, rc =           0
 User Comp Final starting
 User Comp Final returning
 Comp 2 Finalize finished, rc =           0
 User Coupler Final starting
 User Coupler Final returning
 Coupler Finalize finished, rc =           0
 ------------------------------------------------------------
 ------------------------------------------------------------
 Test finished, pet_id =            2
 ------------------------------------------------------------
 ------------------------------------------------------------
 Comp Finalize returned
           3 User Coupler Init End
 All Destroy routines done
 System Test FieldRegridMeshToMesh complete.
 User Coupler Run starting
  PASS  System Test FieldRegridMeshToMesh: Field Regrid, ESMF_FieldRegridMeshToMeshSTest.F90, line 393
 User Coupler Run returning
 Comp 1 Finalize finished, rc =           0
 User Comp Final starting
 User Comp Final returning
 Comp 2 Finalize finished, rc =           0
 User Coupler Final starting
 User Coupler Final returning
 Coupler Finalize finished, rc =           0
 ------------------------------------------------------------
 ------------------------------------------------------------
 Test finished, pet_id =            3
 ------------------------------------------------------------
 ------------------------------------------------------------
 Comp Finalize returned
 All Destroy routines done
 System Test FieldRegridMeshToMesh complete.
  PASS  System Test FieldRegridMeshToMesh: Field Regrid, ESMF_FieldRegridMeshToMeshSTest.F90, line 393
