2022-07-15 14:13:46
  Beginning Test, file ESMF_FieldRedistUTest.F90, line 57
  NUMBER_OF_PROCESSORS           4
  Beginning Test, file ESMF_FieldRedistUTest.F90, line 57
  NUMBER_OF_PROCESSORS           4
  Beginning Test, file ESMF_FieldRedistUTest.F90, line 57
  NUMBER_OF_PROCESSORS           4
  Beginning Test, file ESMF_FieldRedistUTest.F90, line 57
  NUMBER_OF_PROCESSORS           4
  PASS  FieldRedist basic test, ESMF_FieldRedistUTest.F90, line 72
  PASS  FieldRedist basic test, ESMF_FieldRedistUTest.F90, line 72
  PASS  FieldRedist basic test, ESMF_FieldRedistUTest.F90, line 72
  PASS  FieldRedist basic test, ESMF_FieldRedistUTest.F90, line 72
  PASS  FieldRedist basic test with compliant fields, ESMF_FieldRedistUTest.F90, line 79
  PASS  FieldRedist basic test with compliant fields, ESMF_FieldRedistUTest.F90, line 79
  PASS  FieldRedist basic test with compliant fields, ESMF_FieldRedistUTest.F90, line 79
  PASS  FieldRedist basic test with compliant fields, ESMF_FieldRedistUTest.F90, line 79
  PASS  FieldRedist 3d fields with ungridded bounds and halos, ESMF_FieldRedistUTest.F90, line 86
  PASS  FieldRedist 3d fields with ungridded bounds and halos, ESMF_FieldRedistUTest.F90, line 86
  PASS  FieldRedist 3d fields with ungridded bounds and halos, ESMF_FieldRedistUTest.F90, line 86
  PASS  FieldRedist 3d fields with ungridded bounds and halos, ESMF_FieldRedistUTest.F90, line 86
  PASS  FieldRedist congruent 5d fields with ungridded bounds and halos, ESMF_FieldRedistUTest.F90, line 98
  PASS  FieldRedist congruent 5d fields with ungridded bounds and halos, ESMF_FieldRedistUTest.F90, line 98
  PASS  FieldRedist congruent 5d fields with ungridded bounds and halos, ESMF_FieldRedistUTest.F90, line 98
  PASS  FieldRedist congruent 5d fields with ungridded bounds and halos, ESMF_FieldRedistUTest.F90, line 98
  PASS  FieldRedist congruent 5d fields with ungridded bounds and halos  srcToDstTransposeMap, ESMF_FieldRedistUTest.F90, line 111
  PASS  FieldRedist congruent 5d fields with ungridded bounds and halos  srcToDstTransposeMap, ESMF_FieldRedistUTest.F90, line 111
  PASS  FieldRedist congruent 5d fields with ungridded bounds and halos  srcToDstTransposeMap, ESMF_FieldRedistUTest.F90, line 111
  PASS  FieldRedist congruent 5d fields with ungridded bounds and halos  srcToDstTransposeMap, ESMF_FieldRedistUTest.F90, line 111
  PASS  FieldRedist on Fields built on Meshes, ESMF_FieldRedistUTest.F90, line 119
  PASS  FieldRedist on Fields built on Meshes, ESMF_FieldRedistUTest.F90, line 119
  PASS  FieldRedist on Fields built on Meshes, ESMF_FieldRedistUTest.F90, line 119
  PASS  FieldRedist on Fields built on Meshes, ESMF_FieldRedistUTest.F90, line 119
  Ending Test, file ESMF_FieldRedistUTest.F90, line 122
  Ending Test, file ESMF_FieldRedistUTest.F90, line 122
  Ending Test, file ESMF_FieldRedistUTest.F90, line 122
  Ending Test, file ESMF_FieldRedistUTest.F90, line 122
  PET           3  Test Elapsed Time    59.953999999999979       msec.
  PET           1  Test Elapsed Time    60.098000000000013       msec.
  PET           2  Test Elapsed Time    60.065999999999981       msec.
  PET           0  Test Elapsed Time    60.055000000000000       msec.
