2022-07-15 14:13:46
  Beginning Test, file ESMF_AttributeUpdateComponentUTest.F90, line 442
  NUMBER_OF_PROCESSORS           8
  Beginning Test, file ESMF_AttributeUpdateComponentUTest.F90, line 442
  NUMBER_OF_PROCESSORS           8
  Beginning Test, file ESMF_AttributeUpdateComponentUTest.F90, line 442
  NUMBER_OF_PROCESSORS           8
  Beginning Test, file ESMF_AttributeUpdateComponentUTest.F90, line 442
  NUMBER_OF_PROCESSORS           8
  Beginning Test, file ESMF_AttributeUpdateComponentUTest.F90, line 442
  NUMBER_OF_PROCESSORS           8
  Beginning Test, file ESMF_AttributeUpdateComponentUTest.F90, line 442
  NUMBER_OF_PROCESSORS           8
  Beginning Test, file ESMF_AttributeUpdateComponentUTest.F90, line 442
  NUMBER_OF_PROCESSORS           8
  Beginning Test, file ESMF_AttributeUpdateComponentUTest.F90, line 442
  NUMBER_OF_PROCESSORS           8
  PASS  PET            6 : Getting an updated Attribute value from a Component test: value = value1, ESMF_AttributeUpdateComponentUTest.F90, line 526
  PASS  PET            6 : Getting an updated Attribute value from a Component test: value = value2, ESMF_AttributeUpdateComponentUTest.F90, line 533
  PASS  PET            6 : Getting an updated Attribute value from a Component test: value = value3, ESMF_AttributeUpdateComponentUTest.F90, line 540
  PASS  PET            4 : Getting an updated Attribute value from a Component test: value = value1, ESMF_AttributeUpdateComponentUTest.F90, line 526
  PASS  PET            2 : Getting an updated Attribute value from a Component test: value = value1, ESMF_AttributeUpdateComponentUTest.F90, line 526
  PASS  PET            0 : Getting an updated Attribute value from a Component test: value = value1, ESMF_AttributeUpdateComponentUTest.F90, line 526
  PASS  PET            4 : Getting an updated Attribute value from a Component test: value = value2, ESMF_AttributeUpdateComponentUTest.F90, line 533
  PASS  PET            2 : Getting an updated Attribute value from a Component test: value = value2, ESMF_AttributeUpdateComponentUTest.F90, line 533
  PASS  PET            0 : Getting an updated Attribute value from a Component test: value = value2, ESMF_AttributeUpdateComponentUTest.F90, line 533
  PASS  PET            4 : Getting an updated Attribute value from a Component test: value = value3, ESMF_AttributeUpdateComponentUTest.F90, line 540
  PASS  PET            2 : Getting an updated Attribute value from a Component test: value = value3, ESMF_AttributeUpdateComponentUTest.F90, line 540
  PASS  PET            0 : Getting an updated Attribute value from a Component test: value = value3, ESMF_AttributeUpdateComponentUTest.F90, line 540
  PASS  PET            6 : Getting a lone Attribute from a Component test: value = Lone Attribute, ESMF_AttributeUpdateComponentUTest.F90, line 547
  PASS  PET            4 : Getting a lone Attribute from a Component test: value = Lone Attribute, ESMF_AttributeUpdateComponentUTest.F90, line 547
  PASS  PET            2 : Getting a lone Attribute from a Component test: value = Lone Attribute, ESMF_AttributeUpdateComponentUTest.F90, line 547
  Ending Test, file ESMF_AttributeUpdateComponentUTest.F90, line 572
  PASS  PET            0 : Getting a lone Attribute from a Component test: value = Lone Attribute, ESMF_AttributeUpdateComponentUTest.F90, line 547
  Ending Test, file ESMF_AttributeUpdateComponentUTest.F90, line 572
  Ending Test, file ESMF_AttributeUpdateComponentUTest.F90, line 572
  Ending Test, file ESMF_AttributeUpdateComponentUTest.F90, line 572
  PASS  PET            1 : Getting an updated Attribute value from a Component test: value = value1, ESMF_AttributeUpdateComponentUTest.F90, line 526
  PASS  PET            3 : Getting an updated Attribute value from a Component test: value = value1, ESMF_AttributeUpdateComponentUTest.F90, line 526
  PASS  PET            1 : Getting an updated Attribute value from a Component test: value = value2, ESMF_AttributeUpdateComponentUTest.F90, line 533
  PASS  PET            3 : Getting an updated Attribute value from a Component test: value = value2, ESMF_AttributeUpdateComponentUTest.F90, line 533
  PASS  PET            1 : Getting an updated Attribute value from a Component test: value = value3, ESMF_AttributeUpdateComponentUTest.F90, line 540
  PASS  PET            1 : Getting a lone Attribute from a Component test: value = Lone Attribute, ESMF_AttributeUpdateComponentUTest.F90, line 547
  Ending Test, file ESMF_AttributeUpdateComponentUTest.F90, line 572
  PASS  PET            5 : Getting an updated Attribute value from a Component test: value = value1, ESMF_AttributeUpdateComponentUTest.F90, line 526
  PASS  PET            5 : Getting an updated Attribute value from a Component test: value = value2, ESMF_AttributeUpdateComponentUTest.F90, line 533
  PASS  PET            5 : Getting an updated Attribute value from a Component test: value = value3, ESMF_AttributeUpdateComponentUTest.F90, line 540
  PASS  PET            5 : Getting a lone Attribute from a Component test: value = Lone Attribute, ESMF_AttributeUpdateComponentUTest.F90, line 547
  PASS  PET            7 : Getting an updated Attribute value from a Component test: value = value1, ESMF_AttributeUpdateComponentUTest.F90, line 526
  PASS  PET            7 : Getting an updated Attribute value from a Component test: value = value2, ESMF_AttributeUpdateComponentUTest.F90, line 533
  PASS  PET            7 : Getting an updated Attribute value from a Component test: value = value3, ESMF_AttributeUpdateComponentUTest.F90, line 540
  PASS  PET            7 : Getting a lone Attribute from a Component test: value = Lone Attribute, ESMF_AttributeUpdateComponentUTest.F90, line 547
  PASS  PET            3 : Getting an updated Attribute value from a Component test: value = value3, ESMF_AttributeUpdateComponentUTest.F90, line 540
  PASS  PET            3 : Getting a lone Attribute from a Component test: value = Lone Attribute, ESMF_AttributeUpdateComponentUTest.F90, line 547
  Ending Test, file ESMF_AttributeUpdateComponentUTest.F90, line 572
  Ending Test, file ESMF_AttributeUpdateComponentUTest.F90, line 572
  Ending Test, file ESMF_AttributeUpdateComponentUTest.F90, line 572
  PET           2  Test Elapsed Time    10.262000000000022       msec.
  PET           0  Test Elapsed Time    10.257999999999988       msec.
  PET           6  Test Elapsed Time    10.039999999999994       msec.
  PET           5  Test Elapsed Time    10.850999999999999       msec.
  PET           7  Test Elapsed Time    9.5029999999999841       msec.
  PET           4  Test Elapsed Time    10.291999999999996       msec.
  PET           1  Test Elapsed Time    17.168999999999990       msec.
  PET           3  Test Elapsed Time    16.311999999999994       msec.
