2022-07-18 15:40:56
/scratch/cluster/dunlap/esmf-test-dev/pgi_20.1_mpiuni_g_v8.4.0b03/esmf/src/Infrastructure/stubs/mpiuni/mpirun: line 43: 101054 Segmentation fault      (core dumped) $progname $*
