2022-07-16 18:56:52
[1658007833.234854] [h4c55:164880:0]         mxm.c:196  MXM  WARN  The 'ulimit -s' on the system is set to 'unlimited'. This may have negative performance implications. Please set the stack size to the default value (10240) 
[1658007833.234885] [h4c55:164882:0]         mxm.c:196  MXM  WARN  The 'ulimit -s' on the system is set to 'unlimited'. This may have negative performance implications. Please set the stack size to the default value (10240) 
[1658007833.235446] [h4c55:164881:0]         mxm.c:196  MXM  WARN  The 'ulimit -s' on the system is set to 'unlimited'. This may have negative performance implications. Please set the stack size to the default value (10240) 
[1658007833.235400] [h4c55:164883:0]         mxm.c:196  MXM  WARN  The 'ulimit -s' on the system is set to 'unlimited'. This may have negative performance implications. Please set the stack size to the default value (10240) 
[1658007833.240132] [h4c55:164882:0]         mxm.c:196  MXM  WARN  The 'ulimit -s' on the system is set to 'unlimited'. This may have negative performance implications. Please set the stack size to the default value (10240) 
[1658007833.240186] [h4c55:164880:0]         mxm.c:196  MXM  WARN  The 'ulimit -s' on the system is set to 'unlimited'. This may have negative performance implications. Please set the stack size to the default value (10240) 
[1658007833.241064] [h4c55:164883:0]         mxm.c:196  MXM  WARN  The 'ulimit -s' on the system is set to 'unlimited'. This may have negative performance implications. Please set the stack size to the default value (10240) 
[1658007833.241111] [h4c55:164881:0]         mxm.c:196  MXM  WARN  The 'ulimit -s' on the system is set to 'unlimited'. This may have negative performance implications. Please set the stack size to the default value (10240) 
Beginning Test, file ESMCI_ExceptionsUTest.C, line 63
Beginning Test, file ESMCI_ExceptionsUTest.C, line 63NUMBER_OF_PROCESSORS 4
Beginning Test, file ESMCI_ExceptionsUTest.C, line 63
Beginning Test, file ESMCI_ExceptionsUTest.C, line 63NUMBER_OF_PROCESSORS 4
PASS Bare throw Test, ESMCI_ExceptionsUTest.C, line 76
PASS Deep throw Test, ESMCI_ExceptionsUTest.C, line 89
PASS ClassNoDestructor throw Test, ESMCI_ExceptionsUTest.C, line 102
PASS ClassWithDestructor throw Test, ESMCI_ExceptionsUTest.C, line 115
Ending Test, file ESMCI_ExceptionsUTest.C, line 119
PASS Bare throw Test, ESMCI_ExceptionsUTest.C, line 76
PASS Deep throw Test, ESMCI_ExceptionsUTest.C, line 89
PASS ClassNoDestructor throw Test, ESMCI_ExceptionsUTest.C, line 102
PASS ClassWithDestructor throw Test, ESMCI_ExceptionsUTest.C, line 115
Ending Test, file ESMCI_ExceptionsUTest.C, line 119
Beginning Test, file ESMCI_ExceptionsUTest.C, line 63
Beginning Test, file ESMCI_ExceptionsUTest.C, line 63NUMBER_OF_PROCESSORS 4
PASS Bare throw Test, ESMCI_ExceptionsUTest.C, line 76
PASS Deep throw Test, ESMCI_ExceptionsUTest.C, line 89
PASS ClassNoDestructor throw Test, ESMCI_ExceptionsUTest.C, line 102
PASS ClassWithDestructor throw Test, ESMCI_ExceptionsUTest.C, line 115
Ending Test, file ESMCI_ExceptionsUTest.C, line 119
Beginning Test, file ESMCI_ExceptionsUTest.C, line 63
Beginning Test, file ESMCI_ExceptionsUTest.C, line 63NUMBER_OF_PROCESSORS 4
PASS Bare throw Test, ESMCI_ExceptionsUTest.C, line 76
PASS Deep throw Test, ESMCI_ExceptionsUTest.C, line 89
PASS ClassNoDestructor throw Test, ESMCI_ExceptionsUTest.C, line 102
PASS ClassWithDestructor throw Test, ESMCI_ExceptionsUTest.C, line 115
Ending Test, file ESMCI_ExceptionsUTest.C, line 119
Ending Test, file ESMCI_ExceptionsUTest.C, line 119 PET 0 Test Elapsed Time 58.381 msec.
Ending Test, file ESMCI_ExceptionsUTest.C, line 119 PET 2 Test Elapsed Time 59.927 msec.
Ending Test, file ESMCI_ExceptionsUTest.C, line 119 PET 1 Test Elapsed Time 60.457 msec.
Ending Test, file ESMCI_ExceptionsUTest.C, line 119 PET 3 Test Elapsed Time 60.491 msec.
