2022-07-16 18:56:52
 --------------------------------------- 
 Start of  System Test ESMF_ComplianceCheckerSTest
 --------------------------------------- 
 --------------------------------------- 
 Start of  System Test ESMF_ComplianceCheckerSTest
 --------------------------------------- 
 --------------------------------------- 
 Start of  System Test ESMF_ComplianceCheckerSTest
 --------------------------------------- 
 --------------------------------------- 
 Start of  System Test ESMF_ComplianceCheckerSTest
 --------------------------------------- 
 --------------------------------------- 
 Start of  System Test ESMF_ComplianceCheckerSTest
 --------------------------------------- 
 --------------------------------------- 
 Start of  System Test ESMF_ComplianceCheckerSTest
 --------------------------------------- 
[1658008416.660857] [h4c55:248601:0]         mxm.c:196  MXM  WARN  The 'ulimit -s' on the system is set to 'unlimited'. This may have negative performance implications. Please set the stack size to the default value (10240) 
[1658008416.660943] [h4c55:248597:0]         mxm.c:196  MXM  WARN  The 'ulimit -s' on the system is set to 'unlimited'. This may have negative performance implications. Please set the stack size to the default value (10240) 
[1658008416.661150] [h4c55:248602:0]         mxm.c:196  MXM  WARN  The 'ulimit -s' on the system is set to 'unlimited'. This may have negative performance implications. Please set the stack size to the default value (10240) 
[1658008416.661188] [h4c55:248598:0]         mxm.c:196  MXM  WARN  The 'ulimit -s' on the system is set to 'unlimited'. This may have negative performance implications. Please set the stack size to the default value (10240) 
[1658008416.661276] [h4c55:248600:0]         mxm.c:196  MXM  WARN  The 'ulimit -s' on the system is set to 'unlimited'. This may have negative performance implications. Please set the stack size to the default value (10240) 
[1658008416.661437] [h4c55:248599:0]         mxm.c:196  MXM  WARN  The 'ulimit -s' on the system is set to 'unlimited'. This may have negative performance implications. Please set the stack size to the default value (10240) 
[1658008416.666747] [h4c55:248597:0]         mxm.c:196  MXM  WARN  The 'ulimit -s' on the system is set to 'unlimited'. This may have negative performance implications. Please set the stack size to the default value (10240) 
[1658008416.666848] [h4c55:248601:0]         mxm.c:196  MXM  WARN  The 'ulimit -s' on the system is set to 'unlimited'. This may have negative performance implications. Please set the stack size to the default value (10240) 
[1658008416.666987] [h4c55:248602:0]         mxm.c:196  MXM  WARN  The 'ulimit -s' on the system is set to 'unlimited'. This may have negative performance implications. Please set the stack size to the default value (10240) 
[1658008416.667190] [h4c55:248598:0]         mxm.c:196  MXM  WARN  The 'ulimit -s' on the system is set to 'unlimited'. This may have negative performance implications. Please set the stack size to the default value (10240) 
[1658008416.667287] [h4c55:248599:0]         mxm.c:196  MXM  WARN  The 'ulimit -s' on the system is set to 'unlimited'. This may have negative performance implications. Please set the stack size to the default value (10240) 
[1658008416.667311] [h4c55:248600:0]         mxm.c:196  MXM  WARN  The 'ulimit -s' on the system is set to 'unlimited'. This may have negative performance implications. Please set the stack size to the default value (10240) 
 Comp Creates finished
 Comp Creates finished
 Comp Creates finished
 Comp Creates finished
 Comp Creates finished
 Comp Creates finished
           2 User Comp1 Register starting
           0 User Comp1 Register starting
           1 User Comp1 Register starting
           3 User Comp1 Register starting
           3 User Comp1 Register returning
           2 User Comp1 Register returning
           0 User Comp1 Register returning
           1 User Comp1 Register returning
           0 User Comp2 Register starting
           0 User Comp2 Register returning
           1 User Comp2 Register starting
           1 User Comp2 Register returning
 User Coupler Register starting
 Registered Initialize, Run, and Finalize routines
 User Coupler Register returning
 User Coupler Register starting
 Registered Initialize, Run, and Finalize routines
 User Coupler Register returning
 User Coupler Register starting
 Registered Initialize, Run, and Finalize routines
 User Coupler Register returning
 User Coupler Register starting
 Registered Initialize, Run, and Finalize routines
 User Coupler Register returning
 User Coupler Register starting
 Registered Initialize, Run, and Finalize routines
 User Coupler Register returning
 User Coupler Register starting
 Registered Initialize, Run, and Finalize routines
 User Coupler Register returning
           0 User Comp2 Init starting
           2 User Comp1 Init starting
           0 User Comp1 Init starting
           3 User Comp1 Init starting
           1 User Comp1 Init starting
           1 User Comp2 Init starting
           0 User Comp2 Init returning
           1 User Comp2 Init returning
           1 User Comp1 Init returning
           0 User Comp1 Init returning
           3 User Comp1 Init returning
           2 User Comp1 Init returning
 User Coupler Init starting
 User Coupler Init returning
 User Coupler Init starting
 User Coupler Init returning
 User Coupler Init starting
 User Coupler Init returning
 User Coupler Init starting
 User Coupler Init returning
 User Coupler Init starting
 User Coupler Init returning
 User Coupler Init starting
 User Coupler Init returning
           1 User Comp1 Run starting
           3 User Comp1 Run starting
           1 User Comp1 Run returning
           3 User Comp1 Run returning
           2 User Comp1 Run starting
           0 User Comp1 Run starting
           0 User Comp1 Run returning
           2 User Comp1 Run returning
 User Coupler Run starting
 User Coupler Run returning
 User Coupler Run starting
 User Coupler Run returning
 User Coupler Run starting
 User Coupler Run returning
 User Coupler Run starting
 User Coupler Run returning
 User Coupler Final starting
 User Coupler Final returning
 User Coupler Final starting
 User Coupler Final returning
 User Coupler Final starting
 User Coupler Final returning
 User Coupler Final starting
 User Coupler Final returning
           1 User Comp1 Final starting
           1 User Comp1 Final returning
           3 User Comp1 Final starting
           3 User Comp1 Final returning
           0 User Comp1 Final starting
           0 User Comp1 Final returning
           2 User Comp1 Final starting
           2 User Comp1 Final returning
 All Destroy routines done
  System Test ESMF_ComplianceCheckerSTest complete.
 ------------------------------------------------------------
 User Coupler Run starting
 User Coupler Run returning
 All Destroy routines done
  System Test ESMF_ComplianceCheckerSTest complete.
 ------------------------------------------------------------
 ------------------------------------------------------------
 Test finished, localPet =            3
 ------------------------------------------------------------
 Test finished, localPet =            1
 ------------------------------------------------------------
 ------------------------------------------------------------
 ------------------------------------------------------------
 ------------------------------------------------------------
 
  System Test ESMF_ComplianceCheckerSTest
  SUCCESS:  System Test ESMF_ComplianceCheckerSTest finished correctly.
 
 
  System Test ESMF_ComplianceCheckerSTest
  SUCCESS:  System Test ESMF_ComplianceCheckerSTest finished correctly.
 
 All Destroy routines done
  System Test ESMF_ComplianceCheckerSTest complete.
  PASS  System Test ESMF_ComplianceCheckerSTest, ESMF_ComplianceCheckerSTest.F90, line 354
 All Destroy routines done
  System Test ESMF_ComplianceCheckerSTest complete.
  PASS  System Test ESMF_ComplianceCheckerSTest, ESMF_ComplianceCheckerSTest.F90, line 354
 ------------------------------------------------------------
 ------------------------------------------------------------
 
  System Test ESMF_ComplianceCheckerSTest
  SUCCESS:  System Test ESMF_ComplianceCheckerSTest finished correctly.
 
 
  System Test ESMF_ComplianceCheckerSTest
  SUCCESS:  System Test ESMF_ComplianceCheckerSTest finished correctly.
 
 Test finished, localPet =            0
 ------------------------------------------------------------
 ------------------------------------------------------------
 ------------------------------------------------------------
 ------------------------------------------------------------
 Test finished, localPet =            2
 ------------------------------------------------------------
 ------------------------------------------------------------
  PASS  System Test ESMF_ComplianceCheckerSTest, ESMF_ComplianceCheckerSTest.F90, line 354
  PASS  System Test ESMF_ComplianceCheckerSTest, ESMF_ComplianceCheckerSTest.F90, line 354
 User Coupler Run starting
 User Coupler Run returning
           1 User Comp2 Run starting
           1 User Comp2 Run returning
           0 User Comp2 Run starting
           0 User Comp2 Run returning
 User Coupler Final starting
 User Coupler Final returning
 User Coupler Final starting
 User Coupler Final returning
           1 User Comp2 Final starting
           1 User Comp2 Final returning
           0 User Comp2 Final starting
           0 User Comp2 Final returning
 All Destroy routines done
  System Test ESMF_ComplianceCheckerSTest complete.
 
  System Test ESMF_ComplianceCheckerSTest
  SUCCESS:  System Test ESMF_ComplianceCheckerSTest finished correctly.
 
 ------------------------------------------------------------
 ------------------------------------------------------------
 Test finished, localPet =            5
 ------------------------------------------------------------
 ------------------------------------------------------------
  PASS  System Test ESMF_ComplianceCheckerSTest, ESMF_ComplianceCheckerSTest.F90, line 354
 All Destroy routines done
  System Test ESMF_ComplianceCheckerSTest complete.
 
  System Test ESMF_ComplianceCheckerSTest
  SUCCESS:  System Test ESMF_ComplianceCheckerSTest finished correctly.
 
 ------------------------------------------------------------
 ------------------------------------------------------------
 Test finished, localPet =            4
 ------------------------------------------------------------
 ------------------------------------------------------------
  PASS  System Test ESMF_ComplianceCheckerSTest, ESMF_ComplianceCheckerSTest.F90, line 354
