2022-07-16 18:56:52
[1658008051.158509] [h4c55:209076:0]         mxm.c:196  MXM  WARN  The 'ulimit -s' on the system is set to 'unlimited'. This may have negative performance implications. Please set the stack size to the default value (10240) 
[1658008051.158959] [h4c55:209073:0]         mxm.c:196  MXM  WARN  The 'ulimit -s' on the system is set to 'unlimited'. This may have negative performance implications. Please set the stack size to the default value (10240) 
[1658008051.158728] [h4c55:209074:0]         mxm.c:196  MXM  WARN  The 'ulimit -s' on the system is set to 'unlimited'. This may have negative performance implications. Please set the stack size to the default value (10240) 
[1658008051.159077] [h4c55:209075:0]         mxm.c:196  MXM  WARN  The 'ulimit -s' on the system is set to 'unlimited'. This may have negative performance implications. Please set the stack size to the default value (10240) 
[1658008051.164718] [h4c55:209076:0]         mxm.c:196  MXM  WARN  The 'ulimit -s' on the system is set to 'unlimited'. This may have negative performance implications. Please set the stack size to the default value (10240) 
[1658008051.164764] [h4c55:209074:0]         mxm.c:196  MXM  WARN  The 'ulimit -s' on the system is set to 'unlimited'. This may have negative performance implications. Please set the stack size to the default value (10240) 
[1658008051.165698] [h4c55:209073:0]         mxm.c:196  MXM  WARN  The 'ulimit -s' on the system is set to 'unlimited'. This may have negative performance implications. Please set the stack size to the default value (10240) 
[1658008051.165746] [h4c55:209075:0]         mxm.c:196  MXM  WARN  The 'ulimit -s' on the system is set to 'unlimited'. This may have negative performance implications. Please set the stack size to the default value (10240) 
  Beginning Test, file ESMF_PointListUTest.F90, line 67
  Beginning Test, file ESMF_PointListUTest.F90, line 67
  NUMBER_OF_PROCESSORS           4
  Beginning Test, file ESMF_PointListUTest.F90, line 67
  NUMBER_OF_PROCESSORS           4
  Beginning Test, file ESMF_PointListUTest.F90, line 67
  NUMBER_OF_PROCESSORS           4
  NUMBER_OF_PROCESSORS           4
  PASS  Test creating a PointList from user inputs, ESMF_PointListUTest.F90, line 83
  PASS  Test creating a PointList from user inputs, ESMF_PointListUTest.F90, line 83
  PASS  Test creating a PointList from user inputs, ESMF_PointListUTest.F90, line 83
  PASS  Test creating a PointList from user inputs, ESMF_PointListUTest.F90, line 83
  PASS  Test creating a PointList from existing grid without masking, ESMF_PointListUTest.F90, line 98
  PASS  Test creating a PointList from existing grid without masking, ESMF_PointListUTest.F90, line 98
  PASS  Test creating a PointList from existing grid without masking, ESMF_PointListUTest.F90, line 98
  PASS  Test creating a PointList from existing grid without masking, ESMF_PointListUTest.F90, line 98
  PASS  Test creating a PointList from existing grid with masking, ESMF_PointListUTest.F90, line 114
  PASS  Test creating a PointList from existing grid with masking, ESMF_PointListUTest.F90, line 114
  PASS  Test creating a PointList from existing grid with masking, ESMF_PointListUTest.F90, line 114
  PASS  Test creating a PointList from existing grid with masking, ESMF_PointListUTest.F90, line 114
  PASS  Test creating a PointList from existing mesh via nodes without masking, ESMF_PointListUTest.F90, line 130
  PASS  Test creating a PointList from existing mesh via nodes without masking, ESMF_PointListUTest.F90, line 130
  PASS  Test creating a PointList from existing mesh via nodes without masking, ESMF_PointListUTest.F90, line 130
  PASS  Test creating a PointList from existing mesh via nodes without masking, ESMF_PointListUTest.F90, line 130
  PASS  Test creating a PointList from existing mesh via nodes with masking, ESMF_PointListUTest.F90, line 145
  PASS  Test creating a PointList from existing mesh via nodes with masking, ESMF_PointListUTest.F90, line 145
  PASS  Test creating a PointList from existing mesh via nodes with masking, ESMF_PointListUTest.F90, line 145
  PASS  Test creating a PointList from existing mesh via nodes with masking, ESMF_PointListUTest.F90, line 145
  PASS  Test creating a PointList from existing mesh via elements without masking, ESMF_PointListUTest.F90, line 160
  PASS  Test creating a PointList from existing mesh via elements without masking, ESMF_PointListUTest.F90, line 160
  PASS  Test creating a PointList from existing mesh via elements without masking, ESMF_PointListUTest.F90, line 160
  PASS  Test creating a PointList from existing mesh via elements without masking, ESMF_PointListUTest.F90, line 160
  PASS  Test creating a PointList from existing mesh via elements with masking, ESMF_PointListUTest.F90, line 176
  PASS  Test creating a PointList from existing mesh via elements with masking, ESMF_PointListUTest.F90, line 176
  PASS  Test creating a PointList from existing mesh via elements with masking, ESMF_PointListUTest.F90, line 176
  PASS  Test creating a PointList from existing mesh via elements with masking, ESMF_PointListUTest.F90, line 176
  PASS  Test creating a PointList from existing LocStream without masking, ESMF_PointListUTest.F90, line 191
  PASS  Test creating a PointList from existing LocStream without masking, ESMF_PointListUTest.F90, line 191
  PASS  Test creating a PointList from existing LocStream without masking, ESMF_PointListUTest.F90, line 191
  PASS  Test creating a PointList from existing LocStream without masking, ESMF_PointListUTest.F90, line 191
  PASS  Test creating a PointList from existing LocStream with masking, ESMF_PointListUTest.F90, line 206
  PASS  Test creating a PointList from existing LocStream with masking, ESMF_PointListUTest.F90, line 206
  PASS  Test creating a PointList from existing LocStream with masking, ESMF_PointListUTest.F90, line 206
  PASS  Test creating a PointList from existing LocStream with masking, ESMF_PointListUTest.F90, line 206
  PASS  Test creating a PointList from existing mesh via nodes without masking, empty proc, ESMF_PointListUTest.F90, line 221
  Ending Test, file ESMF_PointListUTest.F90, line 226
  PASS  Test creating a PointList from existing mesh via nodes without masking, empty proc, ESMF_PointListUTest.F90, line 221
  Ending Test, file ESMF_PointListUTest.F90, line 226
  PASS  Test creating a PointList from existing mesh via nodes without masking, empty proc, ESMF_PointListUTest.F90, line 221
  Ending Test, file ESMF_PointListUTest.F90, line 226
  PASS  Test creating a PointList from existing mesh via nodes without masking, empty proc, ESMF_PointListUTest.F90, line 221
  Ending Test, file ESMF_PointListUTest.F90, line 226
  PET           3  Test Elapsed Time    25.360000000000007       msec.
  PET           1  Test Elapsed Time    25.479999999999990       msec.
  PET           2  Test Elapsed Time    26.736000000000011       msec.
  PET           0  Test Elapsed Time    25.928000000000008       msec.
