2022-07-20 22:13:15
Name: MyArrayBundle	  Convention: customconvention2	  Purpose: custompurpose2	


