2022-07-15 14:13:36
  Beginning Test, file ESMF_StateCreateUTest.F90, line 106
  NUMBER_OF_PROCESSORS           4
  Beginning Test, file ESMF_StateCreateUTest.F90, line 106
  NUMBER_OF_PROCESSORS           4
  Beginning Test, file ESMF_StateCreateUTest.F90, line 106
  NUMBER_OF_PROCESSORS           4
  Beginning Test, file ESMF_StateCreateUTest.F90, line 106
  NUMBER_OF_PROCESSORS           4
  PASS  Creating an empty State Test, ESMF_StateCreateUTest.F90, line 117
  PASS  Creating an empty State Test, ESMF_StateCreateUTest.F90, line 117
  PASS  Creating an empty State Test, ESMF_StateCreateUTest.F90, line 117
  PASS  Creating an empty State Test, ESMF_StateCreateUTest.F90, line 117
  PASS  State equality before assignment Test, ESMF_StateCreateUTest.F90, line 124
  PASS  State equality before assignment Test, ESMF_StateCreateUTest.F90, line 124
  PASS  State assignment and equality Test, ESMF_StateCreateUTest.F90, line 133
  PASS  State equality before assignment Test, ESMF_StateCreateUTest.F90, line 124
  PASS  State assignment and equality Test, ESMF_StateCreateUTest.F90, line 133
  PASS  State equality before assignment Test, ESMF_StateCreateUTest.F90, line 124
  PASS  State assignment and equality Test, ESMF_StateCreateUTest.F90, line 133
  PASS  State assignment and equality Test, ESMF_StateCreateUTest.F90, line 133
  PASS  StateDestroy Test, ESMF_StateCreateUTest.F90, line 140
  PASS  StateDestroy Test, ESMF_StateCreateUTest.F90, line 140
  PASS  StateDestroy Test, ESMF_StateCreateUTest.F90, line 140
  PASS  State equality after destroy Test, ESMF_StateCreateUTest.F90, line 148
  PASS  StateDestroy Test, ESMF_StateCreateUTest.F90, line 140
  PASS  State equality after destroy Test, ESMF_StateCreateUTest.F90, line 148
  PASS  State non-equality after destroy Test, ESMF_StateCreateUTest.F90, line 156
  PASS  State equality after destroy Test, ESMF_StateCreateUTest.F90, line 148
  PASS  State non-equality after destroy Test, ESMF_StateCreateUTest.F90, line 156
  PASS  Double StateDestroy through alias Test, ESMF_StateCreateUTest.F90, line 163
  PASS  State non-equality after destroy Test, ESMF_StateCreateUTest.F90, line 156
  PASS  State equality after destroy Test, ESMF_StateCreateUTest.F90, line 148
  PASS  Double StateDestroy through alias Test, ESMF_StateCreateUTest.F90, line 163
  PASS  State non-equality after destroy Test, ESMF_StateCreateUTest.F90, line 156
  PASS  Double StateDestroy through alias Test, ESMF_StateCreateUTest.F90, line 163
  PASS  Creating an empty State Test, ESMF_StateCreateUTest.F90, line 173
 ESMF_StatePrint: (pet 0):
  PASS  Double StateDestroy through alias Test, ESMF_StateCreateUTest.F90, line 163
  PASS  Creating an empty State Test, ESMF_StateCreateUTest.F90, line 173
  PASS  Creating an empty State Test, ESMF_StateCreateUTest.F90, line 173
 ESMF_StatePrint: (pet 2):
 ESMF_StatePrint: (pet 3):
  State name: Atmosphere Import
  State name: Atmosphere Import
     status: Import State, object count: 0
  State name: Atmosphere Import
     status: Import State, object count: 0
     reconcile needed: F
     reconcile needed: F
 Base name    = Atmosphere Import
 Status: Base = Ready,  object = Ready
 Proxy        = no
 Root Info (Attributes):
  PASS  Creating an empty State Test, ESMF_StateCreateUTest.F90, line 173
 ESMF_StatePrint: (pet 1):
     status: Import State, object count: 0
     reconcile needed: F
 Base name    = Atmosphere Import
 Status: Base = Ready,  object = Ready
 Proxy        = no
 Base name    = Atmosphere Import
 Status: Base = Ready,  object = Ready
 Proxy        = no
 Root Info (Attributes):
 Root Info (Attributes):
  State name: Atmosphere Import
     status: Import State, object count: 0
     reconcile needed: F
{}{}{} Base name    = Atmosphere Import
 Status: Base = Ready,  object = Ready
 Proxy        = no
 Root Info (Attributes):
  PASS  Printing an empty State Test, ESMF_StateCreateUTest.F90, line 182
  PASS  Printing an empty State Test, ESMF_StateCreateUTest.F90, line 182
  PASS  Printing an empty State Test, ESMF_StateCreateUTest.F90, line 182
 testName: Atmosphere Import
  PASS  Getting name from an empty State Test, ESMF_StateCreateUTest.F90, line 191
 testName: Atmosphere Import
  PASS  Getting name from an empty State Test, ESMF_StateCreateUTest.F90, line 191
 testName: Atmosphere Import
  PASS  Getting name from an empty State Test, ESMF_StateCreateUTest.F90, line 191
  PASS  Attach user method to an empty State Test, ESMF_StateCreateUTest.F90, line 200
  PASS  Attach existing user method to an empty State Test, ESMF_StateCreateUTest.F90, line 209
  PASS  Attach user method to an empty State Test, ESMF_StateCreateUTest.F90, line 219
  PASS  Removing user method from empty State Test, ESMF_StateCreateUTest.F90, line 228
  PASS  Removing non-existing user method from empty State Test, ESMF_StateCreateUTest.F90, line 238
 Hi from myUserMethod
 ESMF_StatePrint: (pet 2):
  State name: Atmosphere Import
     status: Import State, object count: 0
     reconcile needed: F
 Base name    = Atmosphere Import
 Status: Base = Ready,  object = Ready
 Proxy        = no
 Root Info (Attributes):
{}  PASS  Executing user method in an empty State Test, ESMF_StateCreateUTest.F90, line 248
  PASS  Destroying an empty State Test, ESMF_StateCreateUTest.F90, line 258
  PASS  Container Create Test, ESMF_StateCreateUTest.F90, line 271
  PASS  Container Add si Test, ESMF_StateCreateUTest.F90, line 285
Container::print() multipmap:item=0 key=testField1 value=0x177eee0
Container::print()      list:item=0 key=testField1 value=0x177eee0
  PASS  Container Print Test, ESMF_StateCreateUTest.F90, line 292
  PASS  Container Get item Test, ESMF_StateCreateUTest.F90, line 300
 string in siwOut: test this string                                                                                                                                                                                                                                                
 string in si: test this string                                                                                                                                                                                                                                                
  PASS  Verify Container Get item Test, ESMF_StateCreateUTest.F90, line 309
  PASS  Container Get item Test, ESMF_StateCreateUTest.F90, line 319
 string in siw%si: test this string                                                                                                                                                                                                                                                
  PASS  Container Destroy Test, ESMF_StateCreateUTest.F90, line 330
  PASS  Creating an empty export State Test, ESMF_StateCreateUTest.F90, line 347
  PASS  Creating an empty bundle for State Test, ESMF_StateCreateUTest.F90, line 356
  PASS  Adding a FieldBundle to a State, ESMF_StateCreateUTest.F90, line 364
 ESMF_StatePrint: (pet 2):
  State name: Ocean Export
     status: Export State, object count: 1
     reconcile needed: T
 Base name    = Ocean Export
 Status: Base = Ready,  object = Ready
 Proxy        = no
 Root Info (Attributes):
{}     object: 1,name: Surface pressure
            type: FieldBundle
  PASS  Printing a State with 1 FieldBundle, ESMF_StateCreateUTest.F90, line 372
  PASS  Creating an empty bundle for State Test, ESMF_StateCreateUTest.F90, line 381
  PASS  Adding a second FieldBundle to a State, ESMF_StateCreateUTest.F90, line 389
 ESMF_StatePrint: (pet 2):
  State name: Ocean Export
     status: Export State, object count: 2
     reconcile needed: T
 Base name    = Ocean Export
 Status: Base = Ready,  object = Ready
 Proxy        = no
 Root Info (Attributes):
{}     object: 1,name: Surface pressure
            type: FieldBundle
     object: 2,name: Temperature
            type: FieldBundle
  PASS  Printing a State with 2 FieldBundles, ESMF_StateCreateUTest.F90, line 397
  PASS  Getting a FieldBundle from a State by name, ESMF_StateCreateUTest.F90, line 405
  PASS  Destroying a State, ESMF_StateCreateUTest.F90, line 413
  PASS  Destroying a FieldBundle, ESMF_StateCreateUTest.F90, line 421
{}  PASS  Printing an empty State Test, ESMF_StateCreateUTest.F90, line 182
 testName: Atmosphere Import
  PASS  Getting name from an empty State Test, ESMF_StateCreateUTest.F90, line 191
  PASS  Attach user method to an empty State Test, ESMF_StateCreateUTest.F90, line 200
  PASS  Attach existing user method to an empty State Test, ESMF_StateCreateUTest.F90, line 209
  PASS  Attach user method to an empty State Test, ESMF_StateCreateUTest.F90, line 219
  PASS  Removing user method from empty State Test, ESMF_StateCreateUTest.F90, line 228
  PASS  Attach user method to an empty State Test, ESMF_StateCreateUTest.F90, line 200
  PASS  Attach existing user method to an empty State Test, ESMF_StateCreateUTest.F90, line 209
  PASS  Attach user method to an empty State Test, ESMF_StateCreateUTest.F90, line 219
  PASS  Removing user method from empty State Test, ESMF_StateCreateUTest.F90, line 228
  PASS  Removing non-existing user method from empty State Test, ESMF_StateCreateUTest.F90, line 238
 Hi from myUserMethod
 ESMF_StatePrint: (pet 0):
  State name: Atmosphere Import
     status: Import State, object count: 0
     reconcile needed: F
 Base name    = Atmosphere Import
 Status: Base = Ready,  object = Ready
 Proxy        = no
 Root Info (Attributes):
{}  PASS  Executing user method in an empty State Test, ESMF_StateCreateUTest.F90, line 248
  PASS  Destroying an empty State Test, ESMF_StateCreateUTest.F90, line 258
  PASS  Container Create Test, ESMF_StateCreateUTest.F90, line 271
  PASS  Container Add si Test, ESMF_StateCreateUTest.F90, line 285
Container::print() multipmap:item=0 key=testField1 value=0xc99de0
Container::print()      list:item=0 key=testField1 value=0xc99de0
  PASS  Container Print Test, ESMF_StateCreateUTest.F90, line 292
  PASS  Container Get item Test, ESMF_StateCreateUTest.F90, line 300
 string in siwOut: test this string                                                                                                                                                                                                                                                
 string in si: test this string                                                                                                                                                                                                                                                
  PASS  Verify Container Get item Test, ESMF_StateCreateUTest.F90, line 309
  PASS  Container Get item Test, ESMF_StateCreateUTest.F90, line 319
 string in siw%si: test this string                                                                                                                                                                                                                                                
  PASS  Container Destroy Test, ESMF_StateCreateUTest.F90, line 330
  PASS  Creating an empty export State Test, ESMF_StateCreateUTest.F90, line 347
  PASS  Creating an empty bundle for State Test, ESMF_StateCreateUTest.F90, line 356
  PASS  Adding a FieldBundle to a State, ESMF_StateCreateUTest.F90, line 364
 ESMF_StatePrint: (pet 0):
  State name: Ocean Export
     status: Export State, object count: 1
     reconcile needed: T
 Base name    = Ocean Export
 Status: Base = Ready,  object = Ready
 Proxy        = no
 Root Info (Attributes):
{}     object: 1,name: Surface pressure
            type: FieldBundle
  PASS  Printing a State with 1 FieldBundle, ESMF_StateCreateUTest.F90, line 372
  PASS  Creating an empty bundle for State Test, ESMF_StateCreateUTest.F90, line 381
  PASS  Adding a second FieldBundle to a State, ESMF_StateCreateUTest.F90, line 389
 ESMF_StatePrint: (pet 0):
  State name: Ocean Export
     status: Export State, object count: 2
     reconcile needed: T
 Base name    = Ocean Export
 Status: Base = Ready,  object = Ready
 Proxy        = no
 Root Info (Attributes):
{}     object: 1,name: Surface pressure
            type: FieldBundle
     object: 2,name: Temperature
            type: FieldBundle
  PASS  Printing a State with 2 FieldBundles, ESMF_StateCreateUTest.F90, line 397
  PASS  Getting a FieldBundle from a State by name, ESMF_StateCreateUTest.F90, line 405
  PASS  Destroying a State, ESMF_StateCreateUTest.F90, line 413
  PASS  Destroying a FieldBundle, ESMF_StateCreateUTest.F90, line 421
  PASS  Attach user method to an empty State Test, ESMF_StateCreateUTest.F90, line 200
  PASS  Attach existing user method to an empty State Test, ESMF_StateCreateUTest.F90, line 209
  PASS  Attach user method to an empty State Test, ESMF_StateCreateUTest.F90, line 219
  PASS  Removing user method from empty State Test, ESMF_StateCreateUTest.F90, line 228
  PASS  Destroying a FieldBundle, ESMF_StateCreateUTest.F90, line 429
  PASS  Destroying a FieldBundle, ESMF_StateCreateUTest.F90, line 429
  PASS  Creating a State, ESMF_StateCreateUTest.F90, line 439
  PASS  Creating a State, ESMF_StateCreateUTest.F90, line 439
  PASS  Removing non-existing user method from empty State Test, ESMF_StateCreateUTest.F90, line 238
 Hi from myUserMethod
 ESMF_StatePrint: (pet 1):
  State name: Atmosphere Import
     status: Import State, object count: 0
     reconcile needed: F
 Base name    = Atmosphere Import
 Status: Base = Ready,  object = Ready
 Proxy        = no
 Root Info (Attributes):
  PASS  Adding a name only, ESMF_StateCreateUTest.F90, line 449
  PASS  Adding a name only, ESMF_StateCreateUTest.F90, line 449
{}  PASS  Executing user method in an empty State Test, ESMF_StateCreateUTest.F90, line 248
  PASS  Removing non-existing user method from empty State Test, ESMF_StateCreateUTest.F90, line 238
  PASS  Marking an item needed, ESMF_StateCreateUTest.F90, line 459
  PASS  Marking an item needed, ESMF_StateCreateUTest.F90, line 459
  PASS  Destroying an empty State Test, ESMF_StateCreateUTest.F90, line 258
 Hi from myUserMethod
 ESMF_StatePrint: (pet 3):
  PASS  Container Create Test, ESMF_StateCreateUTest.F90, line 271
  State name: Atmosphere Import
     status: Import State, object count: 0
     reconcile needed: F
 Base name    = Atmosphere Import
 Status: Base = Ready,  object = Ready
 Proxy        = no
 Root Info (Attributes):
{}  PASS  Executing user method in an empty State Test, ESMF_StateCreateUTest.F90, line 248
  PASS  Destroying an empty State Test, ESMF_StateCreateUTest.F90, line 258
  PASS  Container Create Test, ESMF_StateCreateUTest.F90, line 271
  PASS  Querying if an item is needed, ESMF_StateCreateUTest.F90, line 468
  PASS  Querying if an item is needed, ESMF_StateCreateUTest.F90, line 468
  PASS  Container Add si Test, ESMF_StateCreateUTest.F90, line 285
  PASS  Creating a FieldBundle, ESMF_StateCreateUTest.F90, line 476
  PASS  Creating a FieldBundle, ESMF_StateCreateUTest.F90, line 476
  PASS  Container Add si Test, ESMF_StateCreateUTest.F90, line 285
Container::print() multipmap:item=0 key=testField1 value=0x2381f20
Container::print()      list:item=0 key=testField1 value=0x2381f20
  PASS  Replacing a name placeholder with a bundle, ESMF_StateCreateUTest.F90, line 484
  PASS  Destroying a State, ESMF_StateCreateUTest.F90, line 493
Container::print() multipmap:item=0 key=testField1 value=0x1329710
Container::print()      list:item=0 key=testField1 value=0x1329710
  PASS  Container Print Test, ESMF_StateCreateUTest.F90, line 292
  PASS  Replacing a name placeholder with a bundle, ESMF_StateCreateUTest.F90, line 484
  PASS  Destroying a State, ESMF_StateCreateUTest.F90, line 493
  PASS  Container Print Test, ESMF_StateCreateUTest.F90, line 292
  PASS  Destroying a FieldBundle, ESMF_StateCreateUTest.F90, line 501
  PASS  Destroying a FieldBundle, ESMF_StateCreateUTest.F90, line 501
  PASS  Container Get item Test, ESMF_StateCreateUTest.F90, line 300
 string in siwOut: test this string                                                                                                                                                                                                                                                
 string in si: test this string                                                                                                                                                                                                                                                
  PASS  Creating a State for nested State test, ESMF_StateCreateUTest.F90, line 517
  PASS  Creating a State, ESMF_StateCreateUTest.F90, line 526
  PASS  Container Get item Test, ESMF_StateCreateUTest.F90, line 300
 string in siwOut: test this string                                                                                                                                                                                                                                                
 string in si: test this string                                                                                                                                                                                                                                                
  PASS  Verify Container Get item Test, ESMF_StateCreateUTest.F90, line 309
  PASS  Container Get item Test, ESMF_StateCreateUTest.F90, line 319
  PASS  Creating a State for nested State test, ESMF_StateCreateUTest.F90, line 517
  PASS  Creating a State, ESMF_StateCreateUTest.F90, line 526
  PASS  Verify Container Get item Test, ESMF_StateCreateUTest.F90, line 309
  PASS  Creating an empty bundle for nested State Test, ESMF_StateCreateUTest.F90, line 535
 string in siw%si: test this string                                                                                                                                                                                                                                                
  PASS  Container Destroy Test, ESMF_StateCreateUTest.F90, line 330
  PASS  Container Get item Test, ESMF_StateCreateUTest.F90, line 319
  PASS  Creating an empty bundle for nested State Test, ESMF_StateCreateUTest.F90, line 535
  PASS  Adding a FieldBundle to a nested State, ESMF_StateCreateUTest.F90, line 543
  PASS  Adding a FieldBundle to a nested State, ESMF_StateCreateUTest.F90, line 543
  PASS  Add a nested State into another State, ESMF_StateCreateUTest.F90, line 551
  PASS  Creating a State, ESMF_StateCreateUTest.F90, line 560
  PASS  Creating an empty export State Test, ESMF_StateCreateUTest.F90, line 347
  PASS  Creating an empty bundle for State Test, ESMF_StateCreateUTest.F90, line 356
 string in siw%si: test this string                                                                                                                                                                                                                                                
  PASS  Container Destroy Test, ESMF_StateCreateUTest.F90, line 330
  PASS  Add a nested State into another State, ESMF_StateCreateUTest.F90, line 551
  PASS  Creating a State, ESMF_StateCreateUTest.F90, line 560
  PASS  Add a second nested State into another State, ESMF_StateCreateUTest.F90, line 568
  PASS  Creating an empty export State Test, ESMF_StateCreateUTest.F90, line 347
  PASS  Add a second nested State into another State, ESMF_StateCreateUTest.F90, line 568
  PASS  Validating a nested State - single level, ESMF_StateCreateUTest.F90, line 576
  PASS  Adding a FieldBundle to a State, ESMF_StateCreateUTest.F90, line 364
  PASS  Validating a nested State - single level, ESMF_StateCreateUTest.F90, line 576
  PASS  Validating a nested State - nested, ESMF_StateCreateUTest.F90, line 584
  PASS  Creating an empty bundle for State Test, ESMF_StateCreateUTest.F90, line 356
  PASS  Validating a nested State - nested, ESMF_StateCreateUTest.F90, line 584
 ESMF_StatePrint: (pet 3):
  State name: Ocean Export
     status: Export State, object count: 1
     reconcile needed: T
 Base name    = Ocean Export
 Status: Base = Ready,  object = Ready
 Proxy        = no
 Root Info (Attributes):
{}     object: 1,name: Surface pressure
            type: FieldBundle
  PASS  Printing a State with 1 FieldBundle, ESMF_StateCreateUTest.F90, line 372
 ESMF_StatePrint: (pet 2):
  State name: Coupler Statelist
     status: Unspecified intent direction, object count: 2
     reconcile needed: T
 Base name    = Coupler Statelist
 Status: Base = Ready,  object = Ready
 Proxy        = no
 Root Info (Attributes):
{}     object: 1,name: Atmosphere Import
            type: State, proxy flag: no
 ESMF_StatePrint: (pet 0):
  State name: Coupler Statelist
     status: Unspecified intent direction, object count: 2
     reconcile needed: T
 Base name    = Coupler Statelist
 Status: Base = Ready,  object = Ready
 Proxy        = no
 Root Info (Attributes):
{}     object: 2,name: Ocean Export
            type: State, proxy flag: no
  PASS  Printing a nested State - single level, ESMF_StateCreateUTest.F90, line 592
  PASS  Adding a FieldBundle to a State, ESMF_StateCreateUTest.F90, line 364
     object: 1,name: Atmosphere Import
            type: State, proxy flag: no
     object: 2,name: Ocean Export
            type: State, proxy flag: no
  PASS  Printing a nested State - single level, ESMF_StateCreateUTest.F90, line 592
 ESMF_StatePrint: (pet 1):
  State name: Ocean Export
  PASS  Creating an empty bundle for State Test, ESMF_StateCreateUTest.F90, line 381
  PASS  Adding a second FieldBundle to a State, ESMF_StateCreateUTest.F90, line 389
 testName: Atmosphere Import
  PASS  Getting a FieldBundle from a nested State, ESMF_StateCreateUTest.F90, line 603
 testName: Atmosphere Import
  PASS  Getting a FieldBundle from a nested State, ESMF_StateCreateUTest.F90, line 603
 item count:            2
  PASS  Getting item count from a nested State - single level, ESMF_StateCreateUTest.F90, line 613
  PASS  Getting item name list from a nested State - single level, ESMF_StateCreateUTest.F90, line 623
     status: Export State, object count: 1
     reconcile needed: T
 Base name    = Ocean Export
 Status: Base = Ready,  object = Ready
 Proxy        = no
 Root Info (Attributes):
{}     object: 1,name: Surface pressure
            type: FieldBundle
 ESMF_StatePrint: (pet 3):
  State name: Ocean Export
     status: Export State, object count: 2
     reconcile needed: T
 Base name    = Ocean Export
 Status: Base = Ready,  object = Ready
 Proxy        = no
 Root Info (Attributes):
{}     object: 1,name: Surface pressure
            type: FieldBundle
     object: 2,name: Temperature
            type: FieldBundle
  PASS  Printing a State with 2 FieldBundles, ESMF_StateCreateUTest.F90, line 397
 item count:            2
  PASS  Getting item count from a nested State - single level, ESMF_StateCreateUTest.F90, line 613
  PASS  Getting item name list from a nested State - single level, ESMF_StateCreateUTest.F90, line 623
  PASS  Getting item type list from a nested State - single level, ESMF_StateCreateUTest.F90, line 633
  PASS  Printing a State with 1 FieldBundle, ESMF_StateCreateUTest.F90, line 372
  PASS  Getting item type list from a nested State - single level, ESMF_StateCreateUTest.F90, line 633
  PASS  Getting a FieldBundle from a State by name, ESMF_StateCreateUTest.F90, line 405
  PASS  Destroying a State, ESMF_StateCreateUTest.F90, line 413
  PASS  Creating an empty bundle for State Test, ESMF_StateCreateUTest.F90, line 381
 size(names) =           2
 ESMF_STATEITEM_STATE:       Atmosphere Import
 ESMF_STATEITEM_STATE:       Ocean Export
 ESMF_StatePrint: (pet 2):
  State name: Coupler Statelist
     status: Unspecified intent direction, object count: 2
     reconcile needed: T
 Base name    = Coupler Statelist
 Status: Base = Ready,  object = Ready
 Proxy        = no
 Root Info (Attributes):
{} size(names) =           2
 ESMF_STATEITEM_STATE:       Atmosphere Import
 ESMF_STATEITEM_STATE:       Ocean Export
 ESMF_StatePrint: (pet 0):
  State name: Coupler Statelist
     status: Unspecified intent direction, object count: 2
     reconcile needed: T
 Base name    = Coupler Statelist
 Status: Base = Ready,  object = Ready
 Proxy        = no
 Root Info (Attributes):
     object: 1,name: Atmosphere Import
            type: State, proxy flag: no
 -> State name: Atmosphere Import
 ->    status: Import State, object count: 1
 ->    reconcile needed: F
 -> Base name    = Atmosphere Import
 Status: Base = Ready,  object = Ready
 Proxy        = no
 Root Info (Attributes):
{} ->  ->  object: 1,name: Temperature
 ->           type: FieldBundle, proxy flag: no
     object: 2,name: Ocean Export
  PASS  Destroying a FieldBundle, ESMF_StateCreateUTest.F90, line 421
  PASS  Destroying a FieldBundle, ESMF_StateCreateUTest.F90, line 429
  PASS  Adding a second FieldBundle to a State, ESMF_StateCreateUTest.F90, line 389
 ESMF_StatePrint: (pet 1):
  State name: Ocean Export
     status: Export State, object count: 2
{}     object: 1,name: Atmosphere Import
            type: State, proxy flag: no
 -> State name: Atmosphere Import
 ->    status: Import State, object count: 1
 ->    reconcile needed: F
 -> Base name    = Atmosphere Import
 Status: Base = Ready,  object = Ready
 Proxy        = no
 Root Info (Attributes):
{} ->  ->  object: 1,name: Temperature
 ->           type: FieldBundle, proxy flag: no
     reconcile needed: T
 Base name    = Ocean Export
 Status: Base = Ready,  object = Ready
 Proxy        = no
 Root Info (Attributes):
{}            type: State, proxy flag: no
 -> State name: Ocean Export
 ->    status: Export State, object count: 0
 ->    reconcile needed: F
 -> Base name    = Ocean Export
 Status: Base = Ready,  object = Ready
 Proxy        = no
 Root Info (Attributes):
{}  PASS  Printing a nested State - nested, ESMF_StateCreateUTest.F90, line 644
  PASS  Creating a State, ESMF_StateCreateUTest.F90, line 439
     object: 2,name: Ocean Export
            type: State, proxy flag: no
 -> State name: Ocean Export
 ->    status: Export State, object count: 0
 ->    reconcile needed: F
 -> Base name    = Ocean Export
 Status: Base = Ready,  object = Ready
 Proxy        = no
 Root Info (Attributes):
{}  PASS  Printing a nested State - nested, ESMF_StateCreateUTest.F90, line 644
     object: 1,name: Surface pressure
            type: FieldBundle
     object: 2,name: Temperature
            type: FieldBundle
  PASS  Printing a State with 2 FieldBundles, ESMF_StateCreateUTest.F90, line 397
 nested item count:            3
  PASS  Getting item count from a nested State - nested, ESMF_StateCreateUTest.F90, line 655
  PASS  Getting item name list from a nested State - nested, ESMF_StateCreateUTest.F90, line 666
 nested item count:            3
  PASS  Getting item count from a nested State - nested, ESMF_StateCreateUTest.F90, line 655
  PASS  Getting item name list from a nested State - nested, ESMF_StateCreateUTest.F90, line 666
  PASS  Getting item type list from a nested State - nested, ESMF_StateCreateUTest.F90, line 676
 size(names) =           3
 ESMF_STATEITEM_STATE:       Atmosphere Import
 ESMF_STATEITEM_FIELDBUNDLE: Atmosphere Import/Temperature
 ESMF_STATEITEM_STATE:       Ocean Export
  PASS  Getting a FieldBundle from a State by name, ESMF_StateCreateUTest.F90, line 405
  PASS  Getting item type list from a nested State - nested, ESMF_StateCreateUTest.F90, line 676
 size(names) =           3
 ESMF_STATEITEM_STATE:       Atmosphere Import
 ESMF_STATEITEM_FIELDBUNDLE: Atmosphere Import/Temperature
 ESMF_STATEITEM_STATE:       Ocean Export
  PASS  Destroying a State, ESMF_StateCreateUTest.F90, line 413
  PASS  Getting nested non-existant FieldBundle from a nested State using nestedFlag, ESMF_StateCreateUTest.F90, line 698
  PASS  Getting nested non-existant FieldBundle from a nested State using nestedFlag, ESMF_StateCreateUTest.F90, line 698
  PASS  Getting nested FieldBundle from a nested State using path style, ESMF_StateCreateUTest.F90, line 707
  PASS  Destroying a FieldBundle, ESMF_StateCreateUTest.F90, line 421
  PASS  Getting nested FieldBundle from a nested State using path style, ESMF_StateCreateUTest.F90, line 707
  PASS  Getting nested FieldBundle from a nested State using path style - bad end item, ESMF_StateCreateUTest.F90, line 716
  PASS  Destroying a FieldBundle, ESMF_StateCreateUTest.F90, line 429
  PASS  Getting nested FieldBundle from a nested State using path style - bad end item, ESMF_StateCreateUTest.F90, line 716
  PASS  Creating a State, ESMF_StateCreateUTest.F90, line 439
  PASS  Getting nested non-existant FieldBundle from a nested State using path style - bad nested name, ESMF_StateCreateUTest.F90, line 725
  PASS  Destroying a State, ESMF_StateCreateUTest.F90, line 744
  PASS  Destroying a State, ESMF_StateCreateUTest.F90, line 752
  PASS  Getting nested non-existant FieldBundle from a nested State using path style - bad nested name, ESMF_StateCreateUTest.F90, line 725
  PASS  Destroying a State, ESMF_StateCreateUTest.F90, line 744
  PASS  Destroying a State, ESMF_StateCreateUTest.F90, line 760
  PASS  Adding a name only, ESMF_StateCreateUTest.F90, line 449
  PASS  Destroying a State, ESMF_StateCreateUTest.F90, line 752
  PASS  Destroying a State, ESMF_StateCreateUTest.F90, line 760
  PASS  Create a State, ESMF_StateCreateUTest.F90, line 774
  PASS  Destroying a State, ESMF_StateCreateUTest.F90, line 786
  PASS  Marking an item needed, ESMF_StateCreateUTest.F90, line 459
  PASS  Create a State, ESMF_StateCreateUTest.F90, line 774
  Ending Test, file ESMF_StateCreateUTest.F90, line 799
  PASS  Destroying a State, ESMF_StateCreateUTest.F90, line 786
  Ending Test, file ESMF_StateCreateUTest.F90, line 799
  PASS  Querying if an item is needed, ESMF_StateCreateUTest.F90, line 468
  PASS  Creating a FieldBundle, ESMF_StateCreateUTest.F90, line 476
  PASS  Replacing a name placeholder with a bundle, ESMF_StateCreateUTest.F90, line 484
  PASS  Adding a name only, ESMF_StateCreateUTest.F90, line 449
  PASS  Destroying a State, ESMF_StateCreateUTest.F90, line 493
  PASS  Destroying a FieldBundle, ESMF_StateCreateUTest.F90, line 501
  PASS  Marking an item needed, ESMF_StateCreateUTest.F90, line 459
  PASS  Creating a State for nested State test, ESMF_StateCreateUTest.F90, line 517
  PASS  Creating a State, ESMF_StateCreateUTest.F90, line 526
  PASS  Creating an empty bundle for nested State Test, ESMF_StateCreateUTest.F90, line 535
  PASS  Querying if an item is needed, ESMF_StateCreateUTest.F90, line 468
  PASS  Adding a FieldBundle to a nested State, ESMF_StateCreateUTest.F90, line 543
  PASS  Add a nested State into another State, ESMF_StateCreateUTest.F90, line 551
  PASS  Creating a FieldBundle, ESMF_StateCreateUTest.F90, line 476
  PASS  Creating a State, ESMF_StateCreateUTest.F90, line 560
  PASS  Replacing a name placeholder with a bundle, ESMF_StateCreateUTest.F90, line 484
  PASS  Add a second nested State into another State, ESMF_StateCreateUTest.F90, line 568
  PASS  Destroying a State, ESMF_StateCreateUTest.F90, line 493
  PASS  Validating a nested State - single level, ESMF_StateCreateUTest.F90, line 576
  PASS  Destroying a FieldBundle, ESMF_StateCreateUTest.F90, line 501
  PASS  Validating a nested State - nested, ESMF_StateCreateUTest.F90, line 584
  PASS  Creating a State for nested State test, ESMF_StateCreateUTest.F90, line 517
 ESMF_StatePrint: (pet 3):
  State name: Coupler Statelist
     status: Unspecified intent direction, object count: 2
     reconcile needed: T
  PASS  Creating a State, ESMF_StateCreateUTest.F90, line 526
 Base name    = Coupler Statelist
 Status: Base = Ready,  object = Ready
 Proxy        = no
 Root Info (Attributes):
{}  PASS  Creating an empty bundle for nested State Test, ESMF_StateCreateUTest.F90, line 535
     object: 1,name: Atmosphere Import
            type: State, proxy flag: no
  PASS  Adding a FieldBundle to a nested State, ESMF_StateCreateUTest.F90, line 543
     object: 2,name: Ocean Export
            type: State, proxy flag: no
  PASS  Printing a nested State - single level, ESMF_StateCreateUTest.F90, line 592
  PASS  Add a nested State into another State, ESMF_StateCreateUTest.F90, line 551
 testName: Atmosphere Import
  PASS  Getting a FieldBundle from a nested State, ESMF_StateCreateUTest.F90, line 603
  PASS  Creating a State, ESMF_StateCreateUTest.F90, line 560
 item count:            2
  PASS  Add a second nested State into another State, ESMF_StateCreateUTest.F90, line 568
  PASS  Getting item count from a nested State - single level, ESMF_StateCreateUTest.F90, line 613
  PASS  Validating a nested State - single level, ESMF_StateCreateUTest.F90, line 576
  PASS  Getting item name list from a nested State - single level, ESMF_StateCreateUTest.F90, line 623
  PASS  Validating a nested State - nested, ESMF_StateCreateUTest.F90, line 584
  PASS  Getting item type list from a nested State - single level, ESMF_StateCreateUTest.F90, line 633
 size(names) =           2
 ESMF_STATEITEM_STATE:       Atmosphere Import
 ESMF_StatePrint: (pet 1):
  State name: Coupler Statelist
     status: Unspecified intent direction, object count: 2
     reconcile needed: T
 ESMF_STATEITEM_STATE:       Ocean Export
 ESMF_StatePrint: (pet 3):
  State name: Coupler Statelist
     status: Unspecified intent direction, object count: 2
     reconcile needed: T
 Base name    = Coupler Statelist
 Status: Base = Ready,  object = Ready
 Proxy        = no
 Root Info (Attributes):
 Base name    = Coupler Statelist
 Status: Base = Ready,  object = Ready
 Proxy        = no
 Root Info (Attributes):
{}{}     object: 1,name: Atmosphere Import
            type: State, proxy flag: no
     object: 1,name: Atmosphere Import
            type: State, proxy flag: no
 -> State name: Atmosphere Import
 ->    status: Import State, object count: 1
 ->    reconcile needed: F
     object: 2,name: Ocean Export
            type: State, proxy flag: no
 -> Base name    = Atmosphere Import
 Status: Base = Ready,  object = Ready
 Proxy        = no
  PASS  Printing a nested State - single level, ESMF_StateCreateUTest.F90, line 592
 Root Info (Attributes):
{} ->  ->  object: 1,name: Temperature
 ->           type: FieldBundle, proxy flag: no
     object: 2,name: Ocean Export
            type: State, proxy flag: no
 testName: Atmosphere Import
  PASS  Getting a FieldBundle from a nested State, ESMF_StateCreateUTest.F90, line 603
 -> State name: Ocean Export
 ->    status: Export State, object count: 0
 ->    reconcile needed: F
 -> Base name    = Ocean Export
 Status: Base = Ready,  object = Ready
 Proxy        = no
 Root Info (Attributes):
{} item count:            2
  PASS  Getting item count from a nested State - single level, ESMF_StateCreateUTest.F90, line 613
  PASS  Printing a nested State - nested, ESMF_StateCreateUTest.F90, line 644
 nested item count:            3
  PASS  Getting item count from a nested State - nested, ESMF_StateCreateUTest.F90, line 655
  PASS  Getting item name list from a nested State - single level, ESMF_StateCreateUTest.F90, line 623
  PASS  Getting item name list from a nested State - nested, ESMF_StateCreateUTest.F90, line 666
  PASS  Getting item type list from a nested State - single level, ESMF_StateCreateUTest.F90, line 633
 size(names) =           2
 ESMF_STATEITEM_STATE:       Atmosphere Import
  PASS  Getting item type list from a nested State - nested, ESMF_StateCreateUTest.F90, line 676
 size(names) =           3
 ESMF_STATEITEM_STATE:       Atmosphere Import
 ESMF_STATEITEM_FIELDBUNDLE: Atmosphere Import/Temperature
 ESMF_STATEITEM_STATE:       Ocean Export
 ESMF_StatePrint: (pet 1):
  State name: Coupler Statelist
     status: Unspecified intent direction, object count: 2
     reconcile needed: T
 ESMF_STATEITEM_STATE:       Ocean Export
 Base name    = Coupler Statelist
 Status: Base = Ready,  object = Ready
 Proxy        = no
 Root Info (Attributes):
  PASS  Getting nested non-existant FieldBundle from a nested State using nestedFlag, ESMF_StateCreateUTest.F90, line 698
{}     object: 1,name: Atmosphere Import
            type: State, proxy flag: no
 -> State name: Atmosphere Import
 ->    status: Import State, object count: 1
 ->    reconcile needed: F
 -> Base name    = Atmosphere Import
 Status: Base = Ready,  object = Ready
 Proxy        = no
 Root Info (Attributes):
  PASS  Getting nested FieldBundle from a nested State using path style, ESMF_StateCreateUTest.F90, line 707
{} ->  ->  object: 1,name: Temperature
 ->           type: FieldBundle, proxy flag: no
     object: 2,name: Ocean Export
            type: State, proxy flag: no
 -> State name: Ocean Export
 ->    status: Export State, object count: 0
 ->    reconcile needed: F
 -> Base name    = Ocean Export
 Status: Base = Ready,  object = Ready
 Proxy        = no
 Root Info (Attributes):
  PASS  Getting nested FieldBundle from a nested State using path style - bad end item, ESMF_StateCreateUTest.F90, line 716
{}  PASS  Printing a nested State - nested, ESMF_StateCreateUTest.F90, line 644
  PASS  Getting nested non-existant FieldBundle from a nested State using path style - bad nested name, ESMF_StateCreateUTest.F90, line 725
 nested item count:            3
  PASS  Getting item count from a nested State - nested, ESMF_StateCreateUTest.F90, line 655
  PASS  Destroying a State, ESMF_StateCreateUTest.F90, line 744
  PASS  Getting item name list from a nested State - nested, ESMF_StateCreateUTest.F90, line 666
  PASS  Destroying a State, ESMF_StateCreateUTest.F90, line 752
  PASS  Getting item type list from a nested State - nested, ESMF_StateCreateUTest.F90, line 676
  PASS  Destroying a State, ESMF_StateCreateUTest.F90, line 760
 size(names) =           3
 ESMF_STATEITEM_STATE:       Atmosphere Import
 ESMF_STATEITEM_FIELDBUNDLE: Atmosphere Import/Temperature
 ESMF_STATEITEM_STATE:       Ocean Export
  PASS  Create a State, ESMF_StateCreateUTest.F90, line 774
  PASS  Getting nested non-existant FieldBundle from a nested State using nestedFlag, ESMF_StateCreateUTest.F90, line 698
  PASS  Destroying a State, ESMF_StateCreateUTest.F90, line 786
  PASS  Getting nested FieldBundle from a nested State using path style, ESMF_StateCreateUTest.F90, line 707
  Ending Test, file ESMF_StateCreateUTest.F90, line 799
  PASS  Getting nested FieldBundle from a nested State using path style - bad end item, ESMF_StateCreateUTest.F90, line 716
  PASS  Getting nested non-existant FieldBundle from a nested State using path style - bad nested name, ESMF_StateCreateUTest.F90, line 725
  PASS  Destroying a State, ESMF_StateCreateUTest.F90, line 744
  PASS  Destroying a State, ESMF_StateCreateUTest.F90, line 752
  PASS  Destroying a State, ESMF_StateCreateUTest.F90, line 760
  PASS  Create a State, ESMF_StateCreateUTest.F90, line 774
  PASS  Destroying a State, ESMF_StateCreateUTest.F90, line 786
  Ending Test, file ESMF_StateCreateUTest.F90, line 799
  PET           3  Test Elapsed Time    6.4390000000000001       msec.
  PET           1  Test Elapsed Time    6.7859999999999863       msec.
  PET           0  Test Elapsed Time    6.8050000000000050       msec.
  PET           2  Test Elapsed Time    6.7260000000000097       msec.
