2022-07-15 14:13:39
Name: gridcomp	  Convention: customconvention2	  Purpose: custompurpose2	


