2022-07-20 14:37:03
1:  Beginning Test, file ESMF_ConfigUTest.F90, line 1960
3:  Beginning Test, file ESMF_ConfigUTest.F90, line 1960
0:  Beginning Test, file ESMF_ConfigUTest.F90, line 1960
0:  NUMBER_OF_PROCESSORS           4
1:  NUMBER_OF_PROCESSORS           4
2:  Beginning Test, file ESMF_ConfigUTest.F90, line 1960
2:  NUMBER_OF_PROCESSORS           4
3:  NUMBER_OF_PROCESSORS           4
1:  PASS  Testing Config IsCreated for uncreated object, ESMF_ConfigUTest.F90, lin
1: e 1969
0:  PASS  Testing Config IsCreated for uncreated object, ESMF_ConfigUTest.F90, lin
0: e 1969
2:  PASS  Testing Config IsCreated for uncreated object, ESMF_ConfigUTest.F90, lin
2: e 1969
3:  PASS  Testing Config IsCreated for uncreated object, ESMF_ConfigUTest.F90, lin
3: e 1969
0:  PASS  Testing Config IsCreated for uncreated object, ESMF_ConfigUTest.F90, lin
0: e 1977
1:  PASS  Testing Config IsCreated for uncreated object, ESMF_ConfigUTest.F90, lin
1: e 1977
2:  PASS  Testing Config IsCreated for uncreated object, ESMF_ConfigUTest.F90, lin
2: e 1977
3:  PASS  Testing Config IsCreated for uncreated object, ESMF_ConfigUTest.F90, lin
3: e 1977
2:  PASS  Create test Config for IsCreated, ESMF_ConfigUTest.F90, line 1985
0:  PASS  Create test Config for IsCreated, ESMF_ConfigUTest.F90, line 1985
1:  PASS  Create test Config for IsCreated, ESMF_ConfigUTest.F90, line 1985
2:  PASS  Testing Config IsCreated for created object, ESMF_ConfigUTest.F90, line 
2: 1993
3:  PASS  Create test Config for IsCreated, ESMF_ConfigUTest.F90, line 1985
0:  PASS  Testing Config IsCreated for created object, ESMF_ConfigUTest.F90, line 
0: 1993
1:  PASS  Testing Config IsCreated for created object, ESMF_ConfigUTest.F90, line 
1: 1993
1:  PASS  Testing Config IsCreated for created object, ESMF_ConfigUTest.F90, line 
1: 2001
0:  PASS  Testing Config IsCreated for created object, ESMF_ConfigUTest.F90, line 
0: 2001
2:  PASS  Testing Config IsCreated for created object, ESMF_ConfigUTest.F90, line 
2: 2001
3:  PASS  Testing Config IsCreated for created object, ESMF_ConfigUTest.F90, line 
3: 1993
3:  PASS  Testing Config IsCreated for created object, ESMF_ConfigUTest.F90, line 
3: 2001
2:  PASS  Destroy test Config for IsCreated, ESMF_ConfigUTest.F90, line 2009
0:  PASS  Destroy test Config for IsCreated, ESMF_ConfigUTest.F90, line 2009
1:  PASS  Destroy test Config for IsCreated, ESMF_ConfigUTest.F90, line 2009
3:  PASS  Destroy test Config for IsCreated, ESMF_ConfigUTest.F90, line 2009
2:  PASS  Testing Config IsCreated for destroyed object, ESMF_ConfigUTest.F90, lin
2: e 2017
0:  PASS  Testing Config IsCreated for destroyed object, ESMF_ConfigUTest.F90, lin
0: e 2017
1:  PASS  Testing Config IsCreated for destroyed object, ESMF_ConfigUTest.F90, lin
1: e 2017
3:  PASS  Testing Config IsCreated for destroyed object, ESMF_ConfigUTest.F90, lin
3: e 2017
3:  PASS  Testing Config IsCreated for destroyed object, ESMF_ConfigUTest.F90, lin
3: e 2025
0:  PASS  Testing Config IsCreated for destroyed object, ESMF_ConfigUTest.F90, lin
0: e 2025
1:  PASS  Testing Config IsCreated for destroyed object, ESMF_ConfigUTest.F90, lin
1: e 2025
2:  PASS  Testing Config IsCreated for destroyed object, ESMF_ConfigUTest.F90, lin
2: e 2025
0:  PASS  Config Create Test, ESMF_ConfigUTest.F90, line 2034
1:  PASS  Config Create Test, ESMF_ConfigUTest.F90, line 2034
2:  PASS  Config Create Test, ESMF_ConfigUTest.F90, line 2034
3:  PASS  Config Create Test, ESMF_ConfigUTest.F90, line 2034
0:  PASS  Config Destroy Test, ESMF_ConfigUTest.F90, line 2042
1:  PASS  Config Destroy Test, ESMF_ConfigUTest.F90, line 2042
2:  PASS  Config Destroy Test, ESMF_ConfigUTest.F90, line 2042
3:  PASS  Config Destroy Test, ESMF_ConfigUTest.F90, line 2042
2:  PASS  Destroy a destroyed Config Test, ESMF_ConfigUTest.F90, line 2052
3:  PASS  Destroy a destroyed Config Test, ESMF_ConfigUTest.F90, line 2052
0:  PASS  Destroy a destroyed Config Test, ESMF_ConfigUTest.F90, line 2052
1:  PASS  Destroy a destroyed Config Test, ESMF_ConfigUTest.F90, line 2052
3:  PASS  Destroyed Config Get Attribute Int Test, ESMF_ConfigUTest.F90, line 2061
0:  PASS  Destroyed Config Get Attribute Int Test, ESMF_ConfigUTest.F90, line 2061
1:  PASS  Destroyed Config Get Attribute Int Test, ESMF_ConfigUTest.F90, line 2061
2:  PASS  Destroyed Config Get Attribute Int Test, ESMF_ConfigUTest.F90, line 2061
0:  PASS  Destroyed Config Get Attribute Char Test, ESMF_ConfigUTest.F90, line 207
0: 0
2:  PASS  Destroyed Config Get Attribute Char Test, ESMF_ConfigUTest.F90, line 207
2: 0
3:  PASS  Destroyed Config Get Attribute Char Test, ESMF_ConfigUTest.F90, line 207
3: 0
1:  PASS  Destroyed Config Get Attribute Char Test, ESMF_ConfigUTest.F90, line 207
1: 0
0:  PASS  Non-create Config Find Label Test, ESMF_ConfigUTest.F90, line 2078
1:  PASS  Non-create Config Find Label Test, ESMF_ConfigUTest.F90, line 2078
2:  PASS  Non-create Config Find Label Test, ESMF_ConfigUTest.F90, line 2078
3:  PASS  Non-create Config Find Label Test, ESMF_ConfigUTest.F90, line 2078
3:  PASS  Create Config Test, ESMF_ConfigUTest.F90, line 98
0:  PASS  Create Config Test, ESMF_ConfigUTest.F90, line 98
1:  PASS  Create Config Test, ESMF_ConfigUTest.F90, line 98
2:  PASS  Create Config Test, ESMF_ConfigUTest.F90, line 98
3:  PASS  Config assignment Test, ESMF_ConfigUTest.F90, line 112
0:  PASS  Config assignment Test, ESMF_ConfigUTest.F90, line 112
1:  PASS  Config assignment Test, ESMF_ConfigUTest.F90, line 112
2:  PASS  Config assignment Test, ESMF_ConfigUTest.F90, line 112
3:  PASS  Config equality with same Config Test, ESMF_ConfigUTest.F90, line 120
1:  PASS  Config equality with same Config Test, ESMF_ConfigUTest.F90, line 120
1:  PASS  Config equality with different Config Test, ESMF_ConfigUTest.F90, line 1
1: 28
3:  PASS  Config equality with different Config Test, ESMF_ConfigUTest.F90, line 1
3: 28
1:  PASS  Config inequality with same Config Test, ESMF_ConfigUTest.F90, line 136
3:  PASS  Config inequality with same Config Test, ESMF_ConfigUTest.F90, line 136
1:  PASS  Config inequality with different Config Test, ESMF_ConfigUTest.F90, line
1:  144
3:  PASS  Config inequality with different Config Test, ESMF_ConfigUTest.F90, line
3:  144
0:  PASS  Config equality with same Config Test, ESMF_ConfigUTest.F90, line 120
0:  PASS  Config equality with different Config Test, ESMF_ConfigUTest.F90, line 1
0: 28
0:  PASS  Config inequality with same Config Test, ESMF_ConfigUTest.F90, line 136
0:  PASS  Config inequality with different Config Test, ESMF_ConfigUTest.F90, line
0:  144
2:  PASS  Config equality with same Config Test, ESMF_ConfigUTest.F90, line 120
2:  PASS  Config equality with different Config Test, ESMF_ConfigUTest.F90, line 1
2: 28
2:  PASS  Config inequality with same Config Test, ESMF_ConfigUTest.F90, line 136
2:  PASS  Config inequality with different Config Test, ESMF_ConfigUTest.F90, line
2:  144
1:  PASS  Config Load File Test, ESMF_ConfigUTest.F90, line 152
3:  PASS  Config Load File Test, ESMF_ConfigUTest.F90, line 152
1:  File contains duplicate labels - check logfile.
3:  File contains duplicate labels - check logfile.
1:  PASS  Non initialized Config Get Attribute Int Test, ESMF_ConfigUTest.F90, lin
1: e 198
3:  PASS  Non initialized Config Get Attribute Int Test, ESMF_ConfigUTest.F90, lin
3: e 198
0:  PASS  Config Load File Test, ESMF_ConfigUTest.F90, line 152
0:  File contains duplicate labels - check logfile.
0:  PASS  Non initialized Config Get Attribute Int Test, ESMF_ConfigUTest.F90, lin
0: e 198
1:  PASS  Config Get Attribute Int Test, ESMF_ConfigUTest.F90, line 207
3:  PASS  Config Get Attribute Int Test, ESMF_ConfigUTest.F90, line 207
0:  PASS  Config Get Attribute Int Test, ESMF_ConfigUTest.F90, line 207
3:  PASS  Verify Attribute Value Test, ESMF_ConfigUTest.F90, line 228
0:  PASS  Verify Attribute Value Test, ESMF_ConfigUTest.F90, line 228
1:  PASS  Verify Attribute Value Test, ESMF_ConfigUTest.F90, line 228
3:  PASS  Config Get Attribute Float Test, ESMF_ConfigUTest.F90, line 243
0:  PASS  Config Get Attribute Float Test, ESMF_ConfigUTest.F90, line 243
1:  PASS  Config Get Attribute Float Test, ESMF_ConfigUTest.F90, line 243
0:  PASS  Verify Attribute Float Value Test, ESMF_ConfigUTest.F90, line 263
1:  PASS  Verify Attribute Float Value Test, ESMF_ConfigUTest.F90, line 263
2:  PASS  Config Load File Test, ESMF_ConfigUTest.F90, line 152
2:  File contains duplicate labels - check logfile.
3:  PASS  Verify Attribute Float Value Test, ESMF_ConfigUTest.F90, line 263
0:  PASS  Config Get Attribute Char Test, ESMF_ConfigUTest.F90, line 277
1:  PASS  Config Get Attribute Char Test, ESMF_ConfigUTest.F90, line 277
3:  PASS  Config Get Attribute Char Test, ESMF_ConfigUTest.F90, line 277
0:  PASS  Config Get Attribute Char Test, ESMF_ConfigUTest.F90, line 286
1:  PASS  Config Get Attribute Char Test, ESMF_ConfigUTest.F90, line 286
2:  PASS  Non initialized Config Get Attribute Int Test, ESMF_ConfigUTest.F90, lin
2: e 198
3:  PASS  Config Get Attribute Char Test, ESMF_ConfigUTest.F90, line 286
0:  PASS  Verify Attribute Char Value Test, ESMF_ConfigUTest.F90, line 306
1:  PASS  Verify Attribute Char Value Test, ESMF_ConfigUTest.F90, line 306
3:  PASS  Verify Attribute Char Value Test, ESMF_ConfigUTest.F90, line 306
2:  PASS  Config Get Attribute Int Test, ESMF_ConfigUTest.F90, line 207
0:  PASS  Config Get Attribute String too short Test, ESMF_ConfigUTest.F90, line 3
0: 21
1:  PASS  Config Get Attribute String too short Test, ESMF_ConfigUTest.F90, line 3
1: 21
3:  PASS  Config Get Attribute String too short Test, ESMF_ConfigUTest.F90, line 3
3: 21
2:  PASS  Verify Attribute Value Test, ESMF_ConfigUTest.F90, line 228
0:  PASS  Config Get Attribute String too short w/default Test, ESMF_ConfigUTest.F
0: 90, line 330
1:  PASS  Config Get Attribute String too short w/default Test, ESMF_ConfigUTest.F
1: 90, line 330
3:  PASS  Config Get Attribute String too short w/default Test, ESMF_ConfigUTest.F
3: 90, line 330
2:  PASS  Config Get Attribute Float Test, ESMF_ConfigUTest.F90, line 243
0:  PASS  Config Get Attribute String Test, ESMF_ConfigUTest.F90, line 339
1:  PASS  Config Get Attribute String Test, ESMF_ConfigUTest.F90, line 339
2:  PASS  Verify Attribute Float Value Test, ESMF_ConfigUTest.F90, line 263
3:  PASS  Config Get Attribute String Test, ESMF_ConfigUTest.F90, line 339
3:  PASS  Verify Attribute String Value Test, ESMF_ConfigUTest.F90, line 359
0:  PASS  Verify Attribute String Value Test, ESMF_ConfigUTest.F90, line 359
1:  PASS  Verify Attribute String Value Test, ESMF_ConfigUTest.F90, line 359
0:  PASS  Config Get Attribute String Multi-word apostrophe Token Test, ESMF_Confi
0: gUTest.F90, line 368
2:  PASS  Config Get Attribute Char Test, ESMF_ConfigUTest.F90, line 277
3:  PASS  Config Get Attribute String Multi-word apostrophe Token Test, ESMF_Confi
3: gUTest.F90, line 368
1:  PASS  Config Get Attribute String Multi-word apostrophe Token Test, ESMF_Confi
1: gUTest.F90, line 368
0:  PASS  Config Get Attribute String Multi-word apostrophe Token value Test, ESMF
0: _ConfigUTest.F90, line 376
1:  PASS  Config Get Attribute String Multi-word apostrophe Token value Test, ESMF
1: _ConfigUTest.F90, line 376
2:  PASS  Config Get Attribute Char Test, ESMF_ConfigUTest.F90, line 286
3:  PASS  Config Get Attribute String Multi-word apostrophe Token value Test, ESMF
3: _ConfigUTest.F90, line 376
0:  PASS  Config Get Attribute String Multi-word quoted Token Test, ESMF_ConfigUTe
0: st.F90, line 386
1:  PASS  Config Get Attribute String Multi-word quoted Token Test, ESMF_ConfigUTe
1: st.F90, line 386
2:  PASS  Verify Attribute Char Value Test, ESMF_ConfigUTest.F90, line 306
2:  PASS  Config Get Attribute String too short Test, ESMF_ConfigUTest.F90, line 3
3:  PASS  Config Get Attribute String Multi-word quoted Token Test, ESMF_ConfigUTe
3: st.F90, line 386
3:  PASS  Config Get Attribute String Multi-word quoted Token value Test, ESMF_Con
3: figUTest.F90, line 394
0:  PASS  Config Get Attribute String Multi-word quoted Token value Test, ESMF_Con
0: figUTest.F90, line 394
1:  PASS  Config Get Attribute String Multi-word quoted Token value Test, ESMF_Con
1: figUTest.F90, line 394
2: 21
2:  PASS  Config Get Attribute String too short w/default Test, ESMF_ConfigUTest.F
2: 90, line 330
3:  PASS  Config Get Attribute Logical Test, ESMF_ConfigUTest.F90, line 406
0:  PASS  Config Get Attribute Logical Test, ESMF_ConfigUTest.F90, line 406
1:  PASS  Config Get Attribute Logical Test, ESMF_ConfigUTest.F90, line 406
2:  PASS  Config Get Attribute String Test, ESMF_ConfigUTest.F90, line 339
0:  PASS  Verify Attribute Logical Value Test, ESMF_ConfigUTest.F90, line 427
3:  PASS  Verify Attribute Logical Value Test, ESMF_ConfigUTest.F90, line 427
1:  PASS  Verify Attribute Logical Value Test, ESMF_ConfigUTest.F90, line 427
2:  PASS  Verify Attribute String Value Test, ESMF_ConfigUTest.F90, line 359
2:  PASS  Config Get Attribute String Multi-word apostrophe Token Test, ESMF_Confi
3:  PASS  Config Find Label Test, ESMF_ConfigUTest.F90, line 461
0:  PASS  Config Find Label Test, ESMF_ConfigUTest.F90, line 461
1:  PASS  Config Find Label Test, ESMF_ConfigUTest.F90, line 461
2: gUTest.F90, line 368
2:  PASS  Config Get Attribute String Multi-word apostrophe Token value Test, ESMF
2: _ConfigUTest.F90, line 376
3:  PASS  Config Get String Test, ESMF_ConfigUTest.F90, line 480
3:  PASS  Verify Attribute String Value Test, ESMF_ConfigUTest.F90, line 502
0:  PASS  Config Get String Test, ESMF_ConfigUTest.F90, line 480
0:  PASS  Verify Attribute String Value Test, ESMF_ConfigUTest.F90, line 502
1:  PASS  Config Get String Test, ESMF_ConfigUTest.F90, line 480
1:  PASS  Verify Attribute String Value Test, ESMF_ConfigUTest.F90, line 502
2:  PASS  Config Get Attribute String Multi-word quoted Token Test, ESMF_ConfigUTe
2: st.F90, line 386
3:  PASS  Config Get Int Test, ESMF_ConfigUTest.F90, line 512
0:  PASS  Config Get Int Test, ESMF_ConfigUTest.F90, line 512
2:  PASS  Config Get Attribute String Multi-word quoted Token value Test, ESMF_Con
2: figUTest.F90, line 394
1:  PASS  Config Get Int Test, ESMF_ConfigUTest.F90, line 512
3:  PASS  Verify Attribute Int Value Test, ESMF_ConfigUTest.F90, line 534
0:  PASS  Verify Attribute Int Value Test, ESMF_ConfigUTest.F90, line 534
1:  PASS  Verify Attribute Int Value Test, ESMF_ConfigUTest.F90, line 534
2:  PASS  Config Get Attribute Logical Test, ESMF_ConfigUTest.F90, line 406
2:  PASS  Verify Attribute Logical Value Test, ESMF_ConfigUTest.F90, line 427
3:  PASS  Config Get Floats Test, ESMF_ConfigUTest.F90, line 543
0:  PASS  Config Get Floats Test, ESMF_ConfigUTest.F90, line 543
1:  PASS  Config Get Floats Test, ESMF_ConfigUTest.F90, line 543
0:  PASS  Verify Attribute Floats Values Test, ESMF_ConfigUTest.F90, line 567
2:  PASS  Config Find Label Test, ESMF_ConfigUTest.F90, line 461
2:  PASS  Config Get String Test, ESMF_ConfigUTest.F90, line 480
3:  PASS  Verify Attribute Floats Values Test, ESMF_ConfigUTest.F90, line 567
1:  PASS  Verify Attribute Floats Values Test, ESMF_ConfigUTest.F90, line 567
0:  PASS  Config Get Quoted String Array too short Test, ESMF_ConfigUTest.F90, lin
0: e 577
2:  PASS  Verify Attribute String Value Test, ESMF_ConfigUTest.F90, line 502
3:  PASS  Config Get Quoted String Array too short Test, ESMF_ConfigUTest.F90, lin
3: e 577
1:  PASS  Config Get Quoted String Array too short Test, ESMF_ConfigUTest.F90, lin
1: e 577
2:  PASS  Config Get Int Test, ESMF_ConfigUTest.F90, line 512
3:  PASS  Config Get Quoted String Array too short default Test, ESMF_ConfigUTest.
3: F90, line 586
0:  PASS  Config Get Quoted String Array too short default Test, ESMF_ConfigUTest.
0: F90, line 586
1:  PASS  Config Get Quoted String Array too short default Test, ESMF_ConfigUTest.
1: F90, line 586
2:  PASS  Verify Attribute Int Value Test, ESMF_ConfigUTest.F90, line 534
3:  PASS  Config Get Quoted String Array Test, ESMF_ConfigUTest.F90, line 594
0:  PASS  Config Get Quoted String Array Test, ESMF_ConfigUTest.F90, line 594
1:  PASS  Config Get Quoted String Array Test, ESMF_ConfigUTest.F90, line 594
0:  PASS  Verify Attribute Quoted String Array Value Test, ESMF_ConfigUTest.F90, l
0: ine 601
3:  PASS  Verify Attribute Quoted String Array Value Test, ESMF_ConfigUTest.F90, l
3: ine 601
1:  PASS  Verify Attribute Quoted String Array Value Test, ESMF_ConfigUTest.F90, l
1: ine 601
2:  PASS  Config Get Floats Test, ESMF_ConfigUTest.F90, line 543
3:  PASS  Config Find Label Test, ESMF_ConfigUTest.F90, line 626
0:  PASS  Config Find Label Test, ESMF_ConfigUTest.F90, line 626
1:  PASS  Config Find Label Test, ESMF_ConfigUTest.F90, line 626
2:  PASS  Verify Attribute Floats Values Test, ESMF_ConfigUTest.F90, line 567
0:  PASS  Config Get String Test, ESMF_ConfigUTest.F90, line 644
1:  PASS  Config Get String Test, ESMF_ConfigUTest.F90, line 644
3:  PASS  Config Get String Test, ESMF_ConfigUTest.F90, line 644
0:  PASS  Verify Attribute String Values Test, ESMF_ConfigUTest.F90, line 666
1:  PASS  Verify Attribute String Values Test, ESMF_ConfigUTest.F90, line 666
2:  PASS  Config Get Quoted String Array too short Test, ESMF_ConfigUTest.F90, lin
2: e 577
3:  PASS  Verify Attribute String Values Test, ESMF_ConfigUTest.F90, line 666
0:  PASS  Config Get Int Test, ESMF_ConfigUTest.F90, line 676
1:  PASS  Config Get Int Test, ESMF_ConfigUTest.F90, line 676
2:  PASS  Config Get Quoted String Array too short default Test, ESMF_ConfigUTest.
2: F90, line 586
3:  PASS  Config Get Int Test, ESMF_ConfigUTest.F90, line 676
3:  PASS  Verify Attribute Int Values Test, ESMF_ConfigUTest.F90, line 698
0:  PASS  Verify Attribute Int Values Test, ESMF_ConfigUTest.F90, line 698
1:  PASS  Verify Attribute Int Values Test, ESMF_ConfigUTest.F90, line 698
2:  PASS  Config Get Quoted String Array Test, ESMF_ConfigUTest.F90, line 594
2:  PASS  Verify Attribute Quoted String Array Value Test, ESMF_ConfigUTest.F90, l
2: ine 601
0:  PASS  Config Get Floats Test, ESMF_ConfigUTest.F90, line 708
1:  PASS  Config Get Floats Test, ESMF_ConfigUTest.F90, line 708
2:  PASS  Config Find Label Test, ESMF_ConfigUTest.F90, line 626
3:  PASS  Config Get Floats Test, ESMF_ConfigUTest.F90, line 708
3:  PASS  Verify Attribute Floats Values Test, ESMF_ConfigUTest.F90, line 730
0:  PASS  Verify Attribute Floats Values Test, ESMF_ConfigUTest.F90, line 730
1:  PASS  Verify Attribute Floats Values Test, ESMF_ConfigUTest.F90, line 730
2:  PASS  Config Get String Test, ESMF_ConfigUTest.F90, line 644
2:  PASS  Verify Attribute String Values Test, ESMF_ConfigUTest.F90, line 666
0:  PASS  Non-create Config Find Label Test, ESMF_ConfigUTest.F90, line 755
1:  PASS  Non-create Config Find Label Test, ESMF_ConfigUTest.F90, line 755
3:  PASS  Non-create Config Find Label Test, ESMF_ConfigUTest.F90, line 755
2:  PASS  Config Get Int Test, ESMF_ConfigUTest.F90, line 676
3:  PASS  Config Find Label Test, ESMF_ConfigUTest.F90, line 763
0:  PASS  Config Find Label Test, ESMF_ConfigUTest.F90, line 763
1:  PASS  Config Find Label Test, ESMF_ConfigUTest.F90, line 763
2:  PASS  Verify Attribute Int Values Test, ESMF_ConfigUTest.F90, line 698
0:  PASS  Config Get String Test, ESMF_ConfigUTest.F90, line 781
1:  PASS  Config Get String Test, ESMF_ConfigUTest.F90, line 781
3:  PASS  Config Get String Test, ESMF_ConfigUTest.F90, line 781
3:  PASS  Verify Attribute String Values Test, ESMF_ConfigUTest.F90, line 803
0:  PASS  Verify Attribute String Values Test, ESMF_ConfigUTest.F90, line 803
1:  PASS  Verify Attribute String Values Test, ESMF_ConfigUTest.F90, line 803
2:  PASS  Config Get Floats Test, ESMF_ConfigUTest.F90, line 708
2:  PASS  Verify Attribute Floats Values Test, ESMF_ConfigUTest.F90, line 730
3:  PASS  Config Get Int Test, ESMF_ConfigUTest.F90, line 813
0:  PASS  Config Get Int Test, ESMF_ConfigUTest.F90, line 813
1:  PASS  Config Get Int Test, ESMF_ConfigUTest.F90, line 813
3:  PASS  Verify Attribute Int Values Test, ESMF_ConfigUTest.F90, line 835
0:  PASS  Verify Attribute Int Values Test, ESMF_ConfigUTest.F90, line 835
1:  PASS  Verify Attribute Int Values Test, ESMF_ConfigUTest.F90, line 835
2:  PASS  Non-create Config Find Label Test, ESMF_ConfigUTest.F90, line 755
2:  PASS  Config Find Label Test, ESMF_ConfigUTest.F90, line 763
2:  PASS  Config Get String Test, ESMF_ConfigUTest.F90, line 781
3:  PASS  Config Get Logicals Test, ESMF_ConfigUTest.F90, line 845
0:  PASS  Config Get Logicals Test, ESMF_ConfigUTest.F90, line 845
1:  PASS  Config Get Logicals Test, ESMF_ConfigUTest.F90, line 845
0:  PASS  Verify Attribute Logicals Values Test, ESMF_ConfigUTest.F90, line 868
2:  PASS  Verify Attribute String Values Test, ESMF_ConfigUTest.F90, line 803
3:  PASS  Verify Attribute Logicals Values Test, ESMF_ConfigUTest.F90, line 868
3:  PASS  Config Find Label Test, ESMF_ConfigUTest.F90, line 897
1:  PASS  Verify Attribute Logicals Values Test, ESMF_ConfigUTest.F90, line 868
0:  PASS  Config Find Label Test, ESMF_ConfigUTest.F90, line 897
1:  PASS  Config Find Label Test, ESMF_ConfigUTest.F90, line 897
2:  PASS  Config Get Int Test, ESMF_ConfigUTest.F90, line 813
2:  PASS  Verify Attribute Int Values Test, ESMF_ConfigUTest.F90, line 835
0:  PASS  Config Get Next Line Test, ESMF_ConfigUTest.F90, line 916
1:  PASS  Config Get Next Line Test, ESMF_ConfigUTest.F90, line 916
3:  PASS  Config Get Next Line Test, ESMF_ConfigUTest.F90, line 916
3:  PASS  Config Get String Test, ESMF_ConfigUTest.F90, line 935
0:  PASS  Config Get String Test, ESMF_ConfigUTest.F90, line 935
1:  PASS  Config Get String Test, ESMF_ConfigUTest.F90, line 935
3:  PASS  Verify Attribute String Values Test, ESMF_ConfigUTest.F90, line 957
0:  PASS  Verify Attribute String Values Test, ESMF_ConfigUTest.F90, line 957
1:  PASS  Verify Attribute String Values Test, ESMF_ConfigUTest.F90, line 957
2:  PASS  Config Get Logicals Test, ESMF_ConfigUTest.F90, line 845
2:  PASS  Verify Attribute Logicals Values Test, ESMF_ConfigUTest.F90, line 868
3:  PASS  Config Get Int Test, ESMF_ConfigUTest.F90, line 967
0:  PASS  Config Get Int Test, ESMF_ConfigUTest.F90, line 967
1:  PASS  Config Get Int Test, ESMF_ConfigUTest.F90, line 967
2:  PASS  Config Find Label Test, ESMF_ConfigUTest.F90, line 897
2:  PASS  Config Get Next Line Test, ESMF_ConfigUTest.F90, line 916
0:  PASS  Config Get Floats Test, ESMF_ConfigUTest.F90, line 992
3:  PASS  Config Get Floats Test, ESMF_ConfigUTest.F90, line 992
1:  PASS  Config Get Floats Test, ESMF_ConfigUTest.F90, line 992
2:  PASS  Config Get String Test, ESMF_ConfigUTest.F90, line 935
3:  PASS  Verify Attribute Floats Values Test, ESMF_ConfigUTest.F90, line 1014
0:  PASS  Verify Attribute Floats Values Test, ESMF_ConfigUTest.F90, line 1014
0:  PASS  Config Get Next Line Test, ESMF_ConfigUTest.F90, line 1026
1:  PASS  Verify Attribute Floats Values Test, ESMF_ConfigUTest.F90, line 1014
1:  PASS  Config Get Next Line Test, ESMF_ConfigUTest.F90, line 1026
2:  PASS  Verify Attribute String Values Test, ESMF_ConfigUTest.F90, line 957
3:  PASS  Config Get Next Line Test, ESMF_ConfigUTest.F90, line 1026
3:  PASS  Config Get String Test, ESMF_ConfigUTest.F90, line 1045
0:  PASS  Config Get String Test, ESMF_ConfigUTest.F90, line 1045
1:  PASS  Config Get String Test, ESMF_ConfigUTest.F90, line 1045
2:  PASS  Config Get Int Test, ESMF_ConfigUTest.F90, line 967
0:  PASS  Verify Attribute String Values Test, ESMF_ConfigUTest.F90, line 1067
3:  PASS  Verify Attribute String Values Test, ESMF_ConfigUTest.F90, line 1067
1:  PASS  Verify Attribute String Values Test, ESMF_ConfigUTest.F90, line 1067
0:  PASS  Config Get Int Test, ESMF_ConfigUTest.F90, line 1076
2:  PASS  Config Get Floats Test, ESMF_ConfigUTest.F90, line 992
3:  PASS  Config Get Int Test, ESMF_ConfigUTest.F90, line 1076
1:  PASS  Config Get Int Test, ESMF_ConfigUTest.F90, line 1076
2:  PASS  Verify Attribute Floats Values Test, ESMF_ConfigUTest.F90, line 1014
3:  PASS  Verify Attribute Int Values Test, ESMF_ConfigUTest.F90, line 1098
0:  PASS  Verify Attribute Int Values Test, ESMF_ConfigUTest.F90, line 1098
1:  PASS  Verify Attribute Int Values Test, ESMF_ConfigUTest.F90, line 1098
2:  PASS  Config Get Next Line Test, ESMF_ConfigUTest.F90, line 1026
2:  PASS  Config Get String Test, ESMF_ConfigUTest.F90, line 1045
1:  PASS  Config Get Floats Test, ESMF_ConfigUTest.F90, line 1108
3:  PASS  Config Get Floats Test, ESMF_ConfigUTest.F90, line 1108
0:  PASS  Config Get Floats Test, ESMF_ConfigUTest.F90, line 1108
2:  PASS  Verify Attribute String Values Test, ESMF_ConfigUTest.F90, line 1067
0:  PASS  Verify Attribute Floats Values Test, ESMF_ConfigUTest.F90, line 1130
1:  PASS  Verify Attribute Floats Values Test, ESMF_ConfigUTest.F90, line 1130
2:  PASS  Config Get Int Test, ESMF_ConfigUTest.F90, line 1076
3:  PASS  Verify Attribute Floats Values Test, ESMF_ConfigUTest.F90, line 1130
2:  PASS  Verify Attribute Int Values Test, ESMF_ConfigUTest.F90, line 1098
0:  PASS  Config Get Dim Test, ESMF_ConfigUTest.F90, line 1179
1:  PASS  Config Get Dim Test, ESMF_ConfigUTest.F90, line 1179
3:  PASS  Config Get Dim Test, ESMF_ConfigUTest.F90, line 1179
2:  PASS  Config Get Floats Test, ESMF_ConfigUTest.F90, line 1108
3:  PASS  Verify Attribute Dim Values Test, ESMF_ConfigUTest.F90, line 1200
0:  PASS  Verify Attribute Dim Values Test, ESMF_ConfigUTest.F90, line 1200
1:  PASS  Verify Attribute Dim Values Test, ESMF_ConfigUTest.F90, line 1200
2:  PASS  Verify Attribute Floats Values Test, ESMF_ConfigUTest.F90, line 1130
1:  PASS  Config Find Label Test, ESMF_ConfigUTest.F90, line 1211
3:  PASS  Config Find Label Test, ESMF_ConfigUTest.F90, line 1211
0:  PASS  Config Find Label Test, ESMF_ConfigUTest.F90, line 1211
2:  PASS  Config Get Dim Test, ESMF_ConfigUTest.F90, line 1179
1:  PASS  Verify Attribute Line Values Test, ESMF_ConfigUTest.F90, line 1257
3:  PASS  Verify Attribute Line Values Test, ESMF_ConfigUTest.F90, line 1257
0:  PASS  Verify Attribute Line Values Test, ESMF_ConfigUTest.F90, line 1257
2:  PASS  Verify Attribute Dim Values Test, ESMF_ConfigUTest.F90, line 1200
2:  PASS  Config Find Label Test, ESMF_ConfigUTest.F90, line 1211
3:  PASS  Config Bad Label Test, ESMF_ConfigUTest.F90, line 1277
0:  PASS  Config Bad Label Test, ESMF_ConfigUTest.F90, line 1277
1:  PASS  Config Bad Label Test, ESMF_ConfigUTest.F90, line 1277
3:  PASS  Config Find Label Test, ESMF_ConfigUTest.F90, line 1285
0:  PASS  Config Find Label Test, ESMF_ConfigUTest.F90, line 1285
1:  PASS  Config Find Label Test, ESMF_ConfigUTest.F90, line 1285
2:  PASS  Verify Attribute Line Values Test, ESMF_ConfigUTest.F90, line 1257
2:  PASS  Config Bad Label Test, ESMF_ConfigUTest.F90, line 1277
2:  PASS  Config Find Label Test, ESMF_ConfigUTest.F90, line 1285
0:  PASS  Config Set Attribute IntI4 Test 1, ESMF_ConfigUTest.F90, line 1388
1:  PASS  Config Set Attribute IntI4 Test 1, ESMF_ConfigUTest.F90, line 1388
3:  PASS  Config Set Attribute IntI4 Test 1, ESMF_ConfigUTest.F90, line 1388
1:  PASS  Config Set Attribute IntI4 Test 2, ESMF_ConfigUTest.F90, line 1414
0:  PASS  Config Set Attribute IntI4 Test 2, ESMF_ConfigUTest.F90, line 1414
3:  PASS  Config Set Attribute IntI4 Test 2, ESMF_ConfigUTest.F90, line 1414
2:  PASS  Config Set Attribute IntI4 Test 1, ESMF_ConfigUTest.F90, line 1388
0:  PASS  Config Set Attribute IntI4 Test 3, ESMF_ConfigUTest.F90, line 1442
1:  PASS  Config Set Attribute IntI4 Test 3, ESMF_ConfigUTest.F90, line 1442
2:  PASS  Config Set Attribute IntI4 Test 2, ESMF_ConfigUTest.F90, line 1414
3:  PASS  Config Set Attribute IntI4 Test 3, ESMF_ConfigUTest.F90, line 1442
0:  PASS  Config Set Attribute IntI4 Test 4, ESMF_ConfigUTest.F90, line 1470
1:  PASS  Config Set Attribute IntI4 Test 4, ESMF_ConfigUTest.F90, line 1470
2:  PASS  Config Set Attribute IntI4 Test 3, ESMF_ConfigUTest.F90, line 1442
3:  PASS  Config Set Attribute IntI4 Test 4, ESMF_ConfigUTest.F90, line 1470
2:  PASS  Config Set Attribute IntI4 Test 4, ESMF_ConfigUTest.F90, line 1470
1:  PASS  Config Create From Empty Section Test, ESMF_ConfigUTest.F90, line 1521
0:  PASS  Config Create From Empty Section Test, ESMF_ConfigUTest.F90, line 1521
3:  PASS  Config Create From Empty Section Test, ESMF_ConfigUTest.F90, line 1521
0:  PASS  Config From Empty Section Print Test, ESMF_ConfigUTest.F90, line 1537
1:  PASS  Config From Empty Section Print Test, ESMF_ConfigUTest.F90, line 1537
3:  PASS  Config From Empty Section Print Test, ESMF_ConfigUTest.F90, line 1537
2:  PASS  Config Create From Empty Section Test, ESMF_ConfigUTest.F90, line 1521
0:  PASS  Config From Empty Section Destroy Test, ESMF_ConfigUTest.F90, line 1553
1:  PASS  Config From Empty Section Destroy Test, ESMF_ConfigUTest.F90, line 1553
2:  PASS  Config From Empty Section Print Test, ESMF_ConfigUTest.F90, line 1537
3:  PASS  Config From Empty Section Destroy Test, ESMF_ConfigUTest.F90, line 1553
2:  PASS  Config From Empty Section Destroy Test, ESMF_ConfigUTest.F90, line 1553
0:  PASS  Config Create From Section Test, ESMF_ConfigUTest.F90, line 1569
1:  PASS  Config Create From Section Test, ESMF_ConfigUTest.F90, line 1569
3:  PASS  Config Create From Section Test, ESMF_ConfigUTest.F90, line 1569
0:section_token:  'This is a section example'
0:number_bins: 5
0:lower_radius:       0.1    1.0    1.8    3.0   6.0
1:section_token:  'This is a section example'
1:number_bins: 5
1:lower_radius:       0.1    1.0    1.8    3.0   6.0
1:upper_radius:       1.0    1.8    3.0    6.0  10.0
1:effective_radius:  0.73    1.4    2.4    4.5   8.0
1:fraction:           0.1   0.25   0.25   0.25  0.25
3:section_token:  'This is a section example'
3:number_bins: 5
3:lower_radius:       0.1    1.0    1.8    3.0   6.0
3:upper_radius:       1.0    1.8    3.0    6.0  10.0
3:effective_radius:  0.73    1.4    2.4    4.5   8.0
3:fraction:           0.1   0.25   0.25   0.25  0.25
3:  PASS  Config Print Test, ESMF_ConfigUTest.F90, line 1585
0:upper_radius:       1.0    1.8    3.0    6.0  10.0
0:effective_radius:  0.73    1.4    2.4    4.5   8.0
0:fraction:           0.1   0.25   0.25   0.25  0.25
0:  PASS  Config Print Test, ESMF_ConfigUTest.F90, line 1585
1:  PASS  Config Print Test, ESMF_ConfigUTest.F90, line 1585
2:  PASS  Config Create From Section Test, ESMF_ConfigUTest.F90, line 1569
2:section_token:  'This is a section example'
2:number_bins: 5
2:lower_radius:       0.1    1.0    1.8    3.0   6.0
0:  PASS  Config From Section Destroy Test, ESMF_ConfigUTest.F90, line 1601
1:  PASS  Config From Section Destroy Test, ESMF_ConfigUTest.F90, line 1601
2:upper_radius:       1.0    1.8    3.0    6.0  10.0
2:effective_radius:  0.73    1.4    2.4    4.5   8.0
2:fraction:           0.1   0.25   0.25   0.25  0.25
2:  PASS  Config Print Test, ESMF_ConfigUTest.F90, line 1585
3:  PASS  Config From Section Destroy Test, ESMF_ConfigUTest.F90, line 1601
2:  PASS  Config From Section Destroy Test, ESMF_ConfigUTest.F90, line 1601
0:  PASS  Config Create From Section Test, ESMF_ConfigUTest.F90, line 1617
1:  PASS  Config Create From Section Test, ESMF_ConfigUTest.F90, line 1617
3:  PASS  Config Create From Section Test, ESMF_ConfigUTest.F90, line 1617
1:  PASS  Config Section Get Attribute String Multi-word Token, ESMF_ConfigUTest.F
1: 90, line 1634
3:  PASS  Config Section Get Attribute String Multi-word Token, ESMF_ConfigUTest.F
3: 90, line 1634
0:  PASS  Config Section Get Attribute String Multi-word Token, ESMF_ConfigUTest.F
0: 90, line 1634
2:  PASS  Config Create From Section Test, ESMF_ConfigUTest.F90, line 1617
1:  PASS  Config Section Validate Attribute String Multi-word apostrophe Token Tes
1: t, ESMF_ConfigUTest.F90, line 1649
3:  PASS  Config Section Validate Attribute String Multi-word apostrophe Token Tes
3: t, ESMF_ConfigUTest.F90, line 1649
0:  PASS  Config Section Validate Attribute String Multi-word apostrophe Token Tes
0: t, ESMF_ConfigUTest.F90, line 1649
2:  PASS  Config Section Get Attribute String Multi-word Token, ESMF_ConfigUTest.F
2: 90, line 1634
0:  PASS  Config Section Find Next Label section_data_values Test, ESMF_ConfigUTes
0: t.F90, line 1667
1:  PASS  Config Section Find Next Label section_data_values Test, ESMF_ConfigUTes
1: t.F90, line 1667
3:  PASS  Config Section Find Next Label section_data_values Test, ESMF_ConfigUTes
3: t.F90, line 1667
1:  PASS  Config Section Get Attribute section_data_num Test, ESMF_ConfigUTest.F90
1: , line 1683
2:  PASS  Config Section Validate Attribute String Multi-word apostrophe Token Tes
2: t, ESMF_ConfigUTest.F90, line 1649
2:  PASS  Config Section Find Next Label section_data_values Test, ESMF_ConfigUTes
2: t.F90, line 1667
3:  PASS  Config Section Get Attribute section_data_num Test, ESMF_ConfigUTest.F90
3: , line 1683
0:  PASS  Config Section Get Attribute section_data_num Test, ESMF_ConfigUTest.F90
0: , line 1683
0:  PASS  Config Section Validate Attribute section_data_num Value Test, ESMF_Conf
0: igUTest.F90, line 1698
1:  PASS  Config Section Validate Attribute section_data_num Value Test, ESMF_Conf
1: igUTest.F90, line 1698
3:  PASS  Config Section Validate Attribute section_data_num Value Test, ESMF_Conf
3: igUTest.F90, line 1698
1:  PASS  Config Section Get Attribute section_data_values Test, ESMF_ConfigUTest.
1: F90, line 1717
2:  PASS  Config Section Get Attribute section_data_num Test, ESMF_ConfigUTest.F90
2: , line 1683
2:  PASS  Config Section Validate Attribute section_data_num Value Test, ESMF_Conf
2: igUTest.F90, line 1698
3:  PASS  Config Section Get Attribute section_data_values Test, ESMF_ConfigUTest.
3: F90, line 1717
0:  PASS  Config Section Get Attribute section_data_values Test, ESMF_ConfigUTest.
0: F90, line 1717
2:  PASS  Config Section Get Attribute section_data_values Test, ESMF_ConfigUTest.
2: F90, line 1717
3:  PASS  Config Section Validate Attribute section_data_values Values Test, ESMF_
3: ConfigUTest.F90, line 1742
0:  PASS  Config Section Validate Attribute section_data_values Values Test, ESMF_
0: ConfigUTest.F90, line 1742
1:  PASS  Config Section Validate Attribute section_data_values Values Test, ESMF_
1: ConfigUTest.F90, line 1742
2:  PASS  Config Section Validate Attribute section_data_values Values Test, ESMF_
2: ConfigUTest.F90, line 1742
3:  PASS  Config Section Read Table Test, ESMF_ConfigUTest.F90, line 1767
0:  PASS  Config Section Read Table Test, ESMF_ConfigUTest.F90, line 1767
1:  PASS  Config Section Read Table Test, ESMF_ConfigUTest.F90, line 1767
2:  PASS  Config Section Read Table Test, ESMF_ConfigUTest.F90, line 1767
0:  PASS  Config Section Read Table Dimensions Test, ESMF_ConfigUTest.F90, line 17
0: 91
3:  PASS  Config Section Read Table Dimensions Test, ESMF_ConfigUTest.F90, line 17
3: 91
1:  PASS  Config Section Read Table Dimensions Test, ESMF_ConfigUTest.F90, line 17
1: 91
2:  PASS  Config Section Read Table Dimensions Test, ESMF_ConfigUTest.F90, line 17
2: 91
3:  PASS  Config Section Read Table Values Test, ESMF_ConfigUTest.F90, line 1833
0:  PASS  Config Section Read Table Values Test, ESMF_ConfigUTest.F90, line 1833
1:  PASS  Config Section Read Table Values Test, ESMF_ConfigUTest.F90, line 1833
2:  PASS  Config Section Read Table Values Test, ESMF_ConfigUTest.F90, line 1833
3:  PASS  Config From Section Validate Test, ESMF_ConfigUTest.F90, line 1856
0:  PASS  Config From Section Validate Test, ESMF_ConfigUTest.F90, line 1856
1:  PASS  Config From Section Validate Test, ESMF_ConfigUTest.F90, line 1856
2:  PASS  Config From Section Validate Test, ESMF_ConfigUTest.F90, line 1856
3:  PASS  Config From Section Destroy Test, ESMF_ConfigUTest.F90, line 1872
0:  PASS  Config From Section Destroy Test, ESMF_ConfigUTest.F90, line 1872
1:  PASS  Config From Section Destroy Test, ESMF_ConfigUTest.F90, line 1872
2:  PASS  Config From Section Destroy Test, ESMF_ConfigUTest.F90, line 1872
2:  PASS  Config Validate Test, ESMF_ConfigUTest.F90, line 1898
3:  PASS  Config Validate Test, ESMF_ConfigUTest.F90, line 1898
0:  PASS  Config Validate Test, ESMF_ConfigUTest.F90, line 1898
1:  PASS  Config Validate Test, ESMF_ConfigUTest.F90, line 1898
2:  PASS  Config Destroy Test, ESMF_ConfigUTest.F90, line 1915
3:  PASS  Config Destroy Test, ESMF_ConfigUTest.F90, line 1915
0:  PASS  Config Destroy Test, ESMF_ConfigUTest.F90, line 1915
1:  PASS  Config Destroy Test, ESMF_ConfigUTest.F90, line 1915
0:  PASS  Config Unit Test, ESMF_ConfigUTest.F90, line 2136
2:  PASS  Config Unit Test, ESMF_ConfigUTest.F90, line 2136
2: ESMF_Config: All tests were successful
3:  PASS  Config Unit Test, ESMF_ConfigUTest.F90, line 2136
3: ESMF_Config: All tests were successful
0: ESMF_Config: All tests were successful
0:  Ending Test, file ESMF_ConfigUTest.F90, line 2148
1:  PASS  Config Unit Test, ESMF_ConfigUTest.F90, line 2136
1: ESMF_Config: All tests were successful
2:  Ending Test, file ESMF_ConfigUTest.F90, line 2148
3:  Ending Test, file ESMF_ConfigUTest.F90, line 2148
1:  Ending Test, file ESMF_ConfigUTest.F90, line 2148
0:  PET           0  Test Elapsed Time    4.10300000000000       msec.
2:  PET           2  Test Elapsed Time    3.97500000000000       msec.
1:  PET           1  Test Elapsed Time    4.31600000000000       msec.
3:  PET           3  Test Elapsed Time    4.32300000000000       msec.
