2022-07-21 17:06:57
Name: gridcomp	  Convention: customconvention2	  Purpose: custompurpose2	


