2022-07-21 20:17:24
 -------------------------------- 
 Start of System Test FieldMeshSMM:
 -------------------------------- 
 -------------------------------- 
 Start of System Test FieldMeshSMM:
 -------------------------------- 
 -------------------------------- 
 Start of System Test FieldMeshSMM:
 -------------------------------- 
 -------------------------------- 
 Start of System Test FieldMeshSMM:
 -------------------------------- 
[1658435606.374487] [h12c06:59326:0]         mxm.c:196  MXM  WARN  The 'ulimit -s' on the system is set to 'unlimited'. This may have negative performance implications. Please set the stack size to the default value (10240) 
[1658435606.374575] [h12c06:59325:0]         mxm.c:196  MXM  WARN  The 'ulimit -s' on the system is set to 'unlimited'. This may have negative performance implications. Please set the stack size to the default value (10240) 
[1658435606.374642] [h12c06:59328:0]         mxm.c:196  MXM  WARN  The 'ulimit -s' on the system is set to 'unlimited'. This may have negative performance implications. Please set the stack size to the default value (10240) 
[1658435606.374681] [h12c06:59327:0]         mxm.c:196  MXM  WARN  The 'ulimit -s' on the system is set to 'unlimited'. This may have negative performance implications. Please set the stack size to the default value (10240) 
[1658435606.379799] [h12c06:59326:0]         mxm.c:196  MXM  WARN  The 'ulimit -s' on the system is set to 'unlimited'. This may have negative performance implications. Please set the stack size to the default value (10240) 
[1658435606.380167] [h12c06:59325:0]         mxm.c:196  MXM  WARN  The 'ulimit -s' on the system is set to 'unlimited'. This may have negative performance implications. Please set the stack size to the default value (10240) 
[1658435606.380206] [h12c06:59328:0]         mxm.c:196  MXM  WARN  The 'ulimit -s' on the system is set to 'unlimited'. This may have negative performance implications. Please set the stack size to the default value (10240) 
[1658435606.380293] [h12c06:59327:0]         mxm.c:196  MXM  WARN  The 'ulimit -s' on the system is set to 'unlimited'. This may have negative performance implications. Please set the stack size to the default value (10240) 
 Created component user model 1 rc =           0
 Created component user model 1 rc =           0
 Created component user model 1 rc =           0
 Created component user model 1 rc =           0
 Created component user model 2 rc =           0
 Created component user model 2 rc =           0
 Created component user model 2 rc =           0
 Created component user model 2 rc =           0
 Created component user one-way coupler rc =           0
 Comp Creates finished
 Created component user one-way coupler rc =           0
 Comp Creates finished
 Created component user one-way coupler rc =           0
 Comp Creates finished
 Created component user one-way coupler rc =           0
 Comp Creates finished
 in user register routine
 in user register routine
 Registered Initialize, Run, and Finalize routines
 in user register routine
 Registered Initialize, Run, and Finalize routines
 in user register routine
 Registered Initialize, Run, and Finalize routines
 Registered Initialize, Run, and Finalize routines
 Comp SetServices finished, rc=            0
 Comp SetServices finished, rc=            0
 Comp SetServices finished, rc=            0
 Comp SetServices finished, rc=            0
 In user register routine
 Registered Initialize, Run, and Finalize routines
 Comp SetServices finished, rc=            0
 In user register routine
 Registered Initialize, Run, and Finalize routines
 Comp SetServices finished, rc=            0
 In user register routine
 Registered Initialize, Run, and Finalize routines
 Comp SetServices finished, rc=            0
 In user register routine
 Registered Initialize, Run, and Finalize routines
 Comp SetServices finished, rc=            0
 in user setservices routine
 in user setservices routine
 Registered Initialize, Run, and Finalize routines
 Comp SetServices finished, rc=            0
 in user setservices routine
 Registered Initialize, Run, and Finalize routines
 Comp SetServices finished, rc=            0
 in user setservices routine
 Registered Initialize, Run, and Finalize routines
 Comp SetServices finished, rc=            0
 Registered Initialize, Run, and Finalize routines
 Comp SetServices finished, rc=            0
           2 User Comp 1 Init starting
           0 User Comp 1 Init starting
           1 User Comp 1 Init starting
           3 User Comp 1 Init starting
           1 User Comp 1 Init returning
 Comp 1 Initialize finished, rc =           0
           2 User Comp 1 Init returning
 Comp 1 Initialize finished, rc =           0
           0 User Comp 1 Init returning
 Comp 1 Initialize finished, rc =           0
           3 User Comp 1 Init returning
 Comp 1 Initialize finished, rc =           0
           1 User Comp 2 Init starting
           2 User Comp 2 Init starting
           3 User Comp 2 Init starting
           0 User Comp 2 Init starting
           3 User Comp 2 Init returning
 Comp 2 Initialize finished, rc =           0
 User Coupler Init starting
           2 User Comp 2 Init returning
 Comp 2 Initialize finished, rc =           0
 User Coupler Init starting
           1 User Comp 2 Init returning
 Comp 2 Initialize finished, rc =           0
 User Coupler Init starting
 Import State contains            1  items.
 Export State contains            1  items.
           0 User Comp 2 Init returning
 Comp 2 Initialize finished, rc =           0
 User Coupler Init starting
 Import State contains            1  items.
 Import State contains            1  items.
 Export State contains            1  items.
 Import State contains            1  items.
 Export State contains            1  items.
 Export State contains            1  items.
 User Coupler Init returning
 Coupler Initialize finished, rc =           0
 User Coupler Init returning
 Coupler Initialize finished, rc =           0
 User Coupler Init returning
 Coupler Initialize finished, rc =           0
 User Coupler Init returning
 Coupler Initialize finished, rc =           0
 User Comp Run starting
 User Comp Run returning
 Comp 1 Run returned, rc =           0
 User Comp Run starting
 User Comp Run returning
 Comp 1 Run returned, rc =           0
 User Comp Run starting
 User Comp Run returning
 Comp 1 Run returned, rc =           0
 User Coupler Run starting
 User Coupler Run starting
 User Coupler Run returning
 Coupler Run returned, rc =           0
 User Comp Run starting
 User Comp Run returning
 Comp 1 Run returned, rc =           0
 User Coupler Run starting
 User Coupler Run returning
 Coupler Run returned, rc =           0
 User Comp Run starting
 User Coupler Run starting
 User Coupler Run returning
 Coupler Run returned, rc =           0
 User Comp Run starting
 User Coupler Run returning
 Coupler Run returned, rc =           0
 User Comp Run starting
 User Comp Run starting
 User Comp Run returning
 Comp 2 Run returned, rc =           0
 User Comp Run returning
 Comp 2 Run returned, rc =           0
 User Comp Run returning
 Comp 2 Run returned, rc =           0
 User Comp Final starting
 User Comp Run returning
 Comp 2 Run returned, rc =           0
 User Comp Final starting
 User Comp Final starting
 User Comp Final starting
 User Comp Final returning
 Comp 1 Finalize finished, rc =           0
 User Comp Final returning
 Comp 1 Finalize finished, rc =           0
 User Comp Final returning
 Comp 1 Finalize finished, rc =           0
 User Comp Final returning
 Comp 1 Finalize finished, rc =           0
 User Comp Final starting
 User Comp Final starting
 User Comp Final starting
 User Comp Final returning
 Comp 2 Finalize finished, rc =           0
 User Coupler Final starting
 User Comp Final starting
 User Comp Final returning
 Comp 2 Finalize finished, rc =           0
 User Comp Final returning
 Comp 2 Finalize finished, rc =           0
 User Coupler Final starting
 User Coupler Final starting
 User Coupler Final returning
 Coupler Finalize finished, rc =           0
 User Comp Final returning
 Comp 2 Finalize finished, rc =           0
 User Coupler Final starting
 User Coupler Final returning
 Coupler Finalize finished, rc =           0
 ------------------------------------------------------------
 ------------------------------------------------------------
 User Coupler Final returning
 Coupler Finalize finished, rc =           0
 ------------------------------------------------------------
 ------------------------------------------------------------
 Test finished, pet_id =            2
 ------------------------------------------------------------
 ------------------------------------------------------------
 Comp Finalize returned
 User Coupler Final returning
 Coupler Finalize finished, rc =           0
 ------------------------------------------------------------
 ------------------------------------------------------------
 Test finished, pet_id =            1
 ------------------------------------------------------------
 ------------------------------------------------------------
 Comp Finalize returned
 ------------------------------------------------------------
 ------------------------------------------------------------
 Test finished, pet_id =            0
 ------------------------------------------------------------
 ------------------------------------------------------------
 Comp Finalize returned
 Test finished, pet_id =            3
 ------------------------------------------------------------
 ------------------------------------------------------------
 Comp Finalize returned
 All Destroy routines done
 System Test FieldMeshSMM complete.
 All Destroy routines done
 System Test FieldMeshSMM complete.
 All Destroy routines done
 System Test FieldMeshSMM complete.
 All Destroy routines done
 System Test FieldMeshSMM complete.
  PASS  System Test FieldMeshSMM: Mesh based Field SMM, ESMF_FieldMeshSMMSTest.F90, line 390
  PASS  System Test FieldMeshSMM: Mesh based Field SMM, ESMF_FieldMeshSMMSTest.F90, line 390
  PASS  System Test FieldMeshSMM: Mesh based Field SMM, ESMF_FieldMeshSMMSTest.F90, line 390
  PASS  System Test FieldMeshSMM: Mesh based Field SMM, ESMF_FieldMeshSMMSTest.F90, line 390
