2022-07-21 20:17:24
[1658435206.869110] [h12c06:3728 :0]         mxm.c:196  MXM  WARN  The 'ulimit -s' on the system is set to 'unlimited'. This may have negative performance implications. Please set the stack size to the default value (10240) 
[1658435206.869180] [h12c06:3726 :0]         mxm.c:196  MXM  WARN  The 'ulimit -s' on the system is set to 'unlimited'. This may have negative performance implications. Please set the stack size to the default value (10240) 
[1658435206.869386] [h12c06:3727 :0]         mxm.c:196  MXM  WARN  The 'ulimit -s' on the system is set to 'unlimited'. This may have negative performance implications. Please set the stack size to the default value (10240) 
[1658435206.869415] [h12c06:3729 :0]         mxm.c:196  MXM  WARN  The 'ulimit -s' on the system is set to 'unlimited'. This may have negative performance implications. Please set the stack size to the default value (10240) 
[1658435206.874618] [h12c06:3728 :0]         mxm.c:196  MXM  WARN  The 'ulimit -s' on the system is set to 'unlimited'. This may have negative performance implications. Please set the stack size to the default value (10240) 
[1658435206.874708] [h12c06:3726 :0]         mxm.c:196  MXM  WARN  The 'ulimit -s' on the system is set to 'unlimited'. This may have negative performance implications. Please set the stack size to the default value (10240) 
[1658435206.874995] [h12c06:3727 :0]         mxm.c:196  MXM  WARN  The 'ulimit -s' on the system is set to 'unlimited'. This may have negative performance implications. Please set the stack size to the default value (10240) 
[1658435206.875019] [h12c06:3729 :0]         mxm.c:196  MXM  WARN  The 'ulimit -s' on the system is set to 'unlimited'. This may have negative performance implications. Please set the stack size to the default value (10240) 
  Beginning Test, file ESMF_GridItemUTest.F90, line 71
  NUMBER_OF_PROCESSORS           4
  Beginning Test, file ESMF_GridItemUTest.F90, line 71
  NUMBER_OF_PROCESSORS           4
  Beginning Test, file ESMF_GridItemUTest.F90, line 71
  NUMBER_OF_PROCESSORS           4
  Beginning Test, file ESMF_GridItemUTest.F90, line 71
  NUMBER_OF_PROCESSORS           4
  PASS  Test Grid Item isPresent, ESMF_GridItemUTest.F90, line 127
  PASS  Test Grid Item isPresent, ESMF_GridItemUTest.F90, line 127
  PASS  Test Grid Item isPresent, ESMF_GridItemUTest.F90, line 127
  PASS  Test Grid Item isPresent, ESMF_GridItemUTest.F90, line 127
  PASS  Test ESMF_GridMatch() on Grids with the same item values, ESMF_GridItemUTest.F90, line 220
  PASS  Test ESMF_GridMatch() on Grids with the same item values, ESMF_GridItemUTest.F90, line 220
  PASS  Test ESMF_GridMatch() on Grids with the same item values, ESMF_GridItemUTest.F90, line 220
  PASS  Test ESMF_GridMatch() on Grids with the same item values, ESMF_GridItemUTest.F90, line 220
  PASS  Test ESMF_GridMatch() on Grids with different item values, ESMF_GridItemUTest.F90, line 313
  PASS  Test ESMF_GridMatch() on Grids with different item values, ESMF_GridItemUTest.F90, line 313
  PASS  Test ESMF_GridMatch() on Grids with different item values, ESMF_GridItemUTest.F90, line 313
  PASS  Test ESMF_GridMatch() on Grids with different item values, ESMF_GridItemUTest.F90, line 313
  PASS  Set/Get Item from Array, ESMF_GridItemUTest.F90, line 368
  PASS  Set/Get Item from Array, ESMF_GridItemUTest.F90, line 368
  PASS  Set/Get Item from Array, ESMF_GridItemUTest.F90, line 368
  PASS  Set/Get Item from Array, ESMF_GridItemUTest.F90, line 368
  PASS  Add Item from Array check distgridToArrayMap matching, ESMF_GridItemUTest.F90, line 414
  PASS  Add Item from Array check distgridToArrayMap matching, ESMF_GridItemUTest.F90, line 414
  PASS  Add Item from Array check distgridToArrayMap matching, ESMF_GridItemUTest.F90, line 414
  PASS  Add Item from Array check distgridToArrayMap matching, ESMF_GridItemUTest.F90, line 414
  PASS  Get fortran pointer from item array, ESMF_GridItemUTest.F90, line 469
  PASS  Get fortran pointer from item array, ESMF_GridItemUTest.F90, line 469
  PASS  Get fortran pointer from item array, ESMF_GridItemUTest.F90, line 469
  PASS  Get fortran pointer from item array, ESMF_GridItemUTest.F90, line 469
  PASS  Test item value and type error checking, ESMF_GridItemUTest.F90, line 505
  PASS  Test item value and type error checking, ESMF_GridItemUTest.F90, line 505
  PASS  Test item value and type error checking, ESMF_GridItemUTest.F90, line 505
  PASS  Test item value and type error checking, ESMF_GridItemUTest.F90, line 505
  PASS  Test ESMF_GridGetItem getting bounds from grid item, ESMF_GridItemUTest.F90, line 574
  PASS  Test ESMF_GridGetItem getting bounds from grid item, ESMF_GridItemUTest.F90, line 574
  PASS  Test ESMF_GridGetItem getting bounds from grid item, ESMF_GridItemUTest.F90, line 574
  PASS  Test ESMF_GridGetItem getting bounds from grid item, ESMF_GridItemUTest.F90, line 574
  PASS  Test ESMF_GridGetItem getting R8 pointer, ESMF_GridItemUTest.F90, line 635
  PASS  Test ESMF_GridGetItem getting R8 pointer, ESMF_GridItemUTest.F90, line 635
  PASS  Test ESMF_GridGetItem getting R8 pointer, ESMF_GridItemUTest.F90, line 635
  PASS  Test ESMF_GridGetItem getting R8 pointer, ESMF_GridItemUTest.F90, line 635
  PASS  Test ESMF_GridGetItem getting R4 pointer, ESMF_GridItemUTest.F90, line 695
  PASS  Test ESMF_GridGetItem getting R4 pointer, ESMF_GridItemUTest.F90, line 695
  PASS  Test ESMF_GridGetItem getting R4 pointer, ESMF_GridItemUTest.F90, line 695
  PASS  Test ESMF_GridGetItem getting R4 pointer, ESMF_GridItemUTest.F90, line 695
  PASS  Test Adding and Getting each grid item, ESMF_GridItemUTest.F90, line 777
  PASS  Test Adding and Getting each grid item, ESMF_GridItemUTest.F90, line 777
  Ending Test, file ESMF_GridItemUTest.F90, line 787
  PASS  Test Adding and Getting each grid item, ESMF_GridItemUTest.F90, line 777
  Ending Test, file ESMF_GridItemUTest.F90, line 787
  PASS  Test Adding and Getting each grid item, ESMF_GridItemUTest.F90, line 777
  Ending Test, file ESMF_GridItemUTest.F90, line 787
  Ending Test, file ESMF_GridItemUTest.F90, line 787
  PET           3  Test Elapsed Time    16.611000000000001       msec.
  PET           0  Test Elapsed Time    16.924999999999997       msec.
  PET           2  Test Elapsed Time    17.272000000000009       msec.
  PET           1  Test Elapsed Time    18.136999999999986       msec.
