2022-07-21 14:01:10
Name: cplcomp	  Convention: customconvention2	  Purpose: custompurpose2	


