2022-07-21 17:28:13
0:  Beginning Test, file ESMF_FieldBundleIOUTest.F90, line 71
2:  Beginning Test, file ESMF_FieldBundleIOUTest.F90, line 71
3:  Beginning Test, file ESMF_FieldBundleIOUTest.F90, line 71
1:  Beginning Test, file ESMF_FieldBundleIOUTest.F90, line 71
1:  NUMBER_OF_PROCESSORS           4
3:  NUMBER_OF_PROCESSORS           4
0:  NUMBER_OF_PROCESSORS           4
2:  NUMBER_OF_PROCESSORS           4
0:  PASS  Creating a Grid to use in Field Tests, ESMF_FieldBundleIOUTest.F90, line
0:  92
1:  PASS  Creating a Grid to use in Field Tests, ESMF_FieldBundleIOUTest.F90, line
1:  92
2:  PASS  Creating a Grid to use in Field Tests, ESMF_FieldBundleIOUTest.F90, line
2:  92
3:  PASS  Creating a Grid to use in Field Tests, ESMF_FieldBundleIOUTest.F90, line
3:  92
1:  PASS  Create dimensions attribute package on shared Grid Test, ESMF_FieldBundl
1: eIOUTest.F90, line 102
3:  PASS  Create dimensions attribute package on shared Grid Test, ESMF_FieldBundl
3: eIOUTest.F90, line 102
0:  PASS  Create dimensions attribute package on shared Grid Test, ESMF_FieldBundl
0: eIOUTest.F90, line 102
2:  PASS  Create dimensions attribute package on shared Grid Test, ESMF_FieldBundl
2: eIOUTest.F90, line 102
0:  PASS  Set dimensions attribute package on Grid Test, ESMF_FieldBundleIOUTest.F
0: 90, line 113
1:  PASS  Set dimensions attribute package on Grid Test, ESMF_FieldBundleIOUTest.F
1: 90, line 113
2:  PASS  Set dimensions attribute package on Grid Test, ESMF_FieldBundleIOUTest.F
2: 90, line 113
3:  PASS  Set dimensions attribute package on Grid Test, ESMF_FieldBundleIOUTest.F
3: 90, line 113
1:  PASS  Creating a 2 DE/PET Grid to use in Field Tests, ESMF_FieldBundleIOUTest.
1: F90, line 123
2:  PASS  Creating a 2 DE/PET Grid to use in Field Tests, ESMF_FieldBundleIOUTest.
2: F90, line 123
3:  PASS  Creating a 2 DE/PET Grid to use in Field Tests, ESMF_FieldBundleIOUTest.
3: F90, line 123
0:  PASS  Creating a 2 DE/PET Grid to use in Field Tests, ESMF_FieldBundleIOUTest.
0: F90, line 123
1:  PASS  Create dimensions attribute package on 2 DE/PET Grid Test, ESMF_FieldBun
1: dleIOUTest.F90, line 133
2:  PASS  Create dimensions attribute package on 2 DE/PET Grid Test, ESMF_FieldBun
2: dleIOUTest.F90, line 133
3:  PASS  Create dimensions attribute package on 2 DE/PET Grid Test, ESMF_FieldBun
3: dleIOUTest.F90, line 133
0:  PASS  Create dimensions attribute package on 2 DE/PET Grid Test, ESMF_FieldBun
0: dleIOUTest.F90, line 133
1:  PASS  Set dimensions attribute package on Grid Test, ESMF_FieldBundleIOUTest.F
1: 90, line 144
2:  PASS  Set dimensions attribute package on Grid Test, ESMF_FieldBundleIOUTest.F
2: 90, line 144
3:  PASS  Set dimensions attribute package on Grid Test, ESMF_FieldBundleIOUTest.F
3: 90, line 144
0:  PASS  Set dimensions attribute package on Grid Test, ESMF_FieldBundleIOUTest.F
0: 90, line 144
2:  PASS  Create a field from grid and fortran dummy array, ESMF_FieldBundleIOUTes
2: t.F90, line 182
0:  PASS  Create a field from grid and fortran dummy array, ESMF_FieldBundleIOUTes
0: t.F90, line 182
1:  PASS  Create a field from grid and fortran dummy array, ESMF_FieldBundleIOUTes
1: t.F90, line 182
3:  PASS  Create a field from grid and fortran dummy array, ESMF_FieldBundleIOUTes
3: t.F90, line 182
2:  PASS  Create attribute package on Field(1) Test, ESMF_FieldBundleIOUTest.F90, 
2: line 195
0:  PASS  Create attribute package on Field(1) Test, ESMF_FieldBundleIOUTest.F90, 
0: line 195
1:  PASS  Create attribute package on Field(1) Test, ESMF_FieldBundleIOUTest.F90, 
1: line 195
3:  PASS  Create attribute package on Field(1) Test, ESMF_FieldBundleIOUTest.F90, 
3: line 195
1:  PASS  Set attribute values on Field(1) Test, ESMF_FieldBundleIOUTest.F90, line
1:  208
2:  PASS  Set attribute values on Field(1) Test, ESMF_FieldBundleIOUTest.F90, line
2:  208
3:  PASS  Set attribute values on Field(1) Test, ESMF_FieldBundleIOUTest.F90, line
3:  208
0:  PASS  Set attribute values on Field(1) Test, ESMF_FieldBundleIOUTest.F90, line
0:  208
2:  PASS  Create a field from grid and fortran dummy array, ESMF_FieldBundleIOUTes
2: t.F90, line 218
3:  PASS  Create a field from grid and fortran dummy array, ESMF_FieldBundleIOUTes
3: t.F90, line 218
0:  PASS  Create a field from grid and fortran dummy array, ESMF_FieldBundleIOUTes
0: t.F90, line 218
1:  PASS  Create a field from grid and fortran dummy array, ESMF_FieldBundleIOUTes
1: t.F90, line 218
3:  PASS  Create attribute package on Field(2) Test, ESMF_FieldBundleIOUTest.F90, 
3: line 230
0:  PASS  Create attribute package on Field(2) Test, ESMF_FieldBundleIOUTest.F90, 
0: line 230
1:  PASS  Create attribute package on Field(2) Test, ESMF_FieldBundleIOUTest.F90, 
1: line 230
2:  PASS  Create attribute package on Field(2) Test, ESMF_FieldBundleIOUTest.F90, 
2: line 230
3:  PASS  Set attribute values on Field(2) Test, ESMF_FieldBundleIOUTest.F90, line
3:  243
0:  PASS  Set attribute values on Field(2) Test, ESMF_FieldBundleIOUTest.F90, line
0:  243
1:  PASS  Set attribute values on Field(2) Test, ESMF_FieldBundleIOUTest.F90, line
1:  243
2:  PASS  Set attribute values on Field(2) Test, ESMF_FieldBundleIOUTest.F90, line
2:  243
1:  PASS  Array Spec Set, ESMF_FieldBundleIOUTest.F90, line 253
3:  PASS  Array Spec Set, ESMF_FieldBundleIOUTest.F90, line 253
0:  PASS  Array Spec Set, ESMF_FieldBundleIOUTest.F90, line 253
2:  PASS  Array Spec Set, ESMF_FieldBundleIOUTest.F90, line 253
3:  PASS  Create a field from 2 DE/PET grid, ESMF_FieldBundleIOUTest.F90, line 263
0:  PASS  Create a field from 2 DE/PET grid, ESMF_FieldBundleIOUTest.F90, line 263
1:  PASS  Create a field from 2 DE/PET grid, ESMF_FieldBundleIOUTest.F90, line 263
2:  PASS  Create a field from 2 DE/PET grid, ESMF_FieldBundleIOUTest.F90, line 263
2:  PASS  Create attribute package on Field(3) Test, ESMF_FieldBundleIOUTest.F90, 
2: line 275
3:  PASS  Create attribute package on Field(3) Test, ESMF_FieldBundleIOUTest.F90, 
3: line 275
0:  PASS  Create attribute package on Field(3) Test, ESMF_FieldBundleIOUTest.F90, 
0: line 275
1:  PASS  Create attribute package on Field(3) Test, ESMF_FieldBundleIOUTest.F90, 
1: line 275
2:  PASS  Set attribute values on Field(3) Test, ESMF_FieldBundleIOUTest.F90, line
2:  288
3:  PASS  Set attribute values on Field(3) Test, ESMF_FieldBundleIOUTest.F90, line
3:  288
0:  PASS  Set attribute values on Field(3) Test, ESMF_FieldBundleIOUTest.F90, line
0:  288
1:  PASS  Set attribute values on Field(3) Test, ESMF_FieldBundleIOUTest.F90, line
1:  288
1:  PASS  Get and fill Farray_w from field DE 0, ESMF_FieldBundleIOUTest.F90, line
1:  298
0:  PASS  Get and fill Farray_w from field DE 0, ESMF_FieldBundleIOUTest.F90, line
0:  298
2:  PASS  Get and fill Farray_w from field DE 0, ESMF_FieldBundleIOUTest.F90, line
2:  298
3:  PASS  Get and fill Farray_w from field DE 0, ESMF_FieldBundleIOUTest.F90, line
3:  298
1:  PASS  Get and fill Farray_w from field DE 1, ESMF_FieldBundleIOUTest.F90, line
1:  308
3:  PASS  Get and fill Farray_w from field DE 1, ESMF_FieldBundleIOUTest.F90, line
3:  308
0:  PASS  Get and fill Farray_w from field DE 1, ESMF_FieldBundleIOUTest.F90, line
0:  308
2:  PASS  Get and fill Farray_w from field DE 1, ESMF_FieldBundleIOUTest.F90, line
2:  308
0:  PASS  Create a bundle from 3 fields, ESMF_FieldBundleIOUTest.F90, line 317
1:  PASS  Create a bundle from 3 fields, ESMF_FieldBundleIOUTest.F90, line 317
3:  PASS  Create a bundle from 3 fields, ESMF_FieldBundleIOUTest.F90, line 317
2:  PASS  Create a bundle from 3 fields, ESMF_FieldBundleIOUTest.F90, line 317
1:  PASS  Create attribute package on FieldBundle single Test, ESMF_FieldBundleIOU
1: Test.F90, line 329
2:  PASS  Create attribute package on FieldBundle single Test, ESMF_FieldBundleIOU
2: Test.F90, line 329
3:  PASS  Create attribute package on FieldBundle single Test, ESMF_FieldBundleIOU
3: Test.F90, line 329
0:  PASS  Create attribute package on FieldBundle single Test, ESMF_FieldBundleIOU
0: Test.F90, line 329
3:  PASS  Set attribute values on FieldBundle single Test, ESMF_FieldBundleIOUTest
3: .F90, line 342
0:  PASS  Set attribute values on FieldBundle single Test, ESMF_FieldBundleIOUTest
0: .F90, line 342
1:  PASS  Set attribute values on FieldBundle single Test, ESMF_FieldBundleIOUTest
1: .F90, line 342
2:  PASS  Set attribute values on FieldBundle single Test, ESMF_FieldBundleIOUTest
2: .F90, line 342
3:MPT ERROR: Rank 3(g:3) received signal SIGSEGV(11).
3:	Process ID: 39363, Host: r12i3n9, Program: /glade/scratch/dunlap/esmf-test-dev/intel_18.0.5_mpt_g_dushan_dev_info_fix/esmf/test/testg/Linux.intel.64.mpt.default/ESMF_FieldBundleIOUTest
3:	MPT Version: HPE MPT 2.19  02/23/19 05:30:09
3:
3:MPT: --------stack traceback-------
3:MPT: Attaching to program: /proc/39363/exe, process 39363
3:MPT: Missing separate debuginfo for /glade/u/apps/ch/os/lib64/libm.so.6
3:MPT: Try: zypper install -C "debuginfo(build-id)=cc12cf31ea4a157ebc7ac7bdfc09d5bfa3e0f3e0"
3:MPT: (No debugging symbols found in /glade/u/apps/ch/os/lib64/libm.so.6)
3:MPT: Missing separate debuginfo for /glade/u/apps/ch/os/lib64/libdl.so.2
3:MPT: Try: zypper install -C "debuginfo(build-id)=86536433e7d5a205deca926f6f00436b2ff206b1"
3:MPT: (No debugging symbols found in /glade/u/apps/ch/os/lib64/libdl.so.2)
3:MPT: Missing separate debuginfo for /glade/u/apps/ch/os/lib64/librt.so.1
3:MPT: Try: zypper install -C "debuginfo(build-id)=e12cd7e73c31cb8765cba03a3c2f9efc2d043ff8"
3:MPT: (No debugging symbols found in /glade/u/apps/ch/os/lib64/librt.so.1)
3:MPT: Missing separate debuginfo for /glade/u/apps/ch/os/lib64/libpthread.so.0
3:MPT: Try: zypper install -C "debuginfo(build-id)=9fa703da2a52d78cc49877c18843db7b1ad9049b"
3:MPT: (No debugging symbols found in /glade/u/apps/ch/os/lib64/libpthread.so.0)
3:MPT: [Thread debugging using libthread_db enabled]
3:MPT: Using host libthread_db library "/glade/u/apps/ch/os/lib64/libthread_db.so.1".
3:MPT: Missing separate debuginfo for /glade/u/apps/ch/os/usr/lib64/libstdc++.so.6
3:MPT: Try: zypper install -C "debuginfo(build-id)=61af2264d919698714bfc2b7fe9c7a0d352e7b94"
3:MPT: (No debugging symbols found in /glade/u/apps/ch/os/usr/lib64/libstdc++.so.6)
3:MPT: Missing separate debuginfo for /glade/u/apps/ch/os/lib64/libgcc_s.so.1
3:MPT: Try: zypper install -C "debuginfo(build-id)=c7e890ab90e29cffd785bf25e7d90f2f0af3a102"
3:MPT: (No debugging symbols found in /glade/u/apps/ch/os/lib64/libgcc_s.so.1)
3:MPT: Missing separate debuginfo for /glade/u/apps/ch/os/lib64/libc.so.6
3:MPT: Try: zypper install -C "debuginfo(build-id)=72aaaa4006e91624304a210a7f945b61d3d643b4"
3:MPT: (No debugging symbols found in /glade/u/apps/ch/os/lib64/libc.so.6)
3:MPT: (No debugging symbols found in /glade/u/apps/opt/intel/2018u4/compilers_and_libraries/linux/lib/intel64/libimf.so)
3:MPT: (No debugging symbols found in /glade/u/apps/opt/intel/2018u4/compilers_and_libraries/linux/lib/intel64/libsvml.so)
3:MPT: (No debugging symbols found in /glade/u/apps/opt/intel/2018u4/compilers_and_libraries/linux/lib/intel64/libirng.so)
3:MPT: (No debugging symbols found in /glade/u/apps/opt/intel/2018u4/compilers_and_libraries/linux/lib/intel64/libintlc.so.5)
3:MPT: (No debugging symbols found in /lib64/ld-linux-x86-64.so.2)
3:MPT: Missing separate debuginfo for /glade/u/apps/ch/os/usr/lib64/libibverbs.so.1
3:MPT: Try: zypper install -C "debuginfo(build-id)=ad6d98e9e3042e77c051f1f27e971460bf1e428b"
3:MPT: (No debugging symbols found in /glade/u/apps/ch/os/usr/lib64/libibverbs.so.1)
3:MPT: Missing separate debuginfo for /glade/u/apps/ch/os/usr/lib64/libnl-route-3.so.200
3:MPT: Try: zypper install -C "debuginfo(build-id)=4c08f43bb18e99a7df4bad5c4a52bac67ddf9b8d"
3:MPT: (No debugging symbols found in /glade/u/apps/ch/os/usr/lib64/libnl-route-3.so.200)
3:MPT: Missing separate debuginfo for /glade/u/apps/ch/os/usr/lib64/libnl-3.so.200
3:MPT: Try: zypper install -C "debuginfo(build-id)=3ae04b58bd81ea7745dba789d89937e719309568"
3:MPT: (No debugging symbols found in /glade/u/apps/ch/os/usr/lib64/libnl-3.so.200)
3:MPT: Missing separate debuginfo for /glade/u/apps/ch/os/usr/lib64/libmlx4-rdmav2.so
3:MPT: Try: zypper install -C "debuginfo(build-id)=76d8c012144838e4e5466798858289fba2057537"
3:MPT: (No debugging symbols found in /glade/u/apps/ch/os/usr/lib64/libmlx4-rdmav2.so)
3:MPT: Missing separate debuginfo for /glade/u/apps/ch/os/usr/lib64/libmlx5-rdmav2.so
3:MPT: Try: zypper install -C "debuginfo(build-id)=ba8002518966160a27c335e04ce8932989f69056"
3:MPT: (No debugging symbols found in /glade/u/apps/ch/os/usr/lib64/libmlx5-rdmav2.so)
3:MPT: 0x00002b096289b7da in waitpid ()
3:MPT:    from /glade/u/apps/ch/os/lib64/libpthread.so.0
3:MPT: Missing separate debuginfos, use: zypper install glibc-debuginfo-2.22-100.27.3.x86_64
3:MPT: (gdb) #0  0x00002b096289b7da in waitpid ()
3:MPT:    from /glade/u/apps/ch/os/lib64/libpthread.so.0
3:MPT: #1  0x00002b0962fd9db6 in mpi_sgi_system (
3:MPT: #2  MPI_SGI_stacktraceback (
3:MPT:     header=header@entry=0x7ffec74426c0 "MPT ERROR: Rank 3(g:3) received signal SIGSEGV(11).\n\tProcess ID: 39363, Host: r12i3n9, Program: /glade/scratch/dunlap/esmf-test-dev/intel_18.0.5_mpt_g_dushan_dev_info_fix/esmf/test/testg/Linux.intel.6"...) at sig.c:340
3:MPT: #3  0x00002b0962fd9fb2 in first_arriver_handler (signo=signo@entry=11, 
3:MPT:     stack_trace_sem=stack_trace_sem@entry=0x2b0967fe0080) at sig.c:489
3:MPT: #4  0x00002b0962fda34b in slave_sig_handler (signo=11, 
3:MPT:     siginfo=<optimized out>, extra=<optimized out>) at sig.c:564
3:MPT: #5  <signal handler called>
3:MPT: #6  0x00002b095cdbad17 in nlohmann::basic_json<std::map, std::vector, std::string, bool, long, unsigned long, double, std::allocator, nlohmann::adl_serializer>::basic_json (this=0x7ffec74433c8, other=...)
3:MPT:     at /glade/scratch/dunlap/esmf-test-dev/intel_18.0.5_mpt_g_dushan_dev_info_fix/esmf/src/include/json.hpp:16350
3:MPT: #7  0x00002b095d216ad4 in ESMCI::Info::get (this=0x2461830, info=..., key=...)
3:MPT:     at /glade/scratch/dunlap/esmf-test-dev/intel_18.0.5_mpt_g_dushan_dev_info_fix/esmf/src/Infrastructure/Base/src/ESMCI_Info.C:882
3:MPT: #8  0x00002b095d17d4c3 in c_esmc_fieldioaddarray_ (ptr=0x7ffec74437f0, 
3:MPT:     base=0x2b19169cfd80, array=0x7ffec7443fe0, grid=0x7ffec7443818, 
3:MPT:     variableName=0x7ffec7443ed8 "temperature", ' ' <repeats 189 times>..., 
3:MPT:     gblbase=0x2b19169dff80, 
3:MPT:     conventionName=0x5390c4 <__STRLITPACK_265> "Attribute_IO    ", 
3:MPT:     purposeName=0x5390d8 <__STRLITPACK_264> "attributes      ", 
3:MPT:     rc=0x7ffec744378c, varname_l=256, convention_l=16, purpose_l=16)
3:MPT:     at /glade/scratch/dunlap/esmf-test-dev/intel_18.0.5_mpt_g_dushan_dev_info_fix/esmf/src/Infrastructure/Field/interface/ESMCI_Field_F.C:101
3:MPT: #9  0x00002b095de94b3c in esmf_fieldbundlemod::esmf_fieldbundlewrite (
3:MPT:     fieldbundle=..., filename=..., 
3:MPT:     keywordenforcer=<error reading variable: Cannot access memory at address 0x0>, convention=..., purpose=..., 
3:MPT:     singlefile=<error reading variable: Cannot access memory at address 0x0>, 
3:MPT:     overwrite=<error reading variable: Cannot access memory at address 0x0>, 
3:MPT:     status=..., 
3:MPT:     timeslice=<error reading variable: Cannot access memory at address 0x0>, 
3:MPT:     iofmt=..., rc=18, .tmp.FILENAME.len_V$b6e8=9, 
3:MPT:     .tmp.CONVENTION.len_V$b6ec=16, .tmp.PURPOSE.len_V$b6ef=16)
3:MPT:     at /glade/scratch/dunlap/esmf-test-dev/intel_18.0.5_mpt_g_dushan_dev_info_fix/esmf/src/Infrastructure/FieldBundle/src/ESMF_FieldBundle.F90:17655
3:MPT: #10 0x00000000004126f9 in esmf_fieldbundleioutest ()
3:MPT:     at ESMF_FieldBundleIOUTest.F90:348
3:MPT: #11 0x00000000004094de in main ()
3:MPT: #12 0x00002b0963ca2a35 in __libc_start_main ()
3:MPT:    from /glade/u/apps/ch/os/lib64/libc.so.6
3:MPT: #13 0x00000000004093e9 in _start () at ../sysdeps/x86_64/start.S:118
3:MPT: (gdb) A debugging session is active.
3:MPT: 
3:MPT: 	Inferior 1 [process 39363] will be detached.
3:MPT: 
3:MPT: Quit anyway? (y or n) [answered Y; input not from terminal]
3:MPT: Detaching from program: /proc/39363/exe, process 39363
3:MPT: [Inferior 1 (process 39363) detached]
3:
3:MPT: -----stack traceback ends-----
3:MPT: On host r12i3n9, Program /glade/scratch/dunlap/esmf-test-dev/intel_18.0.5_mpt_g_dushan_dev_info_fix/esmf/test/testg/Linux.intel.64.mpt.default/ESMF_FieldBundleIOUTest, Rank 3, Process 39363: Dumping core on signal SIGSEGV(11) into directory /glade/scratch/dunlap/esmf-test-dev/intel_18.0.5_mpt_g_dushan_dev_info_fix/esmf/test/testg/Linux.intel.64.mpt.default
-1:MPT ERROR: MPI_COMM_WORLD rank 3 has terminated without calling MPI_Finalize()
-1:	aborting job
MPT: Received signal 11
