2022-07-21 17:28:13
2:  Beginning Test, file ESMF_FieldBundleSMMUTest.F90, line 57
0:  Beginning Test, file ESMF_FieldBundleSMMUTest.F90, line 57
1:  Beginning Test, file ESMF_FieldBundleSMMUTest.F90, line 57
3:  Beginning Test, file ESMF_FieldBundleSMMUTest.F90, line 57
3:  NUMBER_OF_PROCESSORS           4
0:  NUMBER_OF_PROCESSORS           4
1:  NUMBER_OF_PROCESSORS           4
2:  NUMBER_OF_PROCESSORS           4
2:forrtl: warning (406): fort: (1): In call to GRID_CREATE_NO_PERI_DIM_BY_MAX_INDEX, an array temporary was created for argument #1
2:
2:Image              PC                Routine            Line        Source             
2:ESMF_FieldBundleS  0000000000482B80  Unknown               Unknown  Unknown
2:ESMF_FieldBundleS  0000000000417D26  esmf_fieldbundles         567  ESMF_FieldBundleSMMUTest.F90
2:ESMF_FieldBundleS  0000000000409D22  MAIN__                     67  ESMF_FieldBundleSMMUTest.F90
2:ESMF_FieldBundleS  0000000000409A9E  Unknown               Unknown  Unknown
2:libc-2.22.so       00002B952FFFAA35  __libc_start_main     Unknown  Unknown
2:ESMF_FieldBundleS  00000000004099A9  Unknown               Unknown  Unknown
3:forrtl: warning (406): fort: (1): In call to GRID_CREATE_NO_PERI_DIM_BY_MAX_INDEX, an array temporary was created for argument #1
3:
3:Image              PC                Routine            Line        Source             
3:ESMF_FieldBundleS  0000000000482B80  Unknown               Unknown  Unknown
3:ESMF_FieldBundleS  0000000000417D26  esmf_fieldbundles         567  ESMF_FieldBundleSMMUTest.F90
3:ESMF_FieldBundleS  0000000000409D22  MAIN__                     67  ESMF_FieldBundleSMMUTest.F90
3:ESMF_FieldBundleS  0000000000409A9E  Unknown               Unknown  Unknown
3:libc-2.22.so       00002B952FFFAA35  __libc_start_main     Unknown  Unknown
3:ESMF_FieldBundleS  00000000004099A9  Unknown               Unknown  Unknown
0:forrtl: warning (406): fort: (1): In call to GRID_CREATE_NO_PERI_DIM_BY_MAX_INDEX, an array temporary was created for argument #1
0:
0:Image              PC                Routine            Line        Source             
0:ESMF_FieldBundleS  0000000000482B80  Unknown               Unknown  Unknown
0:ESMF_FieldBundleS  0000000000417D26  esmf_fieldbundles         567  ESMF_FieldBundleSMMUTest.F90
0:ESMF_FieldBundleS  0000000000409D22  MAIN__                     67  ESMF_FieldBundleSMMUTest.F90
0:ESMF_FieldBundleS  0000000000409A9E  Unknown               Unknown  Unknown
0:libc-2.22.so       00002B952FFFAA35  __libc_start_main     Unknown  Unknown
0:ESMF_FieldBundleS  00000000004099A9  Unknown               Unknown  Unknown
1:forrtl: warning (406): fort: (1): In call to GRID_CREATE_NO_PERI_DIM_BY_MAX_INDEX, an array temporary was created for argument #1
1:
1:Image              PC                Routine            Line        Source             
1:ESMF_FieldBundleS  0000000000482B80  Unknown               Unknown  Unknown
1:ESMF_FieldBundleS  0000000000417D26  esmf_fieldbundles         567  ESMF_FieldBundleSMMUTest.F90
1:ESMF_FieldBundleS  0000000000409D22  MAIN__                     67  ESMF_FieldBundleSMMUTest.F90
1:ESMF_FieldBundleS  0000000000409A9E  Unknown               Unknown  Unknown
1:libc-2.22.so       00002B952FFFAA35  __libc_start_main     Unknown  Unknown
1:ESMF_FieldBundleS  00000000004099A9  Unknown               Unknown  Unknown
2:forrtl: warning (406): fort: (1): In call to GRID_CREATE_NO_PERI_DIM_BY_MAX_INDEX, an array temporary was created for argument #1
2:
2:Image              PC                Routine            Line        Source             
2:ESMF_FieldBundleS  0000000000482B80  Unknown               Unknown  Unknown
2:ESMF_FieldBundleS  0000000000418036  esmf_fieldbundles         573  ESMF_FieldBundleSMMUTest.F90
2:ESMF_FieldBundleS  0000000000409D22  MAIN__                     67  ESMF_FieldBundleSMMUTest.F90
2:ESMF_FieldBundleS  0000000000409A9E  Unknown               Unknown  Unknown
2:libc-2.22.so       00002B952FFFAA35  __libc_start_main     Unknown  Unknown
2:ESMF_FieldBundleS  00000000004099A9  Unknown               Unknown  Unknown
3:forrtl: warning (406): fort: (1): In call to GRID_CREATE_NO_PERI_DIM_BY_MAX_INDEX, an array temporary was created for argument #1
3:
3:Image              PC                Routine            Line        Source             
3:ESMF_FieldBundleS  0000000000482B80  Unknown               Unknown  Unknown
3:ESMF_FieldBundleS  0000000000418036  esmf_fieldbundles         573  ESMF_FieldBundleSMMUTest.F90
3:ESMF_FieldBundleS  0000000000409D22  MAIN__                     67  ESMF_FieldBundleSMMUTest.F90
3:ESMF_FieldBundleS  0000000000409A9E  Unknown               Unknown  Unknown
3:libc-2.22.so       00002B952FFFAA35  __libc_start_main     Unknown  Unknown
3:ESMF_FieldBundleS  00000000004099A9  Unknown               Unknown  Unknown
1:forrtl: warning (406): fort: (1): In call to GRID_CREATE_NO_PERI_DIM_BY_MAX_INDEX, an array temporary was created for argument #1
1:
1:Image              PC                Routine            Line        Source             
1:ESMF_FieldBundleS  0000000000482B80  Unknown               Unknown  Unknown
1:ESMF_FieldBundleS  0000000000418036  esmf_fieldbundles         573  ESMF_FieldBundleSMMUTest.F90
1:ESMF_FieldBundleS  0000000000409D22  MAIN__                     67  ESMF_FieldBundleSMMUTest.F90
1:ESMF_FieldBundleS  0000000000409A9E  Unknown               Unknown  Unknown
1:libc-2.22.so       00002B952FFFAA35  __libc_start_main     Unknown  Unknown
1:ESMF_FieldBundleS  00000000004099A9  Unknown               Unknown  Unknown
0:forrtl: warning (406): fort: (1): In call to GRID_CREATE_NO_PERI_DIM_BY_MAX_INDEX, an array temporary was created for argument #1
0:
0:Image              PC                Routine            Line        Source             
0:ESMF_FieldBundleS  0000000000482B80  Unknown               Unknown  Unknown
0:ESMF_FieldBundleS  0000000000418036  esmf_fieldbundles         573  ESMF_FieldBundleSMMUTest.F90
0:ESMF_FieldBundleS  0000000000409D22  MAIN__                     67  ESMF_FieldBundleSMMUTest.F90
0:ESMF_FieldBundleS  0000000000409A9E  Unknown               Unknown  Unknown
0:libc-2.22.so       00002B952FFFAA35  __libc_start_main     Unknown  Unknown
0:ESMF_FieldBundleS  00000000004099A9  Unknown               Unknown  Unknown
0:  PASS  ESMF_FieldBundleSMMStoreFromFile Test, ESMF_FieldBundleSMMUTest.F90, lin
0: e 69
1:  PASS  ESMF_FieldBundleSMMStoreFromFile Test, ESMF_FieldBundleSMMUTest.F90, lin
1: e 69
2:  PASS  ESMF_FieldBundleSMMStoreFromFile Test, ESMF_FieldBundleSMMUTest.F90, lin
2: e 69
3:  PASS  ESMF_FieldBundleSMMStoreFromFile Test, ESMF_FieldBundleSMMUTest.F90, lin
3: e 69
3:forrtl: warning (406): fort: (1): In call to GRID_CREATE_NO_PERI_DIM_BY_MAX_INDEX, an array temporary was created for argument #1
3:
3:Image              PC                Routine            Line        Source             
3:ESMF_FieldBundleS  0000000000482B80  Unknown               Unknown  Unknown
3:ESMF_FieldBundleS  0000000000417D26  esmf_fieldbundles         567  ESMF_FieldBundleSMMUTest.F90
3:ESMF_FieldBundleS  000000000040A069  MAIN__                     80  ESMF_FieldBundleSMMUTest.F90
3:ESMF_FieldBundleS  0000000000409A9E  Unknown               Unknown  Unknown
3:libc-2.22.so       00002B952FFFAA35  __libc_start_main     Unknown  Unknown
3:ESMF_FieldBundleS  00000000004099A9  Unknown               Unknown  Unknown
2:forrtl: warning (406): fort: (1): In call to GRID_CREATE_NO_PERI_DIM_BY_MAX_INDEX, an array temporary was created for argument #1
2:
2:Image              PC                Routine            Line        Source             
2:ESMF_FieldBundleS  0000000000482B80  Unknown               Unknown  Unknown
2:ESMF_FieldBundleS  0000000000417D26  esmf_fieldbundles         567  ESMF_FieldBundleSMMUTest.F90
2:ESMF_FieldBundleS  000000000040A069  MAIN__                     80  ESMF_FieldBundleSMMUTest.F90
2:ESMF_FieldBundleS  0000000000409A9E  Unknown               Unknown  Unknown
2:libc-2.22.so       00002B952FFFAA35  __libc_start_main     Unknown  Unknown
2:ESMF_FieldBundleS  00000000004099A9  Unknown               Unknown  Unknown
0:forrtl: warning (406): fort: (1): In call to GRID_CREATE_NO_PERI_DIM_BY_MAX_INDEX, an array temporary was created for argument #1
0:
0:Image              PC                Routine            Line        Source             
0:ESMF_FieldBundleS  0000000000482B80  Unknown               Unknown  Unknown
0:ESMF_FieldBundleS  0000000000417D26  esmf_fieldbundles         567  ESMF_FieldBundleSMMUTest.F90
0:ESMF_FieldBundleS  000000000040A069  MAIN__                     80  ESMF_FieldBundleSMMUTest.F90
0:ESMF_FieldBundleS  0000000000409A9E  Unknown               Unknown  Unknown
0:libc-2.22.so       00002B952FFFAA35  __libc_start_main     Unknown  Unknown
0:ESMF_FieldBundleS  00000000004099A9  Unknown               Unknown  Unknown
1:forrtl: warning (406): fort: (1): In call to GRID_CREATE_NO_PERI_DIM_BY_MAX_INDEX, an array temporary was created for argument #1
1:
1:Image              PC                Routine            Line        Source             
1:ESMF_FieldBundleS  0000000000482B80  Unknown               Unknown  Unknown
1:ESMF_FieldBundleS  0000000000417D26  esmf_fieldbundles         567  ESMF_FieldBundleSMMUTest.F90
1:ESMF_FieldBundleS  000000000040A069  MAIN__                     80  ESMF_FieldBundleSMMUTest.F90
1:ESMF_FieldBundleS  0000000000409A9E  Unknown               Unknown  Unknown
1:libc-2.22.so       00002B952FFFAA35  __libc_start_main     Unknown  Unknown
1:ESMF_FieldBundleS  00000000004099A9  Unknown               Unknown  Unknown
2:forrtl: warning (406): fort: (1): In call to GRID_CREATE_NO_PERI_DIM_BY_MAX_INDEX, an array temporary was created for argument #1
2:
2:Image              PC                Routine            Line        Source             
2:ESMF_FieldBundleS  0000000000482B80  Unknown               Unknown  Unknown
2:ESMF_FieldBundleS  0000000000418036  esmf_fieldbundles         573  ESMF_FieldBundleSMMUTest.F90
2:ESMF_FieldBundleS  000000000040A069  MAIN__                     80  ESMF_FieldBundleSMMUTest.F90
2:ESMF_FieldBundleS  0000000000409A9E  Unknown               Unknown  Unknown
2:libc-2.22.so       00002B952FFFAA35  __libc_start_main     Unknown  Unknown
2:ESMF_FieldBundleS  00000000004099A9  Unknown               Unknown  Unknown
3:forrtl: warning (406): fort: (1): In call to GRID_CREATE_NO_PERI_DIM_BY_MAX_INDEX, an array temporary was created for argument #1
3:
3:Image              PC                Routine            Line        Source             
3:ESMF_FieldBundleS  0000000000482B80  Unknown               Unknown  Unknown
3:ESMF_FieldBundleS  0000000000418036  esmf_fieldbundles         573  ESMF_FieldBundleSMMUTest.F90
3:ESMF_FieldBundleS  000000000040A069  MAIN__                     80  ESMF_FieldBundleSMMUTest.F90
3:ESMF_FieldBundleS  0000000000409A9E  Unknown               Unknown  Unknown
3:libc-2.22.so       00002B952FFFAA35  __libc_start_main     Unknown  Unknown
3:ESMF_FieldBundleS  00000000004099A9  Unknown               Unknown  Unknown
0:forrtl: warning (406): fort: (1): In call to GRID_CREATE_NO_PERI_DIM_BY_MAX_INDEX, an array temporary was created for argument #1
0:
0:Image              PC                Routine            Line        Source             
0:ESMF_FieldBundleS  0000000000482B80  Unknown               Unknown  Unknown
0:ESMF_FieldBundleS  0000000000418036  esmf_fieldbundles         573  ESMF_FieldBundleSMMUTest.F90
0:ESMF_FieldBundleS  000000000040A069  MAIN__                     80  ESMF_FieldBundleSMMUTest.F90
0:ESMF_FieldBundleS  0000000000409A9E  Unknown               Unknown  Unknown
0:libc-2.22.so       00002B952FFFAA35  __libc_start_main     Unknown  Unknown
0:ESMF_FieldBundleS  00000000004099A9  Unknown               Unknown  Unknown
1:forrtl: warning (406): fort: (1): In call to GRID_CREATE_NO_PERI_DIM_BY_MAX_INDEX, an array temporary was created for argument #1
1:
1:Image              PC                Routine            Line        Source             
1:ESMF_FieldBundleS  0000000000482B80  Unknown               Unknown  Unknown
1:ESMF_FieldBundleS  0000000000418036  esmf_fieldbundles         573  ESMF_FieldBundleSMMUTest.F90
1:ESMF_FieldBundleS  000000000040A069  MAIN__                     80  ESMF_FieldBundleSMMUTest.F90
1:ESMF_FieldBundleS  0000000000409A9E  Unknown               Unknown  Unknown
1:libc-2.22.so       00002B952FFFAA35  __libc_start_main     Unknown  Unknown
1:ESMF_FieldBundleS  00000000004099A9  Unknown               Unknown  Unknown
0:  PASS  ESMF_FieldBundleSMMStoreFromFile Test (srcTermProcessing=(/-1/)), ESMF_F
0: ieldBundleSMMUTest.F90, line 88
1:  PASS  ESMF_FieldBundleSMMStoreFromFile Test (srcTermProcessing=(/-1/)), ESMF_F
1: ieldBundleSMMUTest.F90, line 88
2:  PASS  ESMF_FieldBundleSMMStoreFromFile Test (srcTermProcessing=(/-1/)), ESMF_F
2: ieldBundleSMMUTest.F90, line 88
3:  PASS  ESMF_FieldBundleSMMStoreFromFile Test (srcTermProcessing=(/-1/)), ESMF_F
3: ieldBundleSMMUTest.F90, line 88
3:forrtl: warning (406): fort: (1): In call to GRID_CREATE_NO_PERI_DIM_BY_MAX_INDEX, an array temporary was created for argument #1
3:
3:Image              PC                Routine            Line        Source             
3:ESMF_FieldBundleS  0000000000482B80  Unknown               Unknown  Unknown
3:ESMF_FieldBundleS  000000000041B22D  esmf_fieldbundles         751  ESMF_FieldBundleSMMUTest.F90
3:ESMF_FieldBundleS  000000000040A36B  MAIN__                     99  ESMF_FieldBundleSMMUTest.F90
3:ESMF_FieldBundleS  0000000000409A9E  Unknown               Unknown  Unknown
3:libc-2.22.so       00002B952FFFAA35  __libc_start_main     Unknown  Unknown
3:ESMF_FieldBundleS  00000000004099A9  Unknown               Unknown  Unknown
0:forrtl: warning (406): fort: (1): In call to GRID_CREATE_NO_PERI_DIM_BY_MAX_INDEX, an array temporary was created for argument #1
0:
0:Image              PC                Routine            Line        Source             
0:ESMF_FieldBundleS  0000000000482B80  Unknown               Unknown  Unknown
0:ESMF_FieldBundleS  000000000041B22D  esmf_fieldbundles         751  ESMF_FieldBundleSMMUTest.F90
0:ESMF_FieldBundleS  000000000040A36B  MAIN__                     99  ESMF_FieldBundleSMMUTest.F90
0:ESMF_FieldBundleS  0000000000409A9E  Unknown               Unknown  Unknown
0:libc-2.22.so       00002B952FFFAA35  __libc_start_main     Unknown  Unknown
0:ESMF_FieldBundleS  00000000004099A9  Unknown               Unknown  Unknown
2:forrtl: warning (406): fort: (1): In call to GRID_CREATE_NO_PERI_DIM_BY_MAX_INDEX, an array temporary was created for argument #1
2:
2:Image              PC                Routine            Line        Source             
2:ESMF_FieldBundleS  0000000000482B80  Unknown               Unknown  Unknown
2:ESMF_FieldBundleS  000000000041B22D  esmf_fieldbundles         751  ESMF_FieldBundleSMMUTest.F90
2:ESMF_FieldBundleS  000000000040A36B  MAIN__                     99  ESMF_FieldBundleSMMUTest.F90
2:ESMF_FieldBundleS  0000000000409A9E  Unknown               Unknown  Unknown
2:libc-2.22.so       00002B952FFFAA35  __libc_start_main     Unknown  Unknown
2:ESMF_FieldBundleS  00000000004099A9  Unknown               Unknown  Unknown
1:forrtl: warning (406): fort: (1): In call to GRID_CREATE_NO_PERI_DIM_BY_MAX_INDEX, an array temporary was created for argument #1
1:
1:Image              PC                Routine            Line        Source             
1:ESMF_FieldBundleS  0000000000482B80  Unknown               Unknown  Unknown
1:ESMF_FieldBundleS  000000000041B22D  esmf_fieldbundles         751  ESMF_FieldBundleSMMUTest.F90
1:ESMF_FieldBundleS  000000000040A36B  MAIN__                     99  ESMF_FieldBundleSMMUTest.F90
1:ESMF_FieldBundleS  0000000000409A9E  Unknown               Unknown  Unknown
1:libc-2.22.so       00002B952FFFAA35  __libc_start_main     Unknown  Unknown
1:ESMF_FieldBundleS  00000000004099A9  Unknown               Unknown  Unknown
0:  PASS  ESMF_FieldBundleSMMStore Source Term Processing Test - (/-1, -1/), ESMF_
0: FieldBundleSMMUTest.F90, line 108
1:  PASS  ESMF_FieldBundleSMMStore Source Term Processing Test - (/-1, -1/), ESMF_
1: FieldBundleSMMUTest.F90, line 108
2:  PASS  ESMF_FieldBundleSMMStore Source Term Processing Test - (/-1, -1/), ESMF_
2: FieldBundleSMMUTest.F90, line 108
3:  PASS  ESMF_FieldBundleSMMStore Source Term Processing Test - (/-1, -1/), ESMF_
3: FieldBundleSMMUTest.F90, line 108
3:forrtl: warning (406): fort: (1): In call to GRID_CREATE_NO_PERI_DIM_BY_MAX_INDEX, an array temporary was created for argument #1
3:
3:Image              PC                Routine            Line        Source             
3:ESMF_FieldBundleS  0000000000482B80  Unknown               Unknown  Unknown
3:ESMF_FieldBundleS  000000000041B22D  esmf_fieldbundles         751  ESMF_FieldBundleSMMUTest.F90
3:ESMF_FieldBundleS  000000000040A7D8  MAIN__                    115  ESMF_FieldBundleSMMUTest.F90
3:ESMF_FieldBundleS  0000000000409A9E  Unknown               Unknown  Unknown
3:libc-2.22.so       00002B952FFFAA35  __libc_start_main     Unknown  Unknown
3:ESMF_FieldBundleS  00000000004099A9  Unknown               Unknown  Unknown
2:forrtl: warning (406): fort: (1): In call to GRID_CREATE_NO_PERI_DIM_BY_MAX_INDEX, an array temporary was created for argument #1
2:
2:Image              PC                Routine            Line        Source             
2:ESMF_FieldBundleS  0000000000482B80  Unknown               Unknown  Unknown
2:ESMF_FieldBundleS  000000000041B22D  esmf_fieldbundles         751  ESMF_FieldBundleSMMUTest.F90
2:ESMF_FieldBundleS  000000000040A7D8  MAIN__                    115  ESMF_FieldBundleSMMUTest.F90
2:ESMF_FieldBundleS  0000000000409A9E  Unknown               Unknown  Unknown
2:libc-2.22.so       00002B952FFFAA35  __libc_start_main     Unknown  Unknown
2:ESMF_FieldBundleS  00000000004099A9  Unknown               Unknown  Unknown
1:forrtl: warning (406): fort: (1): In call to GRID_CREATE_NO_PERI_DIM_BY_MAX_INDEX, an array temporary was created for argument #1
1:
1:Image              PC                Routine            Line        Source             
1:ESMF_FieldBundleS  0000000000482B80  Unknown               Unknown  Unknown
1:ESMF_FieldBundleS  000000000041B22D  esmf_fieldbundles         751  ESMF_FieldBundleSMMUTest.F90
1:ESMF_FieldBundleS  000000000040A7D8  MAIN__                    115  ESMF_FieldBundleSMMUTest.F90
1:ESMF_FieldBundleS  0000000000409A9E  Unknown               Unknown  Unknown
1:libc-2.22.so       00002B952FFFAA35  __libc_start_main     Unknown  Unknown
1:ESMF_FieldBundleS  00000000004099A9  Unknown               Unknown  Unknown
0:forrtl: warning (406): fort: (1): In call to GRID_CREATE_NO_PERI_DIM_BY_MAX_INDEX, an array temporary was created for argument #1
0:
0:Image              PC                Routine            Line        Source             
0:ESMF_FieldBundleS  0000000000482B80  Unknown               Unknown  Unknown
0:ESMF_FieldBundleS  000000000041B22D  esmf_fieldbundles         751  ESMF_FieldBundleSMMUTest.F90
0:ESMF_FieldBundleS  000000000040A7D8  MAIN__                    115  ESMF_FieldBundleSMMUTest.F90
0:ESMF_FieldBundleS  0000000000409A9E  Unknown               Unknown  Unknown
0:libc-2.22.so       00002B952FFFAA35  __libc_start_main     Unknown  Unknown
0:ESMF_FieldBundleS  00000000004099A9  Unknown               Unknown  Unknown
1:  PASS  ESMF_FieldBundleSMMStore Source Term Processing Test - (/1, 1/), ESMF_Fi
1: eldBundleSMMUTest.F90, line 116
2:  PASS  ESMF_FieldBundleSMMStore Source Term Processing Test - (/1, 1/), ESMF_Fi
2: eldBundleSMMUTest.F90, line 116
3:  PASS  ESMF_FieldBundleSMMStore Source Term Processing Test - (/1, 1/), ESMF_Fi
3: eldBundleSMMUTest.F90, line 116
0:  PASS  ESMF_FieldBundleSMMStore Source Term Processing Test - (/1, 1/), ESMF_Fi
0: eldBundleSMMUTest.F90, line 116
2:forrtl: warning (406): fort: (1): In call to GRID_CREATE_NO_PERI_DIM_BY_MAX_INDEX, an array temporary was created for argument #1
2:
2:Image              PC                Routine            Line        Source             
2:ESMF_FieldBundleS  0000000000482B80  Unknown               Unknown  Unknown
2:ESMF_FieldBundleS  000000000041B22D  esmf_fieldbundles         751  ESMF_FieldBundleSMMUTest.F90
2:ESMF_FieldBundleS  000000000040AB1F  MAIN__                    123  ESMF_FieldBundleSMMUTest.F90
2:ESMF_FieldBundleS  0000000000409A9E  Unknown               Unknown  Unknown
2:libc-2.22.so       00002B952FFFAA35  __libc_start_main     Unknown  Unknown
2:ESMF_FieldBundleS  00000000004099A9  Unknown               Unknown  Unknown
3:forrtl: warning (406): fort: (1): In call to GRID_CREATE_NO_PERI_DIM_BY_MAX_INDEX, an array temporary was created for argument #1
3:
3:Image              PC                Routine            Line        Source             
3:ESMF_FieldBundleS  0000000000482B80  Unknown               Unknown  Unknown
3:ESMF_FieldBundleS  000000000041B22D  esmf_fieldbundles         751  ESMF_FieldBundleSMMUTest.F90
3:ESMF_FieldBundleS  000000000040AB1F  MAIN__                    123  ESMF_FieldBundleSMMUTest.F90
3:ESMF_FieldBundleS  0000000000409A9E  Unknown               Unknown  Unknown
3:libc-2.22.so       00002B952FFFAA35  __libc_start_main     Unknown  Unknown
3:ESMF_FieldBundleS  00000000004099A9  Unknown               Unknown  Unknown
1:forrtl: warning (406): fort: (1): In call to GRID_CREATE_NO_PERI_DIM_BY_MAX_INDEX, an array temporary was created for argument #1
1:
1:Image              PC                Routine            Line        Source             
1:ESMF_FieldBundleS  0000000000482B80  Unknown               Unknown  Unknown
1:ESMF_FieldBundleS  000000000041B22D  esmf_fieldbundles         751  ESMF_FieldBundleSMMUTest.F90
1:ESMF_FieldBundleS  000000000040AB1F  MAIN__                    123  ESMF_FieldBundleSMMUTest.F90
1:ESMF_FieldBundleS  0000000000409A9E  Unknown               Unknown  Unknown
1:libc-2.22.so       00002B952FFFAA35  __libc_start_main     Unknown  Unknown
1:ESMF_FieldBundleS  00000000004099A9  Unknown               Unknown  Unknown
0:forrtl: warning (406): fort: (1): In call to GRID_CREATE_NO_PERI_DIM_BY_MAX_INDEX, an array temporary was created for argument #1
0:
0:Image              PC                Routine            Line        Source             
0:ESMF_FieldBundleS  0000000000482B80  Unknown               Unknown  Unknown
0:ESMF_FieldBundleS  000000000041B22D  esmf_fieldbundles         751  ESMF_FieldBundleSMMUTest.F90
0:ESMF_FieldBundleS  000000000040AB1F  MAIN__                    123  ESMF_FieldBundleSMMUTest.F90
0:ESMF_FieldBundleS  0000000000409A9E  Unknown               Unknown  Unknown
0:libc-2.22.so       00002B952FFFAA35  __libc_start_main     Unknown  Unknown
0:ESMF_FieldBundleS  00000000004099A9  Unknown               Unknown  Unknown
1:  PASS  ESMF_FieldBundleSMMStore Source Term Processing Test - (/1/), ESMF_Field
1: BundleSMMUTest.F90, line 127
2:  PASS  ESMF_FieldBundleSMMStore Source Term Processing Test - (/1/), ESMF_Field
2: BundleSMMUTest.F90, line 127
3:  PASS  ESMF_FieldBundleSMMStore Source Term Processing Test - (/1/), ESMF_Field
3: BundleSMMUTest.F90, line 127
0:  PASS  ESMF_FieldBundleSMMStore Source Term Processing Test - (/1/), ESMF_Field
0: BundleSMMUTest.F90, line 127
2:  PASS  FieldBundleSMM test using lpe for both src and dst, with halos, ESMF_Fie
2: ldBundleSMMUTest.F90, line 139
0:  PASS  FieldBundleSMM test using lpe for both src and dst, with halos, ESMF_Fie
0: ldBundleSMMUTest.F90, line 139
1:  PASS  FieldBundleSMM test using lpe for both src and dst, with halos, ESMF_Fie
1: ldBundleSMMUTest.F90, line 139
3:  PASS  FieldBundleSMM test using lpe for both src and dst, with halos, ESMF_Fie
3: ldBundleSMMUTest.F90, line 139
0:  PASS  FieldBundleSMM test using lpe for both src and dst, with halos compatibl
0: e, ESMF_FieldBundleSMMUTest.F90, line 146
2:  PASS  FieldBundleSMM test using lpe for both src and dst, with halos compatibl
2: e, ESMF_FieldBundleSMMUTest.F90, line 146
1:  PASS  FieldBundleSMM test using lpe for both src and dst, with halos compatibl
1: e, ESMF_FieldBundleSMMUTest.F90, line 146
3:  PASS  FieldBundleSMM test using lpe for both src and dst, with halos compatibl
3: e, ESMF_FieldBundleSMMUTest.F90, line 146
2:  Ending Test, file ESMF_FieldBundleSMMUTest.F90, line 148
0:  Ending Test, file ESMF_FieldBundleSMMUTest.F90, line 148
1:  Ending Test, file ESMF_FieldBundleSMMUTest.F90, line 148
3:  Ending Test, file ESMF_FieldBundleSMMUTest.F90, line 148
2:  PET           2  Test Elapsed Time    301.454000000000       msec.
0:  PET           0  Test Elapsed Time    296.784000000000       msec.
3:  PET           3  Test Elapsed Time    301.330000000000       msec.
1:  PET           1  Test Elapsed Time    301.410000000000       msec.
