2022-07-21 12:19:10
  Beginning Test, file ESMF_TraceMPIUTest.F90, line 75
  Beginning Test, file ESMF_TraceMPIUTest.F90, line 75
  Beginning Test, file ESMF_TraceMPIUTest.F90, line 75
  Beginning Test, file ESMF_TraceMPIUTest.F90, line 75
  NUMBER_OF_PROCESSORS           4
  NUMBER_OF_PROCESSORS           4
  NUMBER_OF_PROCESSORS           4
  NUMBER_OF_PROCESSORS           4
  PASS  Test trace user region enter, ESMF_TraceMPIUTest.F90, line 97
  PASS  Test trace user region enter, ESMF_TraceMPIUTest.F90, line 97
  PASS  Test trace user region enter, ESMF_TraceMPIUTest.F90, line 97
  PASS  Test trace user region enter, ESMF_TraceMPIUTest.F90, line 97
  PASS  Test trace user region enter, ESMF_TraceMPIUTest.F90, line 114
  PASS  Test trace user region enter, ESMF_TraceMPIUTest.F90, line 114
  PASS  Test trace user region enter, ESMF_TraceMPIUTest.F90, line 114
  PASS  Test trace user region enter, ESMF_TraceMPIUTest.F90, line 114
 MPI_ALLREDUCE returned            4
 MPI_ALLREDUCE returned            4
  PASS  Test trace user region enter, ESMF_TraceMPIUTest.F90, line 125
 MPI_ALLREDUCE returned            4
  PASS  Test trace user region enter, ESMF_TraceMPIUTest.F90, line 125
 MPI_ALLREDUCE returned            4
  PASS  Test trace user region enter, ESMF_TraceMPIUTest.F90, line 125
  PASS  Test trace user region enter, ESMF_TraceMPIUTest.F90, line 125
  PASS  Test trace user region enter, ESMF_TraceMPIUTest.F90, line 138
  PASS  Test trace user region enter, ESMF_TraceMPIUTest.F90, line 138
  PASS  Test trace user region enter, ESMF_TraceMPIUTest.F90, line 138
  PASS  Test trace user region enter, ESMF_TraceMPIUTest.F90, line 138
  PASS  Test trace user region exit, ESMF_TraceMPIUTest.F90, line 149
  PASS  Test trace user region exit, ESMF_TraceMPIUTest.F90, line 149
  PASS  Test trace user region exit, ESMF_TraceMPIUTest.F90, line 149
  PASS  Test trace user region exit, ESMF_TraceMPIUTest.F90, line 149
  PASS  Test trace memory usage, ESMF_TraceMPIUTest.F90, line 157
  PASS  Test trace memory usage, ESMF_TraceMPIUTest.F90, line 157
  PASS  Test trace memory usage, ESMF_TraceMPIUTest.F90, line 157
  PASS  Test trace memory usage, ESMF_TraceMPIUTest.F90, line 157
  PASS  Close trace, ESMF_TraceMPIUTest.F90, line 168
  PASS  Close trace, ESMF_TraceMPIUTest.F90, line 168
  PASS  Close trace, ESMF_TraceMPIUTest.F90, line 168
  PASS  Close trace, ESMF_TraceMPIUTest.F90, line 168
  Ending Test, file ESMF_TraceMPIUTest.F90, line 180
  Ending Test, file ESMF_TraceMPIUTest.F90, line 180
  Ending Test, file ESMF_TraceMPIUTest.F90, line 180
  Ending Test, file ESMF_TraceMPIUTest.F90, line 180
  PET           1  Test Elapsed Time    5000.8080000000000       msec.
  PET           0  Test Elapsed Time    5000.5490000000000       msec.
  PET           2  Test Elapsed Time    5000.8810000000003       msec.
  PET           3  Test Elapsed Time    5000.9439999999995       msec.
