2022-07-21 21:39:26
Beginning Test, file ESMC_CalendarUTest.C, line 41
Beginning Test, file ESMC_CalendarUTest.C, line 41
Beginning Test, file ESMC_CalendarUTest.C, line 41NUMBER_OF_PROCESSORS 4
Beginning Test, file ESMC_CalendarUTest.C, line 41NUMBER_OF_PROCESSORS 4
PASS Create ESMC_Calendar object, ESMC_CalendarUTest.C, line 49
Calendar -------------------------------
name = Gregorian
calkindflag = Gregorian
daysPerMonth = 31 28 Calendar -------------------------------
name = Gregorian
calkindflag = Gregorian
daysPerMonth = 31 28 31 30 31 30 31 31 30 31 30 31 PASS Create ESMC_Calendar object, ESMC_CalendarUTest.C, line 49
31 30 31 30 31 31 30 31 30 31 
monthsPerYear = 12
secondsPerDay = 86400
secondsPerYear = 31536000
daysPerYear = 365
daysPerYeardN = 0
daysPerYeardD = 1
end Calendar ---------------------------


monthsPerYear = 12
secondsPerDay = 86400
secondsPerYear = 31536000
daysPerYear = 365
daysPerYeardN = 0
daysPerYeardD = 1
end Calendar ---------------------------

Beginning Test, file ESMC_CalendarUTest.C, line 41
Beginning Test, file ESMC_CalendarUTest.C, line 41NUMBER_OF_PROCESSORS 4
Beginning Test, file ESMC_CalendarUTest.C, line 41
PASS Print ESMC_Calendar object, ESMC_CalendarUTest.C, line 57
PASS Destroy ESMC_Calendar object, ESMC_CalendarUTest.C, line 65
Ending Test, file ESMC_CalendarUTest.C, line 69
PASS Print ESMC_Calendar object, ESMC_CalendarUTest.C, line 57
PASS Destroy ESMC_Calendar object, ESMC_CalendarUTest.C, line 65
Ending Test, file ESMC_CalendarUTest.C, line 69
Beginning Test, file ESMC_CalendarUTest.C, line 41NUMBER_OF_PROCESSORS 4
PASS Create ESMC_Calendar object, ESMC_CalendarUTest.C, line 49
Calendar -------------------------------
name = Gregorian
calkindflag = Gregorian
daysPerMonth = 31 28 31 30 31 30 31 31 30 31 30 31 
monthsPerYear = 12
secondsPerDay = 86400
secondsPerYear = 31536000
daysPerYear = 365
daysPerYeardN = 0
daysPerYeardD = 1
end Calendar ---------------------------

PASS Create ESMC_Calendar object, ESMC_CalendarUTest.C, line 49
Calendar -------------------------------
name = Gregorian
calkindflag = Gregorian
daysPerMonth = 31 28 31 30 31 30 31 31 30 31 30 PASS Print ESMC_Calendar object, ESMC_CalendarUTest.C, line 57
31 
monthsPerYear = 12
secondsPerDay = 86400
secondsPerYear = 31536000
daysPerYear = 365
daysPerYeardN = 0
daysPerYeardD = 1
end Calendar ---------------------------

PASS Destroy ESMC_Calendar object, ESMC_CalendarUTest.C, line 65
Ending Test, file ESMC_CalendarUTest.C, line 69
PASS Print ESMC_Calendar object, ESMC_CalendarUTest.C, line 57
PASS Destroy ESMC_Calendar object, ESMC_CalendarUTest.C, line 65
Ending Test, file ESMC_CalendarUTest.C, line 69
Ending Test, file ESMC_CalendarUTest.C, line 69 PET 0 Test Elapsed Time 1.056 msec.
Ending Test, file ESMC_CalendarUTest.C, line 69 PET 2 Test Elapsed Time 1.227 msec.
Ending Test, file ESMC_CalendarUTest.C, line 69 PET 3 Test Elapsed Time 1.263 msec.
Ending Test, file ESMC_CalendarUTest.C, line 69 PET 1 Test Elapsed Time 1.393 msec.
