2022-07-21 21:39:26
  Beginning Test, file ESMF_ArrayRedistPerfUTest.F90, line 75
  NUMBER_OF_PROCESSORS           6
  Beginning Test, file ESMF_ArrayRedistPerfUTest.F90, line 75
  Beginning Test, file ESMF_ArrayRedistPerfUTest.F90, line 75
  Beginning Test, file ESMF_ArrayRedistPerfUTest.F90, line 75
  NUMBER_OF_PROCESSORS           6
  Beginning Test, file ESMF_ArrayRedistPerfUTest.F90, line 75
  NUMBER_OF_PROCESSORS           6
  Beginning Test, file ESMF_ArrayRedistPerfUTest.F90, line 75
  NUMBER_OF_PROCESSORS           6
  NUMBER_OF_PROCESSORS           6
  NUMBER_OF_PROCESSORS           6
  PASS  GridCreate on src side - Test, ESMF_ArrayRedistPerfUTest.F90, line 104
  PASS  GridCreate on src side - Test, ESMF_ArrayRedistPerfUTest.F90, line 104
  PASS  GridCreate on src side - Test, ESMF_ArrayRedistPerfUTest.F90, line 104
  PASS  GridCreate on src side - Test, ESMF_ArrayRedistPerfUTest.F90, line 104
  PASS  FieldCreate on src side - Test, ESMF_ArrayRedistPerfUTest.F90, line 111
  PASS  FieldCreate on src side - Test, ESMF_ArrayRedistPerfUTest.F90, line 111
  PASS  FieldCreate on src side - Test, ESMF_ArrayRedistPerfUTest.F90, line 111
  PASS  FieldCreate on src side - Test, ESMF_ArrayRedistPerfUTest.F90, line 111
  PASS  FieldFill on src side - Test, ESMF_ArrayRedistPerfUTest.F90, line 118
  PASS  Get srcArray - Test, ESMF_ArrayRedistPerfUTest.F90, line 125
  PASS  FieldFill on src side - Test, ESMF_ArrayRedistPerfUTest.F90, line 118
  PASS  FieldFill on src side - Test, ESMF_ArrayRedistPerfUTest.F90, line 118
  PASS  Get srcArray - Test, ESMF_ArrayRedistPerfUTest.F90, line 125
  PASS  Get srcArray - Test, ESMF_ArrayRedistPerfUTest.F90, line 125
  PASS  FieldFill on src side - Test, ESMF_ArrayRedistPerfUTest.F90, line 118
  PASS  Get srcArray - Test, ESMF_ArrayRedistPerfUTest.F90, line 125
  PASS  GridCreate on src side - Test, ESMF_ArrayRedistPerfUTest.F90, line 104
  PASS  GridCreate on src side - Test, ESMF_ArrayRedistPerfUTest.F90, line 104
  PASS  FieldCreate on src side - Test, ESMF_ArrayRedistPerfUTest.F90, line 111
  PASS  FieldCreate on src side - Test, ESMF_ArrayRedistPerfUTest.F90, line 111
  PASS  GridCreate on dst side - Test, ESMF_ArrayRedistPerfUTest.F90, line 136
  PASS  GridCreate on dst side - Test, ESMF_ArrayRedistPerfUTest.F90, line 136
  PASS  GridCreate on dst side - Test, ESMF_ArrayRedistPerfUTest.F90, line 136
  PASS  GridCreate on dst side - Test, ESMF_ArrayRedistPerfUTest.F90, line 136
  PASS  FieldCreate on dst side - Test, ESMF_ArrayRedistPerfUTest.F90, line 143
  PASS  FieldCreate on dst side - Test, ESMF_ArrayRedistPerfUTest.F90, line 143
  PASS  FieldCreate on dst side - Test, ESMF_ArrayRedistPerfUTest.F90, line 143
  PASS  FieldCreate on dst side - Test, ESMF_ArrayRedistPerfUTest.F90, line 143
  PASS  FieldFill on dst side - Test, ESMF_ArrayRedistPerfUTest.F90, line 150
  PASS  Get dstArray - Test, ESMF_ArrayRedistPerfUTest.F90, line 157
  PASS  FieldFill on dst side - Test, ESMF_ArrayRedistPerfUTest.F90, line 150
  PASS  FieldFill on dst side - Test, ESMF_ArrayRedistPerfUTest.F90, line 150
  PASS  Get dstArray - Test, ESMF_ArrayRedistPerfUTest.F90, line 157
  PASS  Get dstArray - Test, ESMF_ArrayRedistPerfUTest.F90, line 157
  PASS  FieldFill on dst side - Test, ESMF_ArrayRedistPerfUTest.F90, line 150
  PASS  Get dstArray - Test, ESMF_ArrayRedistPerfUTest.F90, line 157
  PASS  FieldCreate on dst side for tstArray - Test, ESMF_ArrayRedistPerfUTest.F
 90, line 164
  PASS  FieldCreate on dst side for tstArray - Test, ESMF_ArrayRedistPerfUTest.F
 90, line 164
  PASS  FieldCreate on dst side for tstArray - Test, ESMF_ArrayRedistPerfUTest.F
 90, line 164
  PASS  FieldCreate on dst side for tstArray - Test, ESMF_ArrayRedistPerfUTest.F
 90, line 164
  PASS  FieldFill on src side - Test, ESMF_ArrayRedistPerfUTest.F90, line 118
  PASS  Get srcArray - Test, ESMF_ArrayRedistPerfUTest.F90, line 125
  PASS  FieldFill on src side - Test, ESMF_ArrayRedistPerfUTest.F90, line 118
  PASS  Get srcArray - Test, ESMF_ArrayRedistPerfUTest.F90, line 125
  PASS  FieldFill on dst side for tstArray - Test, ESMF_ArrayRedistPerfUTest.F90
 , line 171
  PASS  Get tstArray - Test, ESMF_ArrayRedistPerfUTest.F90, line 178
  PASS  FieldFill on dst side for tstArray - Test, ESMF_ArrayRedistPerfUTest.F90
 , line 171
  PASS  Get tstArray - Test, ESMF_ArrayRedistPerfUTest.F90, line 178
  PASS  FieldFill on dst side for tstArray - Test, ESMF_ArrayRedistPerfUTest.F90
 , line 171
  PASS  FieldFill on dst side for tstArray - Test, ESMF_ArrayRedistPerfUTest.F90
 , line 171
  PASS  Get tstArray - Test, ESMF_ArrayRedistPerfUTest.F90, line 178
  PASS  Get tstArray - Test, ESMF_ArrayRedistPerfUTest.F90, line 178
  PASS  GridCreate on dst side - Test, ESMF_ArrayRedistPerfUTest.F90, line 136
  PASS  GridCreate on dst side - Test, ESMF_ArrayRedistPerfUTest.F90, line 136
  PASS  FieldCreate on dst side - Test, ESMF_ArrayRedistPerfUTest.F90, line 143
  PASS  FieldCreate on dst side - Test, ESMF_ArrayRedistPerfUTest.F90, line 143
  PASS  FieldFill on dst side - Test, ESMF_ArrayRedistPerfUTest.F90, line 150
  PASS  Get dstArray - Test, ESMF_ArrayRedistPerfUTest.F90, line 157
  PASS  FieldCreate on dst side for tstArray - Test, ESMF_ArrayRedistPerfUTest.F
 90, line 164
  PASS  FieldFill on dst side - Test, ESMF_ArrayRedistPerfUTest.F90, line 150
  PASS  Get dstArray - Test, ESMF_ArrayRedistPerfUTest.F90, line 157
  PASS  FieldCreate on dst side for tstArray - Test, ESMF_ArrayRedistPerfUTest.F
 90, line 164
  PASS  FieldFill on dst side for tstArray - Test, ESMF_ArrayRedistPerfUTest.F90
 , line 171
  PASS  Get tstArray - Test, ESMF_ArrayRedistPerfUTest.F90, line 178
  PASS  FieldFill on dst side for tstArray - Test, ESMF_ArrayRedistPerfUTest.F90
 , line 171
  PASS  Get tstArray - Test, ESMF_ArrayRedistPerfUTest.F90, line 178
  PASS  ArrayRedistStore() - Test, ESMF_ArrayRedistPerfUTest.F90, line 188
  PASS  ArrayRedistStore() - Test, ESMF_ArrayRedistPerfUTest.F90, line 188
  PASS  ArrayRedistStore() - Test, ESMF_ArrayRedistPerfUTest.F90, line 188
  PASS  ArrayRedistStore() - Test, ESMF_ArrayRedistPerfUTest.F90, line 188
  PASS  ArrayRedistStore() - Test, ESMF_ArrayRedistPerfUTest.F90, line 188
  PASS  ArrayRedistStore() - Test, ESMF_ArrayRedistPerfUTest.F90, line 188
  PASS  ArrayRedist() - Test, ESMF_ArrayRedistPerfUTest.F90, line 198
  PASS  ArrayRedist() - Test, ESMF_ArrayRedistPerfUTest.F90, line 198
  PASS  ArrayRedist() - Test, ESMF_ArrayRedistPerfUTest.F90, line 198
  PASS  ArrayRedist() - Test, ESMF_ArrayRedistPerfUTest.F90, line 198
  PASS  ArrayRedist() - Test, ESMF_ArrayRedistPerfUTest.F90, line 198
  PASS  Get data pointer into dstArray - Test, ESMF_ArrayRedistPerfUTest.F90, li
 ne 205
  PASS  Get data pointer into dstArray - Test, ESMF_ArrayRedistPerfUTest.F90, li
 ne 205
  PASS  Get data pointer into tstArray - Test, ESMF_ArrayRedistPerfUTest.F90, li
 ne 212
  PASS  ArrayRedist() - Test, ESMF_ArrayRedistPerfUTest.F90, line 198
  PASS  Get data pointer into dstArray - Test, ESMF_ArrayRedistPerfUTest.F90, li
 ne 205
  PASS  Get data pointer into tstArray - Test, ESMF_ArrayRedistPerfUTest.F90, li
 ne 212
  PASS  Get data pointer into dstArray - Test, ESMF_ArrayRedistPerfUTest.F90, li
 ne 205
  PASS  Get data pointer into dstArray - Test, ESMF_ArrayRedistPerfUTest.F90, li
 ne 205
  PASS  Get data pointer into tstArray - Test, ESMF_ArrayRedistPerfUTest.F90, li
 ne 212
  PASS  Get data pointer into dstArray - Test, ESMF_ArrayRedistPerfUTest.F90, li
 ne 205
  PASS  Get data pointer into tstArray - Test, ESMF_ArrayRedistPerfUTest.F90, li
 ne 212
  PASS  Get data pointer into tstArray - Test, ESMF_ArrayRedistPerfUTest.F90, li
 ne 212
  PASS  Get data pointer into tstArray - Test, ESMF_ArrayRedistPerfUTest.F90, li
 ne 212
  PASS  Check dst data - Test, ESMF_ArrayRedistPerfUTest.F90, line 229
  PASS  Check dst data - Test, ESMF_ArrayRedistPerfUTest.F90, line 229
  PASS  Check dst data - Test, ESMF_ArrayRedistPerfUTest.F90, line 229
  PASS  Check ArrayRedistStore() performance - Test, ESMF_ArrayRedistPerfUTest.F
 90, line 243
  PASS  Check ArrayRedistStore() performance - Test, ESMF_ArrayRedistPerfUTest.F
 90, line 243
  PASS  Check dst data - Test, ESMF_ArrayRedistPerfUTest.F90, line 229
  PASS  Check ArrayRedist() performance - Test, ESMF_ArrayRedistPerfUTest.F90, l
 ine 257
  Ending Test, file ESMF_ArrayRedistPerfUTest.F90, line 266
  PASS  Check ArrayRedist() performance - Test, ESMF_ArrayRedistPerfUTest.F90, l
 ine 257
  Ending Test, file ESMF_ArrayRedistPerfUTest.F90, line 266
  PASS  Check ArrayRedistStore() performance - Test, ESMF_ArrayRedistPerfUTest.F
 90, line 243
  PASS  Check ArrayRedistStore() performance - Test, ESMF_ArrayRedistPerfUTest.F
 90, line 243
  PASS  Check ArrayRedist() performance - Test, ESMF_ArrayRedistPerfUTest.F90, l
 ine 257
  PASS  Check dst data - Test, ESMF_ArrayRedistPerfUTest.F90, line 229
  Ending Test, file ESMF_ArrayRedistPerfUTest.F90, line 266
  PASS  Check ArrayRedist() performance - Test, ESMF_ArrayRedistPerfUTest.F90, l
 ine 257
  Ending Test, file ESMF_ArrayRedistPerfUTest.F90, line 266
  PASS  Check dst data - Test, ESMF_ArrayRedistPerfUTest.F90, line 229
  PASS  Check ArrayRedistStore() performance - Test, ESMF_ArrayRedistPerfUTest.F
 90, line 243
  PASS  Check ArrayRedist() performance - Test, ESMF_ArrayRedistPerfUTest.F90, l
 ine 257
  Ending Test, file ESMF_ArrayRedistPerfUTest.F90, line 266
  PASS  Check ArrayRedistStore() performance - Test, ESMF_ArrayRedistPerfUTest.F
 90, line 243
  PASS  Check ArrayRedist() performance - Test, ESMF_ArrayRedistPerfUTest.F90, l
 ine 257
  Ending Test, file ESMF_ArrayRedistPerfUTest.F90, line 266
  PET           2  Test Elapsed Time    2289.86200000000       msec.
  PET           1  Test Elapsed Time    2290.08800000000       msec.
  PET           3  Test Elapsed Time    2290.07000000000       msec.
  PET           4  Test Elapsed Time    2290.10100000000       msec.
  PET           0  Test Elapsed Time    2290.26600000000       msec.
  PET           5  Test Elapsed Time    2290.77300000000       msec.
