2022-07-20 14:33:35
  Beginning Test, file ESMF_AttributeUpdateUTest.F90, line 593
  Beginning Test, file ESMF_AttributeUpdateUTest.F90, line 593
  NUMBER_OF_PROCESSORS           4
  Beginning Test, file ESMF_AttributeUpdateUTest.F90, line 593
  NUMBER_OF_PROCESSORS           4
  Beginning Test, file ESMF_AttributeUpdateUTest.F90, line 593
  NUMBER_OF_PROCESSORS           4
  NUMBER_OF_PROCESSORS           4
  PASS  Getting an updated Attribute value from a Field test, ESMF_AttributeUpda
 teUTest.F90, line 684
  PASS  Getting an updated Attribute value from a Field test, ESMF_AttributeUpda
 teUTest.F90, line 684
  PASS  Getting an updated Attribute package Attribute value from a Field test, 
 ESMF_AttributeUpdateUTest.F90, line 695
  PASS  Getting an updated Attribute value from a Field test, ESMF_AttributeUpda
 teUTest.F90, line 684
  PASS  Getting an updated Attribute package Attribute value from a Field test, 
 ESMF_AttributeUpdateUTest.F90, line 695
  PASS  Getting an updated Attribute package Attribute value from Field test, ES
 MF_AttributeUpdateUTest.F90, line 704
  PASS  Getting an updated Attribute value from a Field test, ESMF_AttributeUpda
 teUTest.F90, line 684
  PASS  Getting an updated Attribute package Attribute value from a Field test, 
 ESMF_AttributeUpdateUTest.F90, line 695
  PASS  Getting an updated Attribute package Attribute value from Field test, ES
 MF_AttributeUpdateUTest.F90, line 704
  PASS  Getting an updated Attribute package Attribute value from a Field test, 
 ESMF_AttributeUpdateUTest.F90, line 695
  PASS  Getting an updated Attribute package Attribute value from Field test, ES
 MF_AttributeUpdateUTest.F90, line 704
  PASS  Getting an updated deleted Attribute value from a Field test, ESMF_Attri
 buteUpdateUTest.F90, line 712
  PASS  Getting an updated Attribute package Attribute value from Field test, ES
 MF_AttributeUpdateUTest.F90, line 704
  PASS  Getting an updated deleted Attribute value from a Field test, ESMF_Attri
 buteUpdateUTest.F90, line 712
  PASS  Getting a lone Attribute from a Field test: value = Lone Attribute, ESMF
 _AttributeUpdateUTest.F90, line 719
  PASS  Getting a lone Attribute from a Field test: value = Lone Attribute, ESMF
 _AttributeUpdateUTest.F90, line 719
  PASS  Getting an updated deleted Attribute value from a Field test, ESMF_Attri
 buteUpdateUTest.F90, line 712
  PASS  Getting an updated deleted Attribute value from a Field test, ESMF_Attri
 buteUpdateUTest.F90, line 712
  PASS  Getting a lone Attribute from a Field test: value = Lone Attribute, ESMF
 _AttributeUpdateUTest.F90, line 719
  PASS  Getting a lone Attribute from a Field test: value = Lone Attribute, ESMF
 _AttributeUpdateUTest.F90, line 719
  Ending Test, file ESMF_AttributeUpdateUTest.F90, line 744
  Ending Test, file ESMF_AttributeUpdateUTest.F90, line 744
  Ending Test, file ESMF_AttributeUpdateUTest.F90, line 744
  Ending Test, file ESMF_AttributeUpdateUTest.F90, line 744
  PET           1  Test Elapsed Time    16.2090000000000       msec.
  PET           3  Test Elapsed Time    16.2590000000000       msec.
  PET           2  Test Elapsed Time    15.8450000000000       msec.
  PET           0  Test Elapsed Time    15.4930000000000       msec.
