2022-07-20 14:33:35
  Beginning Test, file ESMF_AttributeUpdateContainerStressUTest.F90, line 792
  Beginning Test, file ESMF_AttributeUpdateContainerStressUTest.F90, line 792
  Beginning Test, file ESMF_AttributeUpdateContainerStressUTest.F90, line 792
  NUMBER_OF_PROCESSORS           4
  Beginning Test, file ESMF_AttributeUpdateContainerStressUTest.F90, line 792
  NUMBER_OF_PROCESSORS           4
  NUMBER_OF_PROCESSORS           4
  NUMBER_OF_PROCESSORS           4
  PASS  Testing for correct value on field2, ESMF_AttributeUpdateContainerStress
 UTest.F90, line 893
  PASS  Testing for correct value on field2, ESMF_AttributeUpdateContainerStress
 UTest.F90, line 893
  PASS  Testing for correct value on field2, ESMF_AttributeUpdateContainerStress
 UTest.F90, line 893
  PASS  Testing for correct value on field3, ESMF_AttributeUpdateContainerStress
 UTest.F90, line 905
  PASS  Testing for correct value on field6, ESMF_AttributeUpdateContainerStress
 UTest.F90, line 917
  PASS  Testing for correct value on field2, ESMF_AttributeUpdateContainerStress
 UTest.F90, line 893
  PASS  Testing for correct value on field7, ESMF_AttributeUpdateContainerStress
 UTest.F90, line 932
  PASS  Testing for correct value on field8, ESMF_AttributeUpdateContainerStress
 UTest.F90, line 945
  PASS  Testing for correct value on field3, ESMF_AttributeUpdateContainerStress
 UTest.F90, line 905
  PASS  Testing for correct value on field6, ESMF_AttributeUpdateContainerStress
 UTest.F90, line 917
  Ending Test, file ESMF_AttributeUpdateContainerStressUTest.F90, line 974
  PASS  Testing for correct value on field7, ESMF_AttributeUpdateContainerStress
 UTest.F90, line 932
  PASS  Testing for correct value on field8, ESMF_AttributeUpdateContainerStress
 UTest.F90, line 945
  Ending Test, file ESMF_AttributeUpdateContainerStressUTest.F90, line 974
  PASS  Testing for correct value on field3, ESMF_AttributeUpdateContainerStress
 UTest.F90, line 905
  PASS  Testing for correct value on field6, ESMF_AttributeUpdateContainerStress
 UTest.F90, line 917
  PASS  Testing for correct value on field3, ESMF_AttributeUpdateContainerStress
 UTest.F90, line 905
  PASS  Testing for correct value on field7, ESMF_AttributeUpdateContainerStress
 UTest.F90, line 932
  PASS  Testing for correct value on field6, ESMF_AttributeUpdateContainerStress
 UTest.F90, line 917
  PASS  Testing for correct value on field8, ESMF_AttributeUpdateContainerStress
 UTest.F90, line 945
  PASS  Testing for correct value on field7, ESMF_AttributeUpdateContainerStress
 UTest.F90, line 932
  Ending Test, file ESMF_AttributeUpdateContainerStressUTest.F90, line 974
  PASS  Testing for correct value on field8, ESMF_AttributeUpdateContainerStress
 UTest.F90, line 945
  Ending Test, file ESMF_AttributeUpdateContainerStressUTest.F90, line 974
  PET           2  Test Elapsed Time    24.0280000000000       msec.
  PET           3  Test Elapsed Time    23.8020000000000       msec.
  PET           0  Test Elapsed Time    24.0030000000000       msec.
  PET           1  Test Elapsed Time    25.4550000000000       msec.
