2022-07-22 14:31:52
srun: cluster configuration lacks support for cpu binding
Beginning Test, file ESMC_FieldSMMFromFileUTest.C, line 41
Beginning Test, file ESMC_FieldSMMFromFileUTest.C, line 41NUMBER_OF_PROCESSORS 4
Beginning Test, file ESMC_FieldSMMFromFileUTest.C, line 41
Beginning Test, file ESMC_FieldSMMFromFileUTest.C, line 41NUMBER_OF_PROCESSORS 4
Beginning Test, file ESMC_FieldSMMFromFileUTest.C, line 41
Beginning Test, file ESMC_FieldSMMFromFileUTest.C, line 41NUMBER_OF_PROCESSORS 4
Beginning Test, file ESMC_FieldSMMFromFileUTest.C, line 41
Beginning Test, file ESMC_FieldSMMFromFileUTest.C, line 41NUMBER_OF_PROCESSORS 4
PASS ESMC_FieldRegridStoreFile test, ESMC_FieldSMMFromFileUTest.C, line 202
PASS ESMC_FieldRegridStoreFile test, ESMC_FieldSMMFromFileUTest.C, line 202
PASS ESMC_FieldSMMStore from File test, ESMC_FieldSMMFromFileUTest.C, line 224
PASS ESMC_FieldSMMStore From File validation, ESMC_FieldSMMFromFileUTest.C, line 244
PASS ESMC_FieldRegridStoreFile test, ESMC_FieldSMMFromFileUTest.C, line 202
PASS ESMC_FieldRegridStoreFile test, ESMC_FieldSMMFromFileUTest.C, line 202
PASS ESMC_FieldSMMStore from File test, ESMC_FieldSMMFromFileUTest.C, line 224
PASS ESMC_FieldSMMStore From File validation, ESMC_FieldSMMFromFileUTest.C, line 244
PASS ESMC_FieldRegridRelease, ESMC_FieldSMMFromFileUTest.C, line 274
PASS ESMC_FieldSMMStore from File test, ESMC_FieldSMMFromFileUTest.C, line 224
PASS ESMC_FieldSMMStore From File validation, ESMC_FieldSMMFromFileUTest.C, line 244
PASS ESMC_FieldRegridRelease, ESMC_FieldSMMFromFileUTest.C, line 274
Ending Test, file ESMC_FieldSMMFromFileUTest.C, line 289
PASS ESMC_FieldRegridRelease, ESMC_FieldSMMFromFileUTest.C, line 274
PASS ESMC_FieldSMMStore from File test, ESMC_FieldSMMFromFileUTest.C, line 224
Ending Test, file ESMC_FieldSMMFromFileUTest.C, line 289
PASS ESMC_FieldSMMStore From File validation, ESMC_FieldSMMFromFileUTest.C, line 244
PASS ESMC_FieldRegridRelease, ESMC_FieldSMMFromFileUTest.C, line 274
Ending Test, file ESMC_FieldSMMFromFileUTest.C, line 289
Ending Test, file ESMC_FieldSMMFromFileUTest.C, line 289
Ending Test, file ESMC_FieldSMMFromFileUTest.C, line 289 PET 1 Test Elapsed Time 58.316 msec.
Ending Test, file ESMC_FieldSMMFromFileUTest.C, line 289 PET 3 Test Elapsed Time 57.805 msec.
Ending Test, file ESMC_FieldSMMFromFileUTest.C, line 289 PET 0 Test Elapsed Time 58.335 msec.
Ending Test, file ESMC_FieldSMMFromFileUTest.C, line 289 PET 2 Test Elapsed Time 57.532 msec.
