2022-07-22 14:31:52
srun: cluster configuration lacks support for cpu binding
 --------------------------------------- 
 Start of  System Test ESMF_RecursiveComponentSTest
 --------------------------------------- 
 --------------------------------------- 
 --------------------------------------- 
 Start of  System Test ESMF_RecursiveComponentSTest
 --------------------------------------- 
 --------------------------------------- 
 Start of  System Test ESMF_RecursiveComponentSTest
 --------------------------------------- 
 Start of  System Test ESMF_RecursiveComponentSTest
 --------------------------------------- 
 --------------------------------------- 
 Start of  System Test ESMF_RecursiveComponentSTest
 --------------------------------------- 
 --------------------------------------- 
 Start of  System Test ESMF_RecursiveComponentSTest
 --------------------------------------- 
 Run() method before recursive call
 Gridded Component:
  Component name = component012345
 Run() method before recursive call
 Gridded Component:
  Component name = component012
 Run() method before recursive call
 Gridded Component:
  Component name = component0
 Run() method after recursive call
 Gridded Component:
 Run() method before recursive call
 Gridded Component:
  Component name = component012345
 Run() method before recursive call
 Gridded Component:
  Component name = component012
 Run() method before recursive call
 Gridded Component:
  Component name = component12
 Run() method after recursive call
 Gridded Component:
  Component name = component12
 Run() method after recursive call
 Gridded Component:
  Component name = component012
 Run() method after recursive call
 Gridded Component:
  Component name = component012345
  Component name = component0
 Run() method after recursive call
 Gridded Component:
 Run() method before recursive call
 Gridded Component:
  Component name = component012345
 Run() method before recursive call
  System Test ESMF_RecursiveComponentSTest                                                                                                                                                                                                                        complete.
  PASS  System Test ESMF_RecursiveComponentSTest, ESMF_RecursiveComponentSTest.F90, line 238
 Gridded Component:
  Component name = component345
 Run() method before recursive call
 Gridded Component:
  Component name = component0
 Run() method after recursive call
 Gridded Component:
  Component name = component0
 Run() method after recursive call
 Gridded Component:
  Component name = component345
 Run() method after recursive call
 Gridded Component:
  Component name = component012345
 ------------------------------------------------------------
 ------------------------------------------------------------
 Test finished, localPet =            2
 ------------------------------------------------------------
 ------------------------------------------------------------
  Component name = component012
 Run() method after recursive call
 Gridded Component:
  Component name = component012345
  System Test ESMF_RecursiveComponentSTest                                                                                                                                                                                                                        complete.
 Run() method before recursive call
 Gridded Component:
  Component name = component012345
  System Test ESMF_RecursiveComponentSTest                                                                                                                                                                                                                        complete.
 Run() method before recursive call
 Gridded Component:
  Component name = component012
 Run() method before recursive call
 Gridded Component:
  Component name = component12
 Run() method after recursive call
 Gridded Component:
  Component name = component12
 Run() method after recursive call
 Gridded Component:
  Component name = component012
 Run() method after recursive call
 Gridded Component:
  Component name = component012345
 Run() method before recursive call
 Gridded Component:
  Component name = component012345
 Run() method before recursive call
 Gridded Component:
  Component name = component345
 Run() method before recursive call
 Gridded Component:
 Run() method before recursive call
 Gridded Component:
  Component name = component012345
 Run() method before recursive call
 Gridded Component:
  Component name = component345
 Run() method before recursive call
 Gridded Component:
  Component name = component12
 Run() method after recursive call
 Gridded Component:
  Component name = component12
 Run() method after recursive call
 Gridded Component:
  Component name = component345
 Run() method after recursive call
 Gridded Component:
  Component name = component012345
  PASS  System Test ESMF_RecursiveComponentSTest, ESMF_RecursiveComponentSTest.F90, line 238
 ------------------------------------------------------------
 ------------------------------------------------------------
 Test finished, localPet =            0
 ------------------------------------------------------------
 ------------------------------------------------------------
 
  System Test ESMF_RecursiveComponentSTest
  SUCCESS:  System Test ESMF_RecursiveComponentSTest finished correctly.
 
  Component name = component12
 Run() method after recursive call
 Gridded Component:
  Component name = component12
 Run() method after recursive call
 Gridded Component:
  Component name = component345
 Run() method after recursive call
 Gridded Component:
  Component name = component012345
  PASS  System Test ESMF_RecursiveComponentSTest, ESMF_RecursiveComponentSTest.F90, line 238
  System Test ESMF_RecursiveComponentSTest                                                                                                                                                                                                                        complete.
 ------------------------------------------------------------
  PASS  System Test ESMF_RecursiveComponentSTest, ESMF_RecursiveComponentSTest.F90, line 238
 ------------------------------------------------------------
 ------------------------------------------------------------
 Test finished, localPet =            1
 ------------------------------------------------------------
  System Test ESMF_RecursiveComponentSTest                                                                                                                                                                                                                        complete.
  PASS  System Test ESMF_RecursiveComponentSTest, ESMF_RecursiveComponentSTest.F90, line 238
  System Test ESMF_RecursiveComponentSTest                                                                                                                                                                                                                        complete.
  PASS  System Test ESMF_RecursiveComponentSTest, ESMF_RecursiveComponentSTest.F90, line 238
 ------------------------------------------------------------
 ------------------------------------------------------------
 Test finished, localPet =            5
 ------------------------------------------------------------
 ------------------------------------------------------------
 ------------------------------------------------------------
 ------------------------------------------------------------
 ------------------------------------------------------------
 Test finished, localPet =            4
 ------------------------------------------------------------
 ------------------------------------------------------------
 ------------------------------------------------------------
 Test finished, localPet =            3
 ------------------------------------------------------------
 ------------------------------------------------------------
