2022-07-15 14:13:09
Name: scicomp	  Convention: customconvention2	  Purpose: custompurpose2	


