2022-07-15 14:13:09
Beginning Test, file ESMC_MBMesh_UtilUTest.C, line 131
Beginning Test, file ESMC_MBMesh_UtilUTest.C, line 131NUMBER_OF_PROCESSORS 4
Beginning Test, file ESMC_MBMesh_UtilUTest.C, line 131
Beginning Test, file ESMC_MBMesh_UtilUTest.C, line 131NUMBER_OF_PROCESSORS 4
PASS Throw an error from the MBMesh, ESMC_MBMesh_UtilUTest.C, line 160
PASS Test ESMC_MeshSetMOAB, ESMC_MBMesh_UtilUTest.C, line 173
PASS Test ESMC_MeshGetMOAB, ESMC_MBMesh_UtilUTest.C, line 186
PASS Throw an error from the MBMesh, ESMC_MBMesh_UtilUTest.C, line 160
Ending Test, file ESMC_MBMesh_UtilUTest.C, line 191
PASS Test ESMC_MeshSetMOAB, ESMC_MBMesh_UtilUTest.C, line 173
PASS Test ESMC_MeshGetMOAB, ESMC_MBMesh_UtilUTest.C, line 186
Ending Test, file ESMC_MBMesh_UtilUTest.C, line 191
Beginning Test, file ESMC_MBMesh_UtilUTest.C, line 131
Beginning Test, file ESMC_MBMesh_UtilUTest.C, line 131NUMBER_OF_PROCESSORS 4
PASS Throw an error from the MBMesh, ESMC_MBMesh_UtilUTest.C, line 160
PASS Test ESMC_MeshSetMOAB, ESMC_MBMesh_UtilUTest.C, line 173
PASS Test ESMC_MeshGetMOAB, ESMC_MBMesh_UtilUTest.C, line 186
Ending Test, file ESMC_MBMesh_UtilUTest.C, line 191
Beginning Test, file ESMC_MBMesh_UtilUTest.C, line 131
Beginning Test, file ESMC_MBMesh_UtilUTest.C, line 131NUMBER_OF_PROCESSORS 4
PASS Throw an error from the MBMesh, ESMC_MBMesh_UtilUTest.C, line 160
PASS Test ESMC_MeshSetMOAB, ESMC_MBMesh_UtilUTest.C, line 173
PASS Test ESMC_MeshGetMOAB, ESMC_MBMesh_UtilUTest.C, line 186
Ending Test, file ESMC_MBMesh_UtilUTest.C, line 191
Ending Test, file ESMC_MBMesh_UtilUTest.C, line 191 PET 1 Test Elapsed Time 51.314 msec.
Ending Test, file ESMC_MBMesh_UtilUTest.C, line 191 PET 0 Test Elapsed Time 51.225 msec.
Ending Test, file ESMC_MBMesh_UtilUTest.C, line 191 PET 2 Test Elapsed Time 50.355 msec.
Ending Test, file ESMC_MBMesh_UtilUTest.C, line 191 PET 3 Test Elapsed Time 49.685 msec.
