2022-07-21 20:17:41
[1658435089.708251] [h12c07:107050:0]         mxm.c:196  MXM  WARN  The 'ulimit -s' on the system is set to 'unlimited'. This may have negative performance implications. Please set the stack size to the default value (10240) 
[1658435089.708300] [h12c07:107048:0]         mxm.c:196  MXM  WARN  The 'ulimit -s' on the system is set to 'unlimited'. This may have negative performance implications. Please set the stack size to the default value (10240) 
[1658435089.713659] [h12c07:107050:0]         mxm.c:196  MXM  WARN  The 'ulimit -s' on the system is set to 'unlimited'. This may have negative performance implications. Please set the stack size to the default value (10240) 
[1658435089.713679] [h12c07:107048:0]         mxm.c:196  MXM  WARN  The 'ulimit -s' on the system is set to 'unlimited'. This may have negative performance implications. Please set the stack size to the default value (10240) 
[1658435089.715531] [h12c07:107049:0]         mxm.c:196  MXM  WARN  The 'ulimit -s' on the system is set to 'unlimited'. This may have negative performance implications. Please set the stack size to the default value (10240) 
[1658435089.715519] [h12c07:107051:0]         mxm.c:196  MXM  WARN  The 'ulimit -s' on the system is set to 'unlimited'. This may have negative performance implications. Please set the stack size to the default value (10240) 
[1658435089.721797] [h12c07:107051:0]         mxm.c:196  MXM  WARN  The 'ulimit -s' on the system is set to 'unlimited'. This may have negative performance implications. Please set the stack size to the default value (10240) 
[1658435089.721850] [h12c07:107049:0]         mxm.c:196  MXM  WARN  The 'ulimit -s' on the system is set to 'unlimited'. This may have negative performance implications. Please set the stack size to the default value (10240) 
Beginning Test, file ESMCI_ExceptionsUTest.C, line 63
Beginning Test, file ESMCI_ExceptionsUTest.C, line 63NUMBER_OF_PROCESSORS 4
PASS Bare throw Test, ESMCI_ExceptionsUTest.C, line 76
PASS Deep throw Test, ESMCI_ExceptionsUTest.C, line 89
PASS ClassNoDestructor throw Test, ESMCI_ExceptionsUTest.C, line 102
PASS ClassWithDestructor throw Test, ESMCI_ExceptionsUTest.C, line 115
Ending Test, file ESMCI_ExceptionsUTest.C, line 119
Beginning Test, file ESMCI_ExceptionsUTest.C, line 63
Beginning Test, file ESMCI_ExceptionsUTest.C, line 63NUMBER_OF_PROCESSORS 4
PASS Bare throw Test, ESMCI_ExceptionsUTest.C, line 76
PASS Deep throw Test, ESMCI_ExceptionsUTest.C, line 89
PASS ClassNoDestructor throw Test, ESMCI_ExceptionsUTest.C, line 102
PASS ClassWithDestructor throw Test, ESMCI_ExceptionsUTest.C, line 115
Ending Test, file ESMCI_ExceptionsUTest.C, line 119
Beginning Test, file ESMCI_ExceptionsUTest.C, line 63
Beginning Test, file ESMCI_ExceptionsUTest.C, line 63
Beginning Test, file ESMCI_ExceptionsUTest.C, line 63NUMBER_OF_PROCESSORS 4
Beginning Test, file ESMCI_ExceptionsUTest.C, line 63NUMBER_OF_PROCESSORS 4
PASS Bare throw Test, ESMCI_ExceptionsUTest.C, line 76
PASS Bare throw Test, ESMCI_ExceptionsUTest.C, line 76
PASS Deep throw Test, ESMCI_ExceptionsUTest.C, line 89
PASS Deep throw Test, ESMCI_ExceptionsUTest.C, line 89
PASS ClassNoDestructor throw Test, ESMCI_ExceptionsUTest.C, line 102
PASS ClassWithDestructor throw Test, ESMCI_ExceptionsUTest.C, line 115
PASS ClassNoDestructor throw Test, ESMCI_ExceptionsUTest.C, line 102
PASS ClassWithDestructor throw Test, ESMCI_ExceptionsUTest.C, line 115
Ending Test, file ESMCI_ExceptionsUTest.C, line 119
Ending Test, file ESMCI_ExceptionsUTest.C, line 119
Ending Test, file ESMCI_ExceptionsUTest.C, line 119 PET 2 Test Elapsed Time 60.571 msec.
Ending Test, file ESMCI_ExceptionsUTest.C, line 119 PET 0 Test Elapsed Time 60.245 msec.
Ending Test, file ESMCI_ExceptionsUTest.C, line 119 PET 3 Test Elapsed Time 60.417 msec.
Ending Test, file ESMCI_ExceptionsUTest.C, line 119 PET 1 Test Elapsed Time 61.005 msec.
