2022-07-21 20:17:41
 -------------------------------------------------- 
 Start of System Test FieldLSRedistArb2ArbUngrdDim:
 -------------------------------------------------- 
 -------------------------------------------------- 
 Start of System Test FieldLSRedistArb2ArbUngrdDim:
 -------------------------------------------------- 
 -------------------------------------------------- 
 Start of System Test FieldLSRedistArb2ArbUngrdDim:
 -------------------------------------------------- 
 -------------------------------------------------- 
 Start of System Test FieldLSRedistArb2ArbUngrdDim:
 -------------------------------------------------- 
 -------------------------------------------------- 
 Start of System Test FieldLSRedistArb2ArbUngrdDim:
 -------------------------------------------------- 
 -------------------------------------------------- 
 Start of System Test FieldLSRedistArb2ArbUngrdDim:
 -------------------------------------------------- 
[1658435607.802155] [h12c07:200385:0]         mxm.c:196  MXM  WARN  The 'ulimit -s' on the system is set to 'unlimited'. This may have negative performance implications. Please set the stack size to the default value (10240) 
[1658435607.802327] [h12c07:200384:0]         mxm.c:196  MXM  WARN  The 'ulimit -s' on the system is set to 'unlimited'. This may have negative performance implications. Please set the stack size to the default value (10240) 
[1658435607.802374] [h12c07:200382:0]         mxm.c:196  MXM  WARN  The 'ulimit -s' on the system is set to 'unlimited'. This may have negative performance implications. Please set the stack size to the default value (10240) 
[1658435607.802442] [h12c07:200386:0]         mxm.c:196  MXM  WARN  The 'ulimit -s' on the system is set to 'unlimited'. This may have negative performance implications. Please set the stack size to the default value (10240) 
[1658435607.805304] [h12c07:200383:0]         mxm.c:196  MXM  WARN  The 'ulimit -s' on the system is set to 'unlimited'. This may have negative performance implications. Please set the stack size to the default value (10240) 
[1658435607.807594] [h12c07:200385:0]         mxm.c:196  MXM  WARN  The 'ulimit -s' on the system is set to 'unlimited'. This may have negative performance implications. Please set the stack size to the default value (10240) 
[1658435607.807905] [h12c07:200384:0]         mxm.c:196  MXM  WARN  The 'ulimit -s' on the system is set to 'unlimited'. This may have negative performance implications. Please set the stack size to the default value (10240) 
[1658435607.808020] [h12c07:200386:0]         mxm.c:196  MXM  WARN  The 'ulimit -s' on the system is set to 'unlimited'. This may have negative performance implications. Please set the stack size to the default value (10240) 
[1658435607.808038] [h12c07:200382:0]         mxm.c:196  MXM  WARN  The 'ulimit -s' on the system is set to 'unlimited'. This may have negative performance implications. Please set the stack size to the default value (10240) 
[1658435607.809845] [h12c07:200387:0]         mxm.c:196  MXM  WARN  The 'ulimit -s' on the system is set to 'unlimited'. This may have negative performance implications. Please set the stack size to the default value (10240) 
[1658435607.811354] [h12c07:200383:0]         mxm.c:196  MXM  WARN  The 'ulimit -s' on the system is set to 'unlimited'. This may have negative performance implications. Please set the stack size to the default value (10240) 
[1658435607.816106] [h12c07:200387:0]         mxm.c:196  MXM  WARN  The 'ulimit -s' on the system is set to 'unlimited'. This may have negative performance implications. Please set the stack size to the default value (10240) 
 Created component user model 1rc =           0
 Created component user model 1rc =           0
 Created component user model 1rc =           0
 Created component user model 1rc =           0
 Created component user model 1rc =           0
 Created component user model 1rc =           0
 Created component user model 2rc =           0
 Created component user model 2rc =           0
 Created component user model 2rc =           0
 Created component user model 2rc =           0
 Created component user model 2rc =           0
 Created component user one-way coupler, rc =           0
 Comp Creates finished
 Created component user model 2rc =           0
 Created component user one-way coupler, rc =           0
 Comp Creates finished
 Created component user one-way coupler, rc =           0
 Comp Creates finished
 Created component user one-way coupler, rc =           0
 Comp Creates finished
 Created component user one-way coupler, rc =           0
 Comp Creates finished
 Created component user one-way coupler, rc =           0
 Comp Creates finished
 Comp SetServices finished, rc=            0           0
 Comp SetServices finished, rc=            0           0
 in user register routine
 in user register routine
 in user register routine
 in user register routine
 Registered Initialize, Run, and Finalize routines
 In user register routine
 Registered Initialize, Run, and Finalize routines
 Comp SetServices finished, rc=            0           0
 Registered Initialize, Run, and Finalize routines
 Comp SetServices finished, rc=            0           0
 Registered Initialize, Run, and Finalize routines
 Comp SetServices finished, rc=            0           0
 Comp SetServices finished, rc=            0           0
 Registered Initialize, Run, and Finalize routines
 Comp SetServices finished, rc=            0           0
 Comp SetServices finished, rc=            0           0
 In user register routine
 Registered Initialize, Run, and Finalize routines
 Comp SetServices finished, rc=            0           0
 Comp SetServices finished, rc=            0           0
 Comp SetServices finished, rc=            0           0
 Comp SetServices finished, rc=            0           0
 in user setservices routine
 Registered Initialize, Run, and Finalize routines
 in user setservices routine
 Registered Initialize, Run, and Finalize routines
 in user setservices routine
 Registered Initialize, Run, and Finalize routines
 Comp SetServices finished, rc=            0           0
 in user setservices routine
 Registered Initialize, Run, and Finalize routines
 Comp SetServices finished, rc=            0           0
 Comp SetServices finished, rc=            0           0
 in user setservices routine
 Registered Initialize, Run, and Finalize routines
 Comp SetServices finished, rc=            0           0
 Comp SetServices finished, rc=            0           0
 in user setservices routine
 Registered Initialize, Run, and Finalize routines
 Comp SetServices finished, rc=            0           0
 Comp 1 Initialize finished, rc =           0
           0 User Comp 1 Init starting
           2 User Comp 1 Init starting
           3 User Comp 1 Init starting
           0 User Comp 2 Init starting
           1 User Comp 1 Init starting
 Comp 1 Initialize finished, rc =           0
           1 User Comp 2 Init starting
           0 User Comp 2 Init returning
 Comp 2 Initialize finished, rc =           0
           0 User Comp 1 Init returning
 Comp 1 Initialize finished, rc =           0
           2 User Comp 1 Init returning
 Comp 1 Initialize finished, rc =           0
 Comp 2 Initialize finished, rc =           0
 User Coupler Init starting
 User Coupler Init starting
 Comp 2 Initialize finished, rc =           0
 User Coupler Init starting
           3 User Comp 1 Init returning
 Comp 1 Initialize finished, rc =           0
 Comp 2 Initialize finished, rc =           0
 User Coupler Init starting
           1 User Comp 2 Init returning
 Comp 2 Initialize finished, rc =           0
           1 User Comp 1 Init returning
 Comp 1 Initialize finished, rc =           0
 Comp 2 Initialize finished, rc =           0
 User Coupler Init starting
 User Coupler Init starting
 Import State contains            1  items.
 Export State contains            1  items.
 Import State contains            1  items.
 Export State contains            1  items.
 Import State contains            1  items.
 Export State contains            1  items.
 Import State contains            1  items.
 Export State contains            1  items.
 Import State contains            1  items.
 Export State contains            1  items.
 Import State contains            1  items.
 Export State contains            1  items.
 User Coupler Init returning
 Coupler Initialize finished, rc =           0
 User Coupler Init returning
 Coupler Initialize finished, rc =           0
 User Coupler Init returning
 Coupler Initialize finished, rc =           0
 User Comp Run starting
 User Comp Run returning
 User Coupler Init returning
 Coupler Initialize finished, rc =           0
 User Comp Run starting
 User Comp Run returning
 Comp 1 Run returned, rc =           0
 User Coupler Run starting
 User Comp Run starting
 User Comp Run returning
 Comp 1 Run returned, rc =           0
 User Coupler Run starting
 User Coupler Run returning
 Coupler Run returned, rc =           0
 User Coupler Init returning
 Coupler Initialize finished, rc =           0
 Comp 1 Run returned, rc =           0
 User Coupler Run starting
 User Coupler Init returning
 Coupler Initialize finished, rc =           0
 Comp 1 Run returned, rc =           0
 User Coupler Run starting
 User Comp Run starting
 User Comp Run returning
 Comp 1 Run returned, rc =           0
 User Coupler Run starting
 User Coupler Run returning
 Coupler Run returned, rc =           0
 Comp 2 Run returned, rc =           0
 Comp 1 Run returned, rc =           0
 User Coupler Run starting
 User Coupler Run returning
 Coupler Run returned, rc =           0
 Comp 2 Run returned, rc =           0
 Comp 2 Run returned, rc =           0
 User Comp Final starting
 User Comp Final starting
 User Comp Final starting
 User Comp Final returning
 User Comp Final returning
 Comp 1 Finalize finished, rc =           0           0
 Comp 2 Finalize finished, rc =           0           0
 Comp 1 Finalize finished, rc =           0           0
 Comp 2 Finalize finished, rc =           0           0
 User Coupler Final starting
 User Coupler Final starting
 User Comp Final returning
 Comp 1 Finalize finished, rc =           0           0
 Comp 2 Finalize finished, rc =           0           0
 User Coupler Final starting
 User Coupler Final returning
 Coupler Finalize finished, rc =           0           0
 ------------------------------------------------------------
 ------------------------------------------------------------
 Test finished, pet_id =            0
 User Coupler Final returning
 Coupler Finalize finished, rc =           0           0
 ------------------------------------------------------------
 ------------------------------------------------------------
 Test finished, pet_id =            2
 User Coupler Final returning
 Coupler Finalize finished, rc =           0           0
 ------------------------------------------------------------
 ------------------------------------------------------------
 Test finished, pet_id =            3
 ------------------------------------------------------------
 ------------------------------------------------------------
 Comp Finalize returned
 ------------------------------------------------------------
 ------------------------------------------------------------
 Comp Finalize returned
 ------------------------------------------------------------
 ------------------------------------------------------------
 Comp Finalize returned
 All Destroy routines done
 System Test FieldLSRedistArb2ArbUngrdDim complete.
 All Destroy routines done
 System Test FieldLSRedistArb2ArbUngrdDim complete.
 All Destroy routines done
 System Test FieldLSRedistArb2ArbUngrdDim complete.
  PASS  System Test FieldLSRedistArb2ArbUngrdDim: LocStream based FieldRedist, ESMF_FieldLSRedistArb2ArbUngrdDimSTest.F90, line 395
  PASS  System Test FieldLSRedistArb2ArbUngrdDim: LocStream based FieldRedist, ESMF_FieldLSRedistArb2ArbUngrdDimSTest.F90, line 395
  PASS  System Test FieldLSRedistArb2ArbUngrdDim: LocStream based FieldRedist, ESMF_FieldLSRedistArb2ArbUngrdDimSTest.F90, line 395
 User Coupler Run returning
 Coupler Run returned, rc =           0
           1 User Comp Run starting
 User Coupler Run returning
 Coupler Run returned, rc =           0
 Comp 2 Run returned, rc =           0
 User Comp Final starting
 User Coupler Run returning
 Coupler Run returned, rc =           0
           0 User Comp Run starting
 User Comp Final returning
 Comp 1 Finalize finished, rc =           0           0
 Comp 2 Finalize finished, rc =           0           0
 User Coupler Final starting
           0 User Comp Run returning
 User Coupler Final returning
 Coupler Finalize finished, rc =           0           0
 ------------------------------------------------------------
 Comp 2 Run returned, rc =           0
 Comp 1 Finalize finished, rc =           0           0
           0 User Comp Final starting
 ------------------------------------------------------------
 Test finished, pet_id =            1
 ------------------------------------------------------------
 ------------------------------------------------------------
 Comp Finalize returned
           0 User Comp Final returning
 Comp 2 Finalize finished, rc =           0           0
 User Coupler Final starting
           1 User Comp Run returning
 Comp 2 Run returned, rc =           0
 User Coupler Final returning
 Coupler Finalize finished, rc =           0           0
 ------------------------------------------------------------
 ------------------------------------------------------------
 Comp 1 Finalize finished, rc =           0           0
 Test finished, pet_id =            4
 ------------------------------------------------------------
 ------------------------------------------------------------
 Comp Finalize returned
           1 User Comp Final starting
 All Destroy routines done
 System Test FieldLSRedistArb2ArbUngrdDim complete.
           1 User Comp Final returning
 Comp 2 Finalize finished, rc =           0           0
 All Destroy routines done
 System Test FieldLSRedistArb2ArbUngrdDim complete.
  PASS  System Test FieldLSRedistArb2ArbUngrdDim: LocStream based FieldRedist, ESMF_FieldLSRedistArb2ArbUngrdDimSTest.F90, line 395
 User Coupler Final starting
 User Coupler Final returning
  PASS  System Test FieldLSRedistArb2ArbUngrdDim: LocStream based FieldRedist, ESMF_FieldLSRedistArb2ArbUngrdDimSTest.F90, line 395
 Coupler Finalize finished, rc =           0           0
 ------------------------------------------------------------
 ------------------------------------------------------------
 Test finished, pet_id =            5
 ------------------------------------------------------------
 ------------------------------------------------------------
 Comp Finalize returned
 All Destroy routines done
 System Test FieldLSRedistArb2ArbUngrdDim complete.
  PASS  System Test FieldLSRedistArb2ArbUngrdDim: LocStream based FieldRedist, ESMF_FieldLSRedistArb2ArbUngrdDimSTest.F90, line 395
