2022-07-21 20:17:41
[1658435387.748122] [h12c07:170094:0]         mxm.c:196  MXM  WARN  The 'ulimit -s' on the system is set to 'unlimited'. This may have negative performance implications. Please set the stack size to the default value (10240) 
[1658435387.748133] [h12c07:170096:0]         mxm.c:196  MXM  WARN  The 'ulimit -s' on the system is set to 'unlimited'. This may have negative performance implications. Please set the stack size to the default value (10240) 
[1658435387.748384] [h12c07:170093:0]         mxm.c:196  MXM  WARN  The 'ulimit -s' on the system is set to 'unlimited'. This may have negative performance implications. Please set the stack size to the default value (10240) 
[1658435387.748571] [h12c07:170095:0]         mxm.c:196  MXM  WARN  The 'ulimit -s' on the system is set to 'unlimited'. This may have negative performance implications. Please set the stack size to the default value (10240) 
[1658435387.753518] [h12c07:170094:0]         mxm.c:196  MXM  WARN  The 'ulimit -s' on the system is set to 'unlimited'. This may have negative performance implications. Please set the stack size to the default value (10240) 
[1658435387.753546] [h12c07:170096:0]         mxm.c:196  MXM  WARN  The 'ulimit -s' on the system is set to 'unlimited'. This may have negative performance implications. Please set the stack size to the default value (10240) 
[1658435387.753940] [h12c07:170093:0]         mxm.c:196  MXM  WARN  The 'ulimit -s' on the system is set to 'unlimited'. This may have negative performance implications. Please set the stack size to the default value (10240) 
[1658435387.754070] [h12c07:170095:0]         mxm.c:196  MXM  WARN  The 'ulimit -s' on the system is set to 'unlimited'. This may have negative performance implications. Please set the stack size to the default value (10240) 
  Beginning Test, file ESMF_FileRegridUTest.F90, line 63
  NUMBER_OF_PROCESSORS           4
  Beginning Test, file ESMF_FileRegridUTest.F90, line 63
  NUMBER_OF_PROCESSORS           4
  Beginning Test, file ESMF_FileRegridUTest.F90, line 63
  NUMBER_OF_PROCESSORS           4
  Beginning Test, file ESMF_FileRegridUTest.F90, line 63
  NUMBER_OF_PROCESSORS           4
  PASS  FileRegrid bilinear Test using UGRID, ESMF_FileRegridUTest.F90, line 96
  PASS  FileRegrid bilinear Test using UGRID, ESMF_FileRegridUTest.F90, line 96
  PASS  FileRegrid bilinear Test using UGRID, ESMF_FileRegridUTest.F90, line 96
  PASS  FileRegridCheck bilinear Test using UGRID, ESMF_FileRegridUTest.F90, line 112
  PASS  FileRegridCheck bilinear Test using UGRID, ESMF_FileRegridUTest.F90, line 112
  PASS  FileRegridCheck bilinear Test using UGRID, ESMF_FileRegridUTest.F90, line 112
  PASS  FileRegrid neareststod Test using UGRID files with data on node, ESMF_FileRegridUTest.F90, line 133
  PASS  FileRegridCheck neareststod Test using UGRID with data no node, ESMF_FileRegridUTest.F90, line 148
  PASS  FileRegrid bilinear Test using UGRID, ESMF_FileRegridUTest.F90, line 96
  PASS  FileRegridCheck bilinear Test using UGRID, ESMF_FileRegridUTest.F90, line 112
  PASS  FileRegrid neareststod Test using UGRID files with data on node, ESMF_FileRegridUTest.F90, line 133
  PASS  FileRegridCheck neareststod Test using UGRID with data no node, ESMF_FileRegridUTest.F90, line 148
  PASS  FileRegrid neareststod Test using UGRID files with data on node, ESMF_FileRegridUTest.F90, line 133
  PASS  FileRegridCheck neareststod Test using UGRID with data no node, ESMF_FileRegridUTest.F90, line 148
  PASS  FileRegrid conserve using UGRID files with data on element, ESMF_FileRegridUTest.F90, line 171
  PASS  FileRegrid conserve using UGRID files with data on element, ESMF_FileRegridUTest.F90, line 171
  PASS  FileRegrid neareststod Test using UGRID files with data on node, ESMF_FileRegridUTest.F90, line 133
  PASS  FileRegridCheck neareststod Test using UGRID with data no node, ESMF_FileRegridUTest.F90, line 148
  PASS  FileRegrid conserve using UGRID files with data on element, ESMF_FileRegridUTest.F90, line 171
  PASS  FileRegridCheck conserve Test using UGRID with data on element, ESMF_FileRegridUTest.F90, line 186
  PASS  FileRegrid conserve using UGRID files with data on element, ESMF_FileRegridUTest.F90, line 171
  PASS  FileRegridCheck conserve Test using UGRID with data on element, ESMF_FileRegridUTest.F90, line 186
  Ending Test, file ESMF_FileRegridUTest.F90, line 192
  PASS  FileRegridCheck conserve Test using UGRID with data on element, ESMF_FileRegridUTest.F90, line 186
  Ending Test, file ESMF_FileRegridUTest.F90, line 192
  PASS  FileRegridCheck conserve Test using UGRID with data on element, ESMF_FileRegridUTest.F90, line 186
  Ending Test, file ESMF_FileRegridUTest.F90, line 192
  Ending Test, file ESMF_FileRegridUTest.F90, line 192
  PET           0  Test Elapsed Time    14.893000000000004       msec.
  PET           2  Test Elapsed Time    15.055000000000000       msec.
  PET           1  Test Elapsed Time    16.724000000000004       msec.
  PET           3  Test Elapsed Time    16.425999999999995       msec.
